 
****************************************
Report : timing
        -path full
        -delay max
        -max_paths 1
Design : axi_mpu_REGION_NUM16_PIPELINE0
Version: V-2023.12-SP3
Date   : Thu Sep 10 02:26:52 2026
****************************************

 # A fanout number of 1000 was used for high fanout net computations.

Operating Conditions: tt_nominal_max_1p00v_25c   Library: sc9_cmos28lp_base_hvt_tt_nominal_max_1p00v_25c
Wire Load Model Mode: top

  Startpoint: u_write/state_reg[2]
              (rising edge-triggered flip-flop clocked by clk)
  Endpoint: u_csr/field_storage_reg[VIOL_ADDR_HI][addr_hi][value][13]
            (rising edge-triggered flip-flop clocked by clk)
  Path Group: clk
  Path Type: max

  Des/Clust/Port     Wire Load Model       Library
  ------------------------------------------------
  axi_mpu_REGION_NUM16_PIPELINE0
                     Small                 sc9_cmos28lp_base_hvt_tt_nominal_max_1p00v_25c

  Point                                                   Incr       Path
  --------------------------------------------------------------------------
  clock clk (rise edge)                                   0.00       0.00
  clock network delay (ideal)                             0.00       0.00
  u_write/state_reg[2]/CK (DFFRPQ_X4M_A9TH)               0.00 #     0.00 r
  u_write/state_reg[2]/Q (DFFRPQ_X4M_A9TH)                0.13       0.13 r
  u_write/U44/Y (NAND3BB_X6M_A9TH)                        0.06       0.19 r
  u_write/U18/Y (INV_X9M_A9TH)                            0.02       0.21 f
  u_write/U32/Y (AND2_X6B_A9TH)                           0.04       0.25 f
  u_write/pe_len[5] (axi_mpu_write_ADDR_WIDTH48_DATA_WIDTH128_ID_WIDTH8_WRITE_OUTSTANDING8_MASTER_ID_WIDTH4)
                                                          0.00       0.25 f
  U191/Y (AND2_X8M_A9TH)                                  0.04       0.29 f
  U320/Y (AO22_X6M_A9TH)                                  0.07       0.36 f
  u_perm/req_len[5] (axi_mpu_permission_48_8_4_16_1_1_1)
                                                          0.00       0.36 f
  u_perm/add_78_C124/A[5] (axi_mpu_permission_48_8_4_16_1_1_1_DW01_inc_10)
                                                          0.00       0.36 f
  u_perm/add_78_C124/U16/Y (NAND3_X3M_A9TH)               0.04       0.40 r
  u_perm/add_78_C124/U28/Y (NOR2_X6A_A9TH)                0.03       0.43 f
  u_perm/add_78_C124/U37/Y (XNOR2_X4M_A9TH)               0.05       0.47 f
  u_perm/add_78_C124/SUM[6] (axi_mpu_permission_48_8_4_16_1_1_1_DW01_inc_10)
                                                          0.00       0.47 f
  u_perm/mult_78_C124/B[6] (axi_mpu_permission_48_8_4_16_1_1_1_DW02_mult_0)
                                                          0.00       0.47 f
  u_perm/mult_78_C124/U21/Y (AND2_X11B_A9TH)              0.06       0.53 f
  u_perm/mult_78_C124/U80/Y (NAND2_X6B_A9TH)              0.02       0.55 r
  u_perm/mult_78_C124/U170/Y (INV_X6M_A9TH)               0.01       0.56 f
  u_perm/mult_78_C124/S2_2_6/CO (ADDF_X2M_A9TH)           0.10       0.67 f
  u_perm/mult_78_C124/U188/Y (XOR3_X2M_A9TH)              0.13       0.79 f
  u_perm/mult_78_C124/S2_4_5/CO (ADDF_X1M_A9TH)           0.10       0.89 f
  u_perm/mult_78_C124/S2_5_5/CO (ADDF_X1M_A9TH)           0.11       1.00 f
  u_perm/mult_78_C124/S2_6_5/CO (ADDF_X1M_A9TH)           0.11       1.11 f
  u_perm/mult_78_C124/S2_7_5/S (ADDF_X2M_A9TH)            0.15       1.25 r
  u_perm/mult_78_C124/U278/Y (XOR2_X4M_A9TH)              0.07       1.32 r
  u_perm/mult_78_C124/U293/Y (XOR2_X4M_A9TH)              0.08       1.40 r
  u_perm/mult_78_C124/U253/Y (INV_X2M_A9TH)               0.04       1.44 f
  u_perm/mult_78_C124/U172/Y (NAND2_X4B_A9TH)             0.03       1.46 r
  u_perm/mult_78_C124/U267/Y (NAND2_X6M_A9TH)             0.02       1.49 f
  u_perm/mult_78_C124/U208/Y (AND2_X11B_A9TH)             0.04       1.53 f
  u_perm/mult_78_C124/U159/Y (AND2_X11B_A9TH)             0.04       1.57 f
  u_perm/mult_78_C124/U237/Y (AND2_X11M_A9TH)             0.04       1.62 f
  u_perm/mult_78_C124/U8/Y (AND2_X11M_A9TH)               0.04       1.66 f
  u_perm/mult_78_C124/U96/Y (AND2_X6M_A9TH)               0.05       1.70 f
  u_perm/mult_78_C124/U249/Y (AND2_X8M_A9TH)              0.05       1.75 f
  u_perm/mult_78_C124/U204/Y (AND2_X8M_A9TH)              0.05       1.79 f
  u_perm/mult_78_C124/U302/Y (XOR2_X4M_A9TH)              0.04       1.83 r
  u_perm/mult_78_C124/U232/Y (XOR2_X4M_A9TH)              0.07       1.90 r
  u_perm/mult_78_C124/PRODUCT[19] (axi_mpu_permission_48_8_4_16_1_1_1_DW02_mult_0)
                                                          0.00       1.90 r
  u_perm/U429/Y (BUFH_X9M_A9TH)                           0.05       1.95 r
  u_perm/r341/A[19] (axi_mpu_permission_48_8_4_16_1_1_1_DW01_dec_7)
                                                          0.00       1.95 r
  u_perm/r341/U21/Y (NOR2_X8B_A9TH)                       0.02       1.98 f
  u_perm/r341/U24/Y (NAND2XB_X8M_A9TH)                    0.03       2.00 r
  u_perm/r341/U58/Y (OR2_X11M_A9TH)                       0.04       2.05 r
  u_perm/r341/U59/Y (OR2_X11M_A9TH)                       0.04       2.09 r
  u_perm/r341/U56/Y (NOR2_X3M_A9TH)                       0.03       2.12 f
  u_perm/r341/U37/Y (XOR2_X4M_A9TH)                       0.05       2.17 f
  u_perm/r341/SUM[23] (axi_mpu_permission_48_8_4_16_1_1_1_DW01_dec_7)
                                                          0.00       2.17 f
  u_perm/U741/Y (INV_X6M_A9TH)                            0.03       2.19 r
  u_perm/U626/Y (INV_X13B_A9TH)                           0.02       2.21 f
  u_perm/add_85_C124/B[23] (axi_mpu_permission_48_8_4_16_1_1_1_DW01_add_13)
                                                          0.00       2.21 f
  u_perm/add_85_C124/U78/Y (NAND2_X6B_A9TH)               0.02       2.23 r
  u_perm/add_85_C124/U68/Y (OA21_X6M_A9TH)                0.05       2.29 r
  u_perm/add_85_C124/U95/Y (NAND2_X6M_A9TH)               0.02       2.31 f
  u_perm/add_85_C124/U92/Y (AND3_X8M_A9TH)                0.04       2.35 f
  u_perm/add_85_C124/U366/Y (NAND4BB_X6M_A9TH)            0.08       2.43 f
  u_perm/add_85_C124/U355/Y (AOI2XB1_X2M_A9TH)            0.07       2.50 r
  u_perm/add_85_C124/U33/Y (XOR2_X4M_A9TH)                0.05       2.55 r
  u_perm/add_85_C124/SUM[34] (axi_mpu_permission_48_8_4_16_1_1_1_DW01_add_13)
                                                          0.00       2.55 r
  u_perm/U256/Y (AO1B2_X6M_A9TH)                          0.06       2.62 r
  u_perm/U401/Y (BUFH_X16M_A9TH)                          0.05       2.67 r
  u_perm/lte_134_2_I6/A[34] (axi_mpu_permission_48_8_4_16_1_1_1_DW01_cmp2_75)
                                                          0.00       2.67 r
  u_perm/lte_134_2_I6/U29/Y (OAI211_X4M_A9TH)             0.04       2.71 f
  u_perm/lte_134_2_I6/U72/Y (NOR4BB_X4M_A9TH)             0.05       2.76 r
  u_perm/lte_134_2_I6/U55/Y (AO21A1AI2_X4M_A9TH)          0.04       2.80 f
  u_perm/lte_134_2_I6/U54/Y (NAND3BB_X4M_A9TH)            0.03       2.84 r
  u_perm/lte_134_2_I6/U71/Y (AO21A1AI2_X6M_A9TH)          0.04       2.88 f
  u_perm/lte_134_2_I6/U44/Y (AO21A1AI2_X6M_A9TH)          0.05       2.93 r
  u_perm/lte_134_2_I6/U74/Y (AO21A1AI2_X6M_A9TH)          0.05       2.98 f
  u_perm/lte_134_2_I6/LT_LE (axi_mpu_permission_48_8_4_16_1_1_1_DW01_cmp2_75)
                                                          0.00       2.98 f
  u_perm/U698/Y (AO22_X6M_A9TH)                           0.08       3.06 f
  u_perm/U603/Y (NAND3BB_X6M_A9TH)                        0.05       3.10 f
  u_perm/U51/Y (INV_X6M_A9TH)                             0.02       3.12 r
  u_perm/U625/Y (NAND3BB_X6M_A9TH)                        0.02       3.14 f
  u_perm/U750/Y (OA211_X6M_A9TH)                          0.05       3.19 f
  u_perm/U791/Y (NAND3_X6A_A9TH)                          0.03       3.23 r
  u_perm/U12/Y (AND2_X8B_A9TH)                            0.06       3.28 r
  u_perm/U11/Y (NAND2_X6B_A9TH)                           0.03       3.31 f
  u_perm/U172/Y (INV_X13M_A9TH)                           0.03       3.34 r
  u_perm/U105/Y (AO22_X0P7M_A9TH)                         0.08       3.42 r
  u_perm/U657/Y (OR4_X3M_A9TH)                            0.06       3.49 r
  u_perm/U66/Y (NOR2_X4A_A9TH)                            0.02       3.51 f
  u_perm/U683/Y (MX2_X8B_A9TH)                            0.05       3.56 f
  u_perm/U785/Y (NOR3_X4M_A9TH)                           0.06       3.63 r
  u_perm/U430/Y (AND3_X11M_A9TH)                          0.07       3.69 r
  u_perm/perm_allow (axi_mpu_permission_48_8_4_16_1_1_1)
                                                          0.00       3.69 r
  u_read/perm_allow (axi_mpu_read_ADDR_WIDTH48_DATA_WIDTH128_ID_WIDTH8)
                                                          0.00       3.69 r
  u_read/U5/Y (INV_X11M_A9TH)                             0.01       3.71 f
  u_read/U9/Y (NAND2_X8M_A9TH)                            0.02       3.73 r
  u_read/U3/Y (INV_X13M_A9TH)                             0.02       3.75 f
  u_read/viol_valid (axi_mpu_read_ADDR_WIDTH48_DATA_WIDTH128_ID_WIDTH8)
                                                          0.00       3.75 f
  U254/Y (INV_X16M_A9TH)                                  0.02       3.77 r
  U260/Y (BUFH_X16M_A9TH)                                 0.04       3.81 r
  U184/Y (INV_X16M_A9TH)                                  0.02       3.83 f
  U275/Y (MXT2_X1M_A9TH)                                  0.07       3.90 r
  u_csr/hwif_in[VIOL_ADDR_HI][addr_hi][next][13] (axi_mpu_csr)
                                                          0.00       3.90 r
  u_csr/U120/Y (MXT2_X2M_A9TH)                            0.06       3.96 r
  u_csr/field_storage_reg[VIOL_ADDR_HI][addr_hi][value][13]/D (DFFRPQ_X4M_A9TH)
                                                          0.00       3.96 r
  data arrival time                                                  3.96

  clock clk (rise edge)                                   2.50       2.50
  clock network delay (ideal)                             0.00       2.50
  u_csr/field_storage_reg[VIOL_ADDR_HI][addr_hi][value][13]/CK (DFFRPQ_X4M_A9TH)
                                                          0.00       2.50 r
  library setup time                                     -0.04       2.46
  data required time                                                 2.46
  --------------------------------------------------------------------------
  data required time                                                 2.46
  data arrival time                                                 -3.96
  --------------------------------------------------------------------------
  slack (VIOLATED)                                                  -1.50


1
