Loading db file '/home/eda/pdk/CMOS28NM/extracted/GF21LB004-FB-00000-r5p0-03rel0/arm/cp/cmos28lp/sc9_base_hvt/r5p0/db/sc9_cmos28lp_base_hvt_tt_nominal_max_1p00v_25c.db'
Information: Propagating switching activity (low effort zero delay simulation). (PWR-6)
Warning: Design has unannotated primary inputs. (PWR-414)
Warning: Design has unannotated sequential cell outputs. (PWR-415)
 
****************************************
Report : power
        -analysis_effort low
Design : spi_master_top_NUM_CS8_TX_FIFO_DEPTH256_RX_FIFO_DEPTH256_CMD_FIFO_DEPTH16
Version: V-2023.12-SP3
Date   : Thu Sep 10 08:14:24 2026
****************************************


Library(s) Used:

    sc9_cmos28lp_base_hvt_tt_nominal_max_1p00v_25c (File: /home/eda/pdk/CMOS28NM/extracted/GF21LB004-FB-00000-r5p0-03rel0/arm/cp/cmos28lp/sc9_base_hvt/r5p0/db/sc9_cmos28lp_base_hvt_tt_nominal_max_1p00v_25c.db)


Operating Conditions: tt_nominal_max_1p00v_25c   Library: sc9_cmos28lp_base_hvt_tt_nominal_max_1p00v_25c
Wire Load Model Mode: top

Design        Wire Load Model            Library
------------------------------------------------
spi_master_top_NUM_CS8_TX_FIFO_DEPTH256_RX_FIFO_DEPTH256_CMD_FIFO_DEPTH16
                       Small             sc9_cmos28lp_base_hvt_tt_nominal_max_1p00v_25c


Global Operating Voltage = 1    
Power-specific unit information :
    Voltage Units = 1V
    Capacitance Units = 1.000000pf
    Time Units = 1ns
    Dynamic Power Units = 1mW    (derived from V,C,T units)
    Leakage Power Units = 1uW


Attributes
----------
i - Including register clock pin internal power


  Cell Internal Power  =   7.5961 mW   (99%)
  Net Switching Power  =  96.0942 uW    (1%)
                         ---------
Total Dynamic Power    =   7.6922 mW  (100%)

Cell Leakage Power     =  11.6245 uW


                 Internal         Switching           Leakage            Total
Power Group      Power            Power               Power              Power   (   %    )  Attrs
--------------------------------------------------------------------------------------------------
io_pad             0.0000            0.0000            0.0000            0.0000  (   0.00%)
memory             0.0000            0.0000            0.0000            0.0000  (   0.00%)
black_box          0.0000            0.0000            0.0000            0.0000  (   0.00%)
clock_network      7.5823            0.0000            0.0000            7.5823  (  98.43%)  i
register       7.8535e-04        4.1589e-05            7.0018        7.8301e-03  (   0.10%)
sequential         0.0000            0.0000            0.0000            0.0000  (   0.00%)
combinational  1.2242e-02        9.6052e-02            4.6226            0.1129  (   1.47%)
--------------------------------------------------------------------------------------------------
Total              7.5953 mW     9.6094e-02 mW        11.6244 uW         7.7030 mW
1
