 
****************************************
Report : timing
        -path full
        -delay max
        -max_paths 1
Design : axi_mpu_REGION_NUM16_PIPELINE1
Version: V-2023.12-SP3
Date   : Thu Sep 10 02:43:07 2026
****************************************

 # A fanout number of 1000 was used for high fanout net computations.

Operating Conditions: tt_nominal_max_1p00v_25c   Library: sc9_cmos28lp_base_hvt_tt_nominal_max_1p00v_25c
Wire Load Model Mode: top

  Startpoint: u_write/state_reg[1]
              (rising edge-triggered flip-flop clocked by clk)
  Endpoint: u_csr/field_storage_reg[VIOL_ADDR_LO][addr_lo][value][14]
            (rising edge-triggered flip-flop clocked by clk)
  Path Group: clk
  Path Type: max

  Des/Clust/Port     Wire Load Model       Library
  ------------------------------------------------
  axi_mpu_REGION_NUM16_PIPELINE1
                     Small                 sc9_cmos28lp_base_hvt_tt_nominal_max_1p00v_25c

  Point                                                   Incr       Path
  --------------------------------------------------------------------------
  clock clk (rise edge)                                   0.00       0.00
  clock network delay (ideal)                             0.00       0.00
  u_write/state_reg[1]/CK (DFFRPQ_X4M_A9TH)               0.00 #     0.00 r
  u_write/state_reg[1]/Q (DFFRPQ_X4M_A9TH)                0.13       0.13 r
  u_write/U34/Y (OR3_X8M_A9TH)                            0.07       0.20 r
  u_write/U8/Y (INV_X11B_A9TH)                            0.03       0.23 f
  u_write/pe_req_valid (axi_mpu_write_ADDR_WIDTH48_DATA_WIDTH128_ID_WIDTH8_WRITE_OUTSTANDING8_MASTER_ID_WIDTH4)
                                                          0.00       0.23 f
  U246/Y (AND2_X8M_A9TH)                                  0.05       0.29 f
  U266/Y (AOI22_X6M_A9TH)                                 0.05       0.34 r
  U227/Y (INV_X11M_A9TH)                                  0.03       0.37 f
  u_perm/req_len[0] (axi_mpu_permission_48_8_4_16_1_1_1)
                                                          0.00       0.37 f
  u_perm/add_78_C124/A[0] (axi_mpu_permission_48_8_4_16_1_1_1_DW01_inc_1)
                                                          0.00       0.37 f
  u_perm/add_78_C124/U19/Y (NAND2_X6B_A9TH)               0.03       0.40 r
  u_perm/add_78_C124/U8/Y (INV_X2B_A9TH)                  0.03       0.42 f
  u_perm/add_78_C124/U9/Y (NAND2_X2A_A9TH)                0.03       0.45 r
  u_perm/add_78_C124/U31/Y (XOR2_X4M_A9TH)                0.06       0.51 r
  u_perm/add_78_C124/SUM[3] (axi_mpu_permission_48_8_4_16_1_1_1_DW01_inc_1)
                                                          0.00       0.51 r
  u_perm/mult_78_C124/B[3] (axi_mpu_permission_48_8_4_16_1_1_1_DW02_mult_0)
                                                          0.00       0.51 r
  u_perm/mult_78_C124/U97/Y (AND2_X2M_A9TH)               0.08       0.59 r
  u_perm/mult_78_C124/U140/Y (XOR2_X2M_A9TH)              0.06       0.65 r
  u_perm/mult_78_C124/S2_2_1/CO (ADDF_X1M_A9TH)           0.11       0.76 r
  u_perm/mult_78_C124/S2_3_1/SUM (ADDFH_X1P4M_A9TH)       0.12       0.88 f
  u_perm/mult_78_C124/S1_4_0/CO (ADDF_X1P4M_A9TH)         0.10       0.98 f
  u_perm/mult_78_C124/S1_5_0/CO (ADDF_X2M_A9TH)           0.11       1.08 f
  u_perm/mult_78_C124/S1_6_0/CO (ADDFH_X2M_A9TH)          0.13       1.21 f
  u_perm/mult_78_C124/S1_7_0/CO (ADDFH_X2M_A9TH)          0.13       1.35 f
  u_perm/mult_78_C124/U225/Y (AND2_X6B_A9TH)              0.06       1.40 f
  u_perm/mult_78_C124/U152/Y (AND2_X4M_A9TH)              0.05       1.45 f
  u_perm/mult_78_C124/U161/Y (AND2_X6B_A9TH)              0.05       1.50 f
  u_perm/mult_78_C124/U283/Y (INV_X2M_A9TH)               0.02       1.52 r
  u_perm/mult_78_C124/U178/Y (NAND2_X2M_A9TH)             0.03       1.56 f
  u_perm/mult_78_C124/U123/Y (NAND2_X6M_A9TH)             0.04       1.60 r
  u_perm/mult_78_C124/PRODUCT[11] (axi_mpu_permission_48_8_4_16_1_1_1_DW02_mult_0)
                                                          0.00       1.60 r
  u_perm/add_0_root_sub_0_root_sub_90_C124/B[11] (axi_mpu_permission_48_8_4_16_1_1_1_DW01_add_12)
                                                          0.00       1.60 r
  u_perm/add_0_root_sub_0_root_sub_90_C124/U56/Y (OR2_X3M_A9TH)
                                                          0.06       1.65 r
  u_perm/add_0_root_sub_0_root_sub_90_C124/U222/Y (NAND4XXXB_X3M_A9TH)
                                                          0.06       1.71 f
  u_perm/add_0_root_sub_0_root_sub_90_C124/U241/Y (OAI21_X2M_A9TH)
                                                          0.07       1.78 r
  u_perm/add_0_root_sub_0_root_sub_90_C124/U246/Y (NAND2_X1A_A9TH)
                                                          0.05       1.83 f
  u_perm/add_0_root_sub_0_root_sub_90_C124/U240/Y (NAND2_X2B_A9TH)
                                                          0.04       1.86 r
  u_perm/add_0_root_sub_0_root_sub_90_C124/U244/Y (AO1B2_X2M_A9TH)
                                                          0.06       1.93 r
  u_perm/add_0_root_sub_0_root_sub_90_C124/U150/Y (XOR2_X1P4M_A9TH)
                                                          0.05       1.98 r
  u_perm/add_0_root_sub_0_root_sub_90_C124/SUM[14] (axi_mpu_permission_48_8_4_16_1_1_1_DW01_add_12)
                                                          0.00       1.98 r
  u_perm/U627/Y (MXIT2_X1M_A9TH)                          0.05       2.03 f
  u_perm/U643/Y (OA22_X1P4M_A9TH)                         0.10       2.13 f
  u_perm/U239/Y (NAND2B_X6M_A9TH)                         0.04       2.17 r
  u_perm/U191/Y (BUFH_X7P5M_A9TH)                         0.04       2.21 r
  u_perm/U764/Y (BUFH_X9M_A9TH)                           0.04       2.25 r
  u_perm/lte_134_2_I8/A[14] (axi_mpu_permission_48_8_4_16_1_1_1_DW01_cmp2_86)
                                                          0.00       2.25 r
  u_perm/lte_134_2_I8/U112/Y (INV_X1M_A9TH)               0.03       2.28 f
  u_perm/lte_134_2_I8/U50/Y (AND2_X4B_A9TH)               0.05       2.33 f
  u_perm/lte_134_2_I8/U167/Y (NAND3BB_X1M_A9TH)           0.06       2.39 f
  u_perm/lte_134_2_I8/U164/Y (NAND3BB_X1M_A9TH)           0.05       2.44 r
  u_perm/lte_134_2_I8/U43/Y (NAND2_X2M_A9TH)              0.03       2.47 f
  u_perm/lte_134_2_I8/U69/Y (NAND3_X2A_A9TH)              0.03       2.50 r
  u_perm/lte_134_2_I8/U27/Y (NAND3_X1A_A9TH)              0.05       2.56 f
  u_perm/lte_134_2_I8/U15/Y (NAND3_X2A_A9TH)              0.04       2.60 r
  u_perm/lte_134_2_I8/U14/Y (NAND3_X2M_A9TH)              0.04       2.64 f
  u_perm/lte_134_2_I8/U47/Y (AOI31_X4M_A9TH)              0.05       2.69 r
  u_perm/lte_134_2_I8/U46/Y (OAI2XB1_X4M_A9TH)            0.04       2.73 f
  u_perm/lte_134_2_I8/U42/Y (AO21A1AI2_X4M_A9TH)          0.05       2.78 r
  u_perm/lte_134_2_I8/U54/Y (AO21A1AI2_X4M_A9TH)          0.05       2.83 f
  u_perm/lte_134_2_I8/U45/Y (NAND3BB_X4M_A9TH)            0.03       2.86 r
  u_perm/lte_134_2_I8/U48/Y (AO21A1AI2_X6M_A9TH)          0.04       2.90 f
  u_perm/lte_134_2_I8/U68/Y (AO21A1AI2_X6M_A9TH)          0.05       2.95 r
  u_perm/lte_134_2_I8/U67/Y (AO21A1AI2_X6M_A9TH)          0.05       3.00 f
  u_perm/lte_134_2_I8/LT_LE (axi_mpu_permission_48_8_4_16_1_1_1_DW01_cmp2_86)
                                                          0.00       3.00 f
  u_perm/U682/Y (AOI22_X4M_A9TH)                          0.05       3.05 r
  u_perm/U535/Y (AO21B_X4M_A9TH)                          0.04       3.09 f
  u_perm/U411/Y (NAND3BB_X6M_A9TH)                        0.07       3.16 f
  u_perm/U249/Y (NAND2_X6B_A9TH)                          0.03       3.19 r
  u_perm/U614/Y (OAI31_X6M_A9TH)                          0.04       3.22 f
  u_perm/U30/Y (AND2_X6B_A9TH)                            0.07       3.29 f
  u_perm/U454/Y (NAND2_X6B_A9TH)                          0.04       3.33 r
  u_perm/U95/Y (INV_X16M_A9TH)                            0.02       3.35 f
  u_perm/U638/Y (AO22_X2M_A9TH)                           0.07       3.42 f
  u_perm/U220/Y (NAND4BB_X4M_A9TH)                        0.06       3.49 f
  u_perm/U107/Y (NOR2_X6A_A9TH)                           0.04       3.52 r
  u_perm/U441/Y (OAI22_X6M_A9TH)                          0.04       3.57 f
  u_perm/U224/Y (NOR2_X8M_A9TH)                           0.04       3.61 r
  u_perm/U269/Y (MXIT2_X4M_A9TH)                          0.03       3.64 f
  u_perm/U267/Y (AND3_X6M_A9TH)                           0.07       3.71 f
  u_perm/perm_allow (axi_mpu_permission_48_8_4_16_1_1_1)
                                                          0.00       3.71 f
  u_write/perm_allow (axi_mpu_write_ADDR_WIDTH48_DATA_WIDTH128_ID_WIDTH8_WRITE_OUTSTANDING8_MASTER_ID_WIDTH4)
                                                          0.00       3.71 f
  u_write/U12/Y (INV_X5M_A9TH)                            0.02       3.73 r
  u_write/U49/Y (AND2_X11M_A9TH)                          0.04       3.77 r
  u_write/viol_valid (axi_mpu_write_ADDR_WIDTH48_DATA_WIDTH128_ID_WIDTH8_WRITE_OUTSTANDING8_MASTER_ID_WIDTH4)
                                                          0.00       3.77 r
  U179/Y (INV_X11M_A9TH)                                  0.01       3.79 f
  U325/Y (AOI21_X8M_A9TH)                                 0.04       3.83 r
  u_csr/hwif_in[VIOL_ADDR_LO][addr_lo][we] (axi_mpu_csr)
                                                          0.00       3.83 r
  u_csr/U176/Y (BUF_X16M_A9TH)                            0.07       3.90 r
  u_csr/U147/Y (MXT2_X1M_A9TH)                            0.06       3.96 r
  u_csr/field_storage_reg[VIOL_ADDR_LO][addr_lo][value][14]/D (DFFRPQ_X3M_A9TH)
                                                          0.00       3.96 r
  data arrival time                                                  3.96

  clock clk (rise edge)                                   2.00       2.00
  clock network delay (ideal)                             0.00       2.00
  u_csr/field_storage_reg[VIOL_ADDR_LO][addr_lo][value][14]/CK (DFFRPQ_X3M_A9TH)
                                                          0.00       2.00 r
  library setup time                                     -0.05       1.95
  data required time                                                 1.95
  --------------------------------------------------------------------------
  data required time                                                 1.95
  data arrival time                                                 -3.96
  --------------------------------------------------------------------------
  slack (VIOLATED)                                                  -2.01


1
