 
****************************************
Report : area
Design : spi_master_top_NUM_CS1_TX_FIFO_DEPTH4_RX_FIFO_DEPTH4_CMD_FIFO_DEPTH2
Version: V-2023.12-SP3
Date   : Thu Sep 10 08:06:37 2026
****************************************

Information: Updating design information... (UID-85)
Warning: Design 'spi_master_top_NUM_CS1_TX_FIFO_DEPTH4_RX_FIFO_DEPTH4_CMD_FIFO_DEPTH2' contains 1 high-fanout nets. A fanout number of 1000 will be used for delay calculations involving these nets. (TIM-134)
Library(s) Used:

    sc9_cmos28lp_base_hvt_tt_nominal_max_1p00v_25c (File: /home/eda/pdk/CMOS28NM/extracted/GF21LB004-FB-00000-r5p0-03rel0/arm/cp/cmos28lp/sc9_base_hvt/r5p0/db/sc9_cmos28lp_base_hvt_tt_nominal_max_1p00v_25c.db)

Number of ports:                         3672
Number of nets:                         13527
Number of cells:                         9931
Number of combinational cells:           8184
Number of sequential cells:              1733
Number of macros/black boxes:               0
Number of buf/inv:                       2432
Number of references:                      51

Combinational area:               5014.620030
Buf/Inv area:                      954.603013
Noncombinational area:            4280.912820
Macro/Black Box area:                0.000000
Net Interconnect area:               0.000000

Total cell area:                  9295.532850
Total area:                       9295.532850

Hierarchical area distribution
------------------------------

                                  Global cell area          Local cell area
                                  ------------------  ---------------------------- 
Hierarchical cell                 Absolute   Percent  Combi-     Noncombi-  Black-
                                  Total      Total    national   national   boxes   Design
--------------------------------  ---------  -------  ---------  ---------  ------  ---------------------------------------------------------------
spi_master_top_NUM_CS1_TX_FIFO_DEPTH4_RX_FIFO_DEPTH4_CMD_FIFO_DEPTH2
                                  9295.5328    100.0   145.8990     2.5740  0.0000  spi_master_top_NUM_CS1_TX_FIFO_DEPTH4_RX_FIFO_DEPTH4_CMD_FIFO_DEPTH2
u_csr                             5381.4149     57.9  2593.7730  2787.6419  0.0000  spi_master_csr
u_engine                          2221.7130     23.9  1380.1320   627.9390  0.0000  spi_master_engine_NUM_CS1_RX_FIFO_DEPTH4
u_engine/add_181                     7.8390      0.1     7.8390     0.0000  0.0000  spi_master_engine_NUM_CS1_RX_FIFO_DEPTH4_DW01_inc_2_DW01_inc_4
u_engine/add_206                    31.4730      0.3    31.4730     0.0000  0.0000  spi_master_engine_NUM_CS1_RX_FIFO_DEPTH4_DW01_add_0
u_engine/add_245_S2                 40.0140      0.4    40.0140     0.0000  0.0000  spi_master_engine_NUM_CS1_RX_FIFO_DEPTH4_DW01_inc_0_DW01_inc_2
u_engine/r299                       40.0140      0.4    40.0140     0.0000  0.0000  spi_master_engine_NUM_CS1_RX_FIFO_DEPTH4_DW01_inc_3_DW01_inc_5
u_engine/r301                       20.9430      0.2    20.9430     0.0000  0.0000  spi_master_engine_NUM_CS1_RX_FIFO_DEPTH4_DW01_dec_2_DW01_dec_3
u_engine/r306                       19.4220      0.2    19.4220     0.0000  0.0000  spi_master_engine_NUM_CS1_RX_FIFO_DEPTH4_DW01_inc_4_DW01_inc_6
u_engine/sub_1_root_sub_66_2        13.6890      0.1    13.6890     0.0000  0.0000  spi_master_engine_NUM_CS1_RX_FIFO_DEPTH4_DW01_sub_1
u_engine/sub_244                    40.2480      0.4    40.2480     0.0000  0.0000  spi_master_engine_NUM_CS1_RX_FIFO_DEPTH4_DW01_dec_0_DW01_dec_1
u_queues                          1543.9320     16.6     5.7330     7.7220  0.0000  spi_master_queues_TX_FIFO_DEPTH4_RX_FIFO_DEPTH4_CMD_FIFO_DEPTH2
u_queues/u_cmd                     484.7310      5.2   204.8670   279.8640  0.0000  sync_fifo_DATA_W64_DEPTH2_OUTPUT_REG0_IMPL0
u_queues/u_rx                      522.8730      5.6   235.2870   287.5860  0.0000  sync_fifo_DATA_W32_DEPTH4_OUTPUT_REG0_IMPL0_0
u_queues/u_tx                      522.8730      5.6   235.2870   287.5860  0.0000  sync_fifo_DATA_W32_DEPTH4_OUTPUT_REG0_IMPL0_1
--------------------------------  ---------  -------  ---------  ---------  ------  ---------------------------------------------------------------
Total                                                 5014.6200  4280.9128  0.0000

1
