/home/eda/app/synopsys/syn/V-2023.12-SP3/auxx/gui/dv/dv_setup.tcl
/home/eda/app/synopsys/syn/V-2023.12-SP3/auxx/gui/syn/snpsSynProcs.tcl
/home/eda/app/synopsys/syn/V-2023.12-SP3/auxx/gui/syn/layout/pkgIndex.tcl
/home/eda/app/synopsys/syn/V-2023.12-SP3/auxx/gui/common/3dic/pkgIndex.tcl
/home/eda/app/synopsys/syn/V-2023.12-SP3/auxx/gui/common/3dlayout/pkgIndex.tcl
/home/eda/app/synopsys/syn/V-2023.12-SP3/auxx/gui/common/3dmodel/pkgIndex.tcl
/home/eda/app/synopsys/syn/V-2023.12-SP3/auxx/gui/common/WindowFrameWork/pkgIndex.tcl
/home/eda/app/synopsys/syn/V-2023.12-SP3/auxx/gui/common/acg/pkgIndex.tcl
/home/eda/app/synopsys/syn/V-2023.12-SP3/auxx/gui/common/charts/pkgIndex.tcl
/home/eda/app/synopsys/syn/V-2023.12-SP3/auxx/gui/common/commandform/pkgIndex.tcl
/home/eda/app/synopsys/syn/V-2023.12-SP3/auxx/gui/common/dialogs/pkgIndex.tcl
/home/eda/app/synopsys/syn/V-2023.12-SP3/auxx/gui/common/docBrowser/pkgIndex.tcl
/home/eda/app/synopsys/syn/V-2023.12-SP3/auxx/gui/common/hierAttrView/pkgIndex.tcl
/home/eda/app/synopsys/syn/V-2023.12-SP3/auxx/gui/common/hierarchy/pkgIndex.tcl
/home/eda/app/synopsys/syn/V-2023.12-SP3/auxx/gui/common/highlight/pkgIndex.tcl
/home/eda/app/synopsys/syn/V-2023.12-SP3/auxx/gui/common/histogram/pkgIndex.tcl
/home/eda/app/synopsys/syn/V-2023.12-SP3/auxx/gui/common/layout/pkgIndex.tcl
/home/eda/app/synopsys/syn/V-2023.12-SP3/auxx/gui/common/libviewer/pkgIndex.tcl
/home/eda/app/synopsys/syn/V-2023.12-SP3/auxx/gui/common/menus/pkgIndex.tcl
/home/eda/app/synopsys/syn/V-2023.12-SP3/auxx/gui/common/misc/pkgIndex.tcl
/home/eda/app/synopsys/syn/V-2023.12-SP3/auxx/gui/common/mrupalette/pkgIndex.tcl
/home/eda/app/synopsys/syn/V-2023.12-SP3/auxx/gui/common/opdlg/pkgIndex.tcl
/home/eda/app/synopsys/syn/V-2023.12-SP3/auxx/gui/common/palettegroup/pkgIndex.tcl
/home/eda/app/synopsys/syn/V-2023.12-SP3/auxx/gui/common/propertyEditor/pkgIndex.tcl
/home/eda/app/synopsys/syn/V-2023.12-SP3/auxx/gui/common/qtcl/pkgIndex.tcl
/home/eda/app/synopsys/syn/V-2023.12-SP3/auxx/gui/common/regressionToolkit/pkgIndex.tcl
/home/eda/app/synopsys/syn/V-2023.12-SP3/auxx/gui/common/rtlxref/pkgIndex.tcl
/home/eda/app/synopsys/syn/V-2023.12-SP3/auxx/gui/common/schematic/pkgIndex.tcl
/home/eda/app/synopsys/syn/V-2023.12-SP3/auxx/gui/common/select/pkgIndex.tcl
/home/eda/app/synopsys/syn/V-2023.12-SP3/auxx/gui/common/setup/pkgIndex.tcl
/home/eda/app/synopsys/syn/V-2023.12-SP3/auxx/gui/common/strokes/pkgIndex.tcl
/home/eda/app/synopsys/syn/V-2023.12-SP3/auxx/gui/common/table/pkgIndex.tcl
/home/eda/app/synopsys/syn/V-2023.12-SP3/auxx/gui/common/taskassistant/pkgIndex.tcl
/home/eda/app/synopsys/syn/V-2023.12-SP3/auxx/gui/common/tcl-dp/pkgIndex.tcl
/home/eda/app/synopsys/syn/V-2023.12-SP3/auxx/gui/common/tiledview/pkgIndex.tcl
/home/eda/app/synopsys/syn/V-2023.12-SP3/auxx/gui/common/timing/pkgIndex.tcl
/home/eda/app/synopsys/syn/V-2023.12-SP3/auxx/gui/common/tq/pkgIndex.tcl
/home/eda/app/synopsys/syn/V-2023.12-SP3/auxx/gui/common/utable/pkgIndex.tcl
/home/eda/app/synopsys/syn/V-2023.12-SP3/auxx/gui/common/view/pkgIndex.tcl
/home/eda/app/synopsys/syn/V-2023.12-SP3/auxx/gui/dv/pkgIndex.tcl
/home/eda/app/synopsys/syn/V-2023.12-SP3/auxx/syn/lib/pkgIndex.tcl
/home/eda/app/synopsys/syn/V-2023.12-SP3/auxx/tcllib/lib/itcl4.2.1/pkgIndex.tcl
/home/eda/app/synopsys/syn/V-2023.12-SP3/auxx/tcllib/lib/iwidgets4.1/pkgIndex.tcl
/home/eda/app/synopsys/syn/V-2023.12-SP3/auxx/tcllib/snps_tcl/snpsTclPro/pkgIndex.tcl
/home/eda/app/synopsys/syn/V-2023.12-SP3/auxx/tcllib/snps_tcl/snpsTest/pkgIndex.tcl
/home/eda/app/synopsys/syn/V-2023.12-SP3/auxx/tcllib/snps_tcl/snpsUtils/pkgIndex.tcl
/home/eda/app/synopsys/syn/V-2023.12-SP3/auxx/tcllib/snps_tcl/pkgIndex.tcl
/home/eda/app/synopsys/syn/V-2023.12-SP3/auxx/tcllib/lib/tcl8.6/dde/pkgIndex.tcl
/home/eda/app/synopsys/syn/V-2023.12-SP3/auxx/tcllib/lib/tcl8.6/http/pkgIndex.tcl
/home/eda/app/synopsys/syn/V-2023.12-SP3/auxx/tcllib/lib/tcl8.6/http1.0/pkgIndex.tcl
/home/eda/app/synopsys/syn/V-2023.12-SP3/auxx/tcllib/lib/tcl8.6/msgcat/pkgIndex.tcl
/home/eda/app/synopsys/syn/V-2023.12-SP3/auxx/tcllib/lib/tcl8.6/opt/pkgIndex.tcl
/home/eda/app/synopsys/syn/V-2023.12-SP3/auxx/tcllib/lib/tcl8.6/platform/pkgIndex.tcl
/home/eda/app/synopsys/syn/V-2023.12-SP3/auxx/tcllib/lib/tcl8.6/reg/pkgIndex.tcl
/home/eda/app/synopsys/syn/V-2023.12-SP3/auxx/tcllib/lib/tcl8.6/tcltest/pkgIndex.tcl
/home/eda/app/synopsys/syn/V-2023.12-SP3/auxx/gui/common/setup/snpsCommonSetup.tcl
/home/eda/app/synopsys/syn/V-2023.12-SP3/auxx/gui/common/setup/snpsCustomize.tcl
/home/eda/app/synopsys/syn/V-2023.12-SP3/auxx/gui/common/setup/snpsProcheck.tcl
/home/eda/app/synopsys/syn/V-2023.12-SP3/auxx/gui/common/misc/base.tcl
/home/eda/app/synopsys/syn/V-2023.12-SP3/auxx/gui/common/misc/timing.tcl
/home/eda/app/synopsys/syn/V-2023.12-SP3/auxx/gui/common/misc/setting.tcl
/home/eda/app/synopsys/syn/V-2023.12-SP3/auxx/gui/common/misc/preset.tcl
/home/eda/app/synopsys/syn/V-2023.12-SP3/auxx/gui/common/WindowFrameWork/windowFrameWork.tcl
/home/eda/app/synopsys/syn/V-2023.12-SP3/auxx/gui/common/WindowFrameWork/skipBusyCursorCmdList.tcl
/home/eda/app/synopsys/syn/V-2023.12-SP3/auxx/gui/common/qtcl/.synopsys_qtcl.tcl
/home/eda/app/synopsys/syn/V-2023.12-SP3/auxx/gui/common/highlight/highlight.tcl
/home/eda/app/synopsys/syn/V-2023.12-SP3/auxx/gui/common/palettegroup/palettegroup.tcl
/home/eda/app/synopsys/syn/V-2023.12-SP3/auxx/gui/common/commandform/commandform.tcl
/home/eda/app/synopsys/syn/V-2023.12-SP3/auxx/gui/common/tiledview/tiledview.tcl
/home/eda/app/synopsys/syn/V-2023.12-SP3/auxx/gui/common/docBrowser/docBrowser.tcl
/home/eda/app/synopsys/syn/V-2023.12-SP3/auxx/tcllib/snps_tcl/snpsUtils/snpsUtils.tcl
/home/eda/app/synopsys/syn/V-2023.12-SP3/auxx/gui/common/dialogs/ObjectChooser.tcl
/home/eda/app/synopsys/syn/V-2023.12-SP3/auxx/gui/common/misc/DialogObjectChooser.tcl
/home/eda/app/synopsys/syn/V-2023.12-SP3/auxx/gui/common/dialogs/HistBinInformation.tcl
/home/eda/app/synopsys/syn/V-2023.12-SP3/auxx/gui/common/dialogs/HistBin1Information.tcl
/home/eda/app/synopsys/syn/V-2023.12-SP3/auxx/gui/common/dialogs/BinsOnlyInformation.tcl
/home/eda/app/synopsys/syn/V-2023.12-SP3/auxx/gui/common/dialogs/FileChooser.tcl
/home/eda/app/synopsys/syn/V-2023.12-SP3/auxx/gui/common/dialogs/PathPinSimpleInfo.tcl
/home/eda/app/synopsys/syn/V-2023.12-SP3/auxx/gui/common/dialogs/PathsBasicInfo.tcl
/home/eda/app/synopsys/syn/V-2023.12-SP3/auxx/gui/common/dialogs/PathsBasicSimpleInfo.tcl
/home/eda/app/synopsys/syn/V-2023.12-SP3/auxx/gui/common/dialogs/SlctOperationInfo.tcl
/home/eda/app/synopsys/syn/V-2023.12-SP3/auxx/gui/common/dialogs/ObjectListInfo.tcl
/home/eda/app/synopsys/syn/V-2023.12-SP3/auxx/gui/common/dialogs/FanInOutInfo.tcl
/home/eda/app/synopsys/syn/V-2023.12-SP3/auxx/gui/common/dialogs/NumberOfLevelsChooser.tcl
/home/eda/app/synopsys/syn/V-2023.12-SP3/auxx/gui/common/dialogs/WindowReuseInfo.tcl
/home/eda/app/synopsys/syn/V-2023.12-SP3/auxx/gui/common/dialogs/ReportOutputOptionInfo.tcl
/home/eda/app/synopsys/syn/V-2023.12-SP3/auxx/gui/common/setup/snpsCollections.tcl
/home/eda/app/synopsys/syn/V-2023.12-SP3/auxx/gui/common/dialogs/CompileLinkDesign.tcl
/home/eda/app/synopsys/syn/V-2023.12-SP3/auxx/gui/common/histogram/base.tcl
/home/eda/app/synopsys/syn/V-2023.12-SP3/auxx/gui/common/histogram/DialogNetCapacitance.tcl
/home/eda/app/synopsys/syn/V-2023.12-SP3/auxx/gui/common/schematic/DialogPathSchematicFanInOut.tcl
/home/eda/app/synopsys/syn/V-2023.12-SP3/auxx/gui/common/schematic/DialogPathSchematicAddPaths.tcl
/home/eda/workspace/aixsilicon_ip_repo/ip_uart/constraints/uart_synth.tcl
/home/eda/workspace/aixsilicon_ip_repo/ips/lowrisc/top/0.1.0/rtl/top_pkg.sv
/home/eda/workspace/aixsilicon_ip_repo/ips/lowrisc/prim/0.1.0/rtl/prim_secded_pkg.sv
/home/eda/workspace/aixsilicon_ip_repo/ip_uart/prim_assert.sv
/home/eda/workspace/aixsilicon_ip_repo/ip_uart/prim_assert_dummy_macros.svh
/home/eda/workspace/aixsilicon_ip_repo/ip_uart/prim_assert_sec_cm.svh
/home/eda/workspace/aixsilicon_ip_repo/ip_uart/prim_flop_macros.sv
/home/eda/workspace/aixsilicon_ip_repo/ips/lowrisc/prim/0.1.0/rtl/prim_mubi_pkg.sv
/home/eda/workspace/aixsilicon_ip_repo/ips/lowrisc/prim/0.1.0/rtl/prim_util_pkg.sv
/home/eda/workspace/aixsilicon_ip_repo/ips/lowrisc/tlul/0.1.0/rtl/tlul_pkg.sv
/home/eda/workspace/aixsilicon_ip_repo/ips/lowrisc/prim/0.1.0/rtl/prim_subreg_pkg.sv
/home/eda/workspace/aixsilicon_ip_repo/ips/lowrisc/prim/0.1.0/rtl/prim_alert_pkg.sv
/home/eda/workspace/aixsilicon_ip_repo/ips/lowrisc/top/0.1.0/rtl/top_racl_pkg.sv
/home/eda/workspace/aixsilicon_ip_repo/ips/lowrisc/prim/0.1.0/rtl/prim_count_pkg.sv
/home/eda/workspace/aixsilicon_ip_repo/ip_uart/prim_assert.sv
/home/eda/workspace/aixsilicon_ip_repo/ip_uart/prim_assert_dummy_macros.svh
/home/eda/workspace/aixsilicon_ip_repo/ip_uart/prim_assert_sec_cm.svh
/home/eda/workspace/aixsilicon_ip_repo/ip_uart/prim_flop_macros.sv
/home/eda/workspace/aixsilicon_ip_repo/ips/lowrisc/prim/0.1.0/rtl/prim_alert_receiver.sv
/home/eda/workspace/aixsilicon_ip_repo/ip_uart/prim_assert.sv
/home/eda/workspace/aixsilicon_ip_repo/ip_uart/prim_assert_dummy_macros.svh
/home/eda/workspace/aixsilicon_ip_repo/ip_uart/prim_assert_sec_cm.svh
/home/eda/workspace/aixsilicon_ip_repo/ip_uart/prim_flop_macros.sv
/home/eda/workspace/aixsilicon_ip_repo/ips/lowrisc/prim/0.1.0/rtl/prim_alert_sender.sv
/home/eda/workspace/aixsilicon_ip_repo/ip_uart/prim_assert.sv
/home/eda/workspace/aixsilicon_ip_repo/ip_uart/prim_assert_dummy_macros.svh
/home/eda/workspace/aixsilicon_ip_repo/ip_uart/prim_assert_sec_cm.svh
/home/eda/workspace/aixsilicon_ip_repo/ip_uart/prim_flop_macros.sv
/home/eda/workspace/aixsilicon_ip_repo/ips/lowrisc/prim/0.1.0/rtl/prim_buf.sv
/home/eda/workspace/aixsilicon_ip_repo/ips/lowrisc/prim/0.1.0/rtl/prim_cdc_rand_delay.sv
/home/eda/workspace/aixsilicon_ip_repo/ip_uart/prim_assert.sv
/home/eda/workspace/aixsilicon_ip_repo/ip_uart/prim_assert_dummy_macros.svh
/home/eda/workspace/aixsilicon_ip_repo/ip_uart/prim_assert_sec_cm.svh
/home/eda/workspace/aixsilicon_ip_repo/ip_uart/prim_flop_macros.sv
/home/eda/workspace/aixsilicon_ip_repo/ips/lowrisc/prim/0.1.0/rtl/prim_count.sv
/home/eda/workspace/aixsilicon_ip_repo/ip_uart/prim_assert.sv
/home/eda/workspace/aixsilicon_ip_repo/ip_uart/prim_assert_dummy_macros.svh
/home/eda/workspace/aixsilicon_ip_repo/ip_uart/prim_assert_sec_cm.svh
/home/eda/workspace/aixsilicon_ip_repo/ip_uart/prim_flop_macros.sv
/home/eda/workspace/aixsilicon_ip_repo/ips/lowrisc/prim/0.1.0/rtl/prim_diff_decode.sv
/home/eda/workspace/aixsilicon_ip_repo/ip_uart/prim_assert.sv
/home/eda/workspace/aixsilicon_ip_repo/ip_uart/prim_assert_dummy_macros.svh
/home/eda/workspace/aixsilicon_ip_repo/ip_uart/prim_assert_sec_cm.svh
/home/eda/workspace/aixsilicon_ip_repo/ip_uart/prim_flop_macros.sv
/home/eda/workspace/aixsilicon_ip_repo/ip_uart/prim_fifo_assert.svh
/home/eda/workspace/aixsilicon_ip_repo/ips/lowrisc/prim/0.1.0/rtl/prim_fifo_sync.sv
/home/eda/workspace/aixsilicon_ip_repo/ip_uart/prim_assert.sv
/home/eda/workspace/aixsilicon_ip_repo/ip_uart/prim_assert_dummy_macros.svh
/home/eda/workspace/aixsilicon_ip_repo/ip_uart/prim_assert_sec_cm.svh
/home/eda/workspace/aixsilicon_ip_repo/ip_uart/prim_flop_macros.sv
/home/eda/workspace/aixsilicon_ip_repo/ips/lowrisc/prim/0.1.0/rtl/prim_fifo_sync_cnt.sv
/home/eda/workspace/aixsilicon_ip_repo/ip_uart/prim_assert.sv
/home/eda/workspace/aixsilicon_ip_repo/ip_uart/prim_assert_dummy_macros.svh
/home/eda/workspace/aixsilicon_ip_repo/ip_uart/prim_assert_sec_cm.svh
/home/eda/workspace/aixsilicon_ip_repo/ip_uart/prim_flop_macros.sv
/home/eda/workspace/aixsilicon_ip_repo/ips/lowrisc/prim/0.1.0/rtl/prim_flop.sv
/home/eda/workspace/aixsilicon_ip_repo/ips/lowrisc/prim/0.1.0/rtl/prim_flop_2sync.sv
/home/eda/workspace/aixsilicon_ip_repo/ip_uart/prim_assert.sv
/home/eda/workspace/aixsilicon_ip_repo/ip_uart/prim_assert_dummy_macros.svh
/home/eda/workspace/aixsilicon_ip_repo/ip_uart/prim_assert_sec_cm.svh
/home/eda/workspace/aixsilicon_ip_repo/ip_uart/prim_flop_macros.sv
/home/eda/workspace/aixsilicon_ip_repo/ips/lowrisc/prim/0.1.0/rtl/prim_intr_hw.sv
/home/eda/workspace/aixsilicon_ip_repo/ip_uart/prim_assert.sv
/home/eda/workspace/aixsilicon_ip_repo/ip_uart/prim_assert_dummy_macros.svh
/home/eda/workspace/aixsilicon_ip_repo/ip_uart/prim_assert_sec_cm.svh
/home/eda/workspace/aixsilicon_ip_repo/ip_uart/prim_flop_macros.sv
/home/eda/workspace/aixsilicon_ip_repo/ips/lowrisc/prim/0.1.0/rtl/prim_onehot_check.sv
/home/eda/workspace/aixsilicon_ip_repo/ips/lowrisc/prim/0.1.0/rtl/prim_onehot_enc.sv
/home/eda/workspace/aixsilicon_ip_repo/ip_uart/prim_assert.sv
/home/eda/workspace/aixsilicon_ip_repo/ip_uart/prim_assert_dummy_macros.svh
/home/eda/workspace/aixsilicon_ip_repo/ip_uart/prim_assert_sec_cm.svh
/home/eda/workspace/aixsilicon_ip_repo/ip_uart/prim_flop_macros.sv
/home/eda/workspace/aixsilicon_ip_repo/ips/lowrisc/prim/0.1.0/rtl/prim_reg_we_check.sv
/home/eda/workspace/aixsilicon_ip_repo/ip_uart/prim_assert.sv
/home/eda/workspace/aixsilicon_ip_repo/ip_uart/prim_assert_dummy_macros.svh
/home/eda/workspace/aixsilicon_ip_repo/ip_uart/prim_assert_sec_cm.svh
/home/eda/workspace/aixsilicon_ip_repo/ip_uart/prim_flop_macros.sv
/home/eda/workspace/aixsilicon_ip_repo/ips/lowrisc/prim/0.1.0/rtl/prim_sec_anchor_buf.sv
/home/eda/workspace/aixsilicon_ip_repo/ip_uart/prim_assert.sv
/home/eda/workspace/aixsilicon_ip_repo/ip_uart/prim_assert_dummy_macros.svh
/home/eda/workspace/aixsilicon_ip_repo/ip_uart/prim_assert_sec_cm.svh
/home/eda/workspace/aixsilicon_ip_repo/ip_uart/prim_flop_macros.sv
/home/eda/workspace/aixsilicon_ip_repo/ips/lowrisc/prim/0.1.0/rtl/prim_sec_anchor_flop.sv
/home/eda/workspace/aixsilicon_ip_repo/ips/lowrisc/prim/0.1.0/rtl/prim_secded_22_16_dec.sv
/home/eda/workspace/aixsilicon_ip_repo/ips/lowrisc/prim/0.1.0/rtl/prim_secded_22_16_enc.sv
/home/eda/workspace/aixsilicon_ip_repo/ips/lowrisc/prim/0.1.0/rtl/prim_secded_28_22_dec.sv
/home/eda/workspace/aixsilicon_ip_repo/ips/lowrisc/prim/0.1.0/rtl/prim_secded_28_22_enc.sv
/home/eda/workspace/aixsilicon_ip_repo/ips/lowrisc/prim/0.1.0/rtl/prim_secded_39_32_dec.sv
/home/eda/workspace/aixsilicon_ip_repo/ips/lowrisc/prim/0.1.0/rtl/prim_secded_39_32_enc.sv
/home/eda/workspace/aixsilicon_ip_repo/ips/lowrisc/prim/0.1.0/rtl/prim_secded_64_57_dec.sv
/home/eda/workspace/aixsilicon_ip_repo/ips/lowrisc/prim/0.1.0/rtl/prim_secded_64_57_enc.sv
/home/eda/workspace/aixsilicon_ip_repo/ips/lowrisc/prim/0.1.0/rtl/prim_secded_72_64_dec.sv
/home/eda/workspace/aixsilicon_ip_repo/ips/lowrisc/prim/0.1.0/rtl/prim_secded_72_64_enc.sv
/home/eda/workspace/aixsilicon_ip_repo/ips/lowrisc/prim/0.1.0/rtl/prim_secded_hamming_22_16_dec.sv
/home/eda/workspace/aixsilicon_ip_repo/ips/lowrisc/prim/0.1.0/rtl/prim_secded_hamming_22_16_enc.sv
/home/eda/workspace/aixsilicon_ip_repo/ips/lowrisc/prim/0.1.0/rtl/prim_secded_hamming_39_32_dec.sv
/home/eda/workspace/aixsilicon_ip_repo/ips/lowrisc/prim/0.1.0/rtl/prim_secded_hamming_39_32_enc.sv
/home/eda/workspace/aixsilicon_ip_repo/ips/lowrisc/prim/0.1.0/rtl/prim_secded_hamming_72_64_dec.sv
/home/eda/workspace/aixsilicon_ip_repo/ips/lowrisc/prim/0.1.0/rtl/prim_secded_hamming_72_64_enc.sv
/home/eda/workspace/aixsilicon_ip_repo/ips/lowrisc/prim/0.1.0/rtl/prim_secded_hamming_76_68_dec.sv
/home/eda/workspace/aixsilicon_ip_repo/ips/lowrisc/prim/0.1.0/rtl/prim_secded_hamming_76_68_enc.sv
/home/eda/workspace/aixsilicon_ip_repo/ips/lowrisc/prim/0.1.0/rtl/prim_secded_inv_22_16_dec.sv
/home/eda/workspace/aixsilicon_ip_repo/ips/lowrisc/prim/0.1.0/rtl/prim_secded_inv_22_16_enc.sv
/home/eda/workspace/aixsilicon_ip_repo/ips/lowrisc/prim/0.1.0/rtl/prim_secded_inv_28_22_dec.sv
/home/eda/workspace/aixsilicon_ip_repo/ips/lowrisc/prim/0.1.0/rtl/prim_secded_inv_28_22_enc.sv
/home/eda/workspace/aixsilicon_ip_repo/ips/lowrisc/prim/0.1.0/rtl/prim_secded_inv_39_32_dec.sv
/home/eda/workspace/aixsilicon_ip_repo/ips/lowrisc/prim/0.1.0/rtl/prim_secded_inv_39_32_enc.sv
/home/eda/workspace/aixsilicon_ip_repo/ips/lowrisc/prim/0.1.0/rtl/prim_secded_inv_64_57_dec.sv
/home/eda/workspace/aixsilicon_ip_repo/ips/lowrisc/prim/0.1.0/rtl/prim_secded_inv_64_57_enc.sv
/home/eda/workspace/aixsilicon_ip_repo/ips/lowrisc/prim/0.1.0/rtl/prim_secded_inv_72_64_dec.sv
/home/eda/workspace/aixsilicon_ip_repo/ips/lowrisc/prim/0.1.0/rtl/prim_secded_inv_72_64_enc.sv
/home/eda/workspace/aixsilicon_ip_repo/ips/lowrisc/prim/0.1.0/rtl/prim_secded_inv_hamming_22_16_dec.sv
/home/eda/workspace/aixsilicon_ip_repo/ips/lowrisc/prim/0.1.0/rtl/prim_secded_inv_hamming_22_16_enc.sv
/home/eda/workspace/aixsilicon_ip_repo/ips/lowrisc/prim/0.1.0/rtl/prim_secded_inv_hamming_39_32_dec.sv
/home/eda/workspace/aixsilicon_ip_repo/ips/lowrisc/prim/0.1.0/rtl/prim_secded_inv_hamming_39_32_enc.sv
/home/eda/workspace/aixsilicon_ip_repo/ips/lowrisc/prim/0.1.0/rtl/prim_secded_inv_hamming_72_64_dec.sv
/home/eda/workspace/aixsilicon_ip_repo/ips/lowrisc/prim/0.1.0/rtl/prim_secded_inv_hamming_72_64_enc.sv
/home/eda/workspace/aixsilicon_ip_repo/ips/lowrisc/prim/0.1.0/rtl/prim_secded_inv_hamming_76_68_dec.sv
/home/eda/workspace/aixsilicon_ip_repo/ips/lowrisc/prim/0.1.0/rtl/prim_secded_inv_hamming_76_68_enc.sv
/home/eda/workspace/aixsilicon_ip_repo/ips/lowrisc/prim/0.1.0/rtl/prim_subreg.sv
/home/eda/workspace/aixsilicon_ip_repo/ips/lowrisc/prim/0.1.0/rtl/prim_subreg_arb.sv
/home/eda/workspace/aixsilicon_ip_repo/ips/lowrisc/prim/0.1.0/rtl/prim_subreg_ext.sv
/home/eda/workspace/aixsilicon_ip_repo/ip_uart/prim_assert.sv
/home/eda/workspace/aixsilicon_ip_repo/ip_uart/prim_assert_dummy_macros.svh
/home/eda/workspace/aixsilicon_ip_repo/ip_uart/prim_assert_sec_cm.svh
/home/eda/workspace/aixsilicon_ip_repo/ip_uart/prim_flop_macros.sv
/home/eda/workspace/aixsilicon_ip_repo/ips/lowrisc/prim/0.1.0/rtl/prim_xnor2.sv
/home/eda/workspace/aixsilicon_ip_repo/ip_uart/prim_assert.sv
/home/eda/workspace/aixsilicon_ip_repo/ip_uart/prim_assert_dummy_macros.svh
/home/eda/workspace/aixsilicon_ip_repo/ip_uart/prim_assert_sec_cm.svh
/home/eda/workspace/aixsilicon_ip_repo/ip_uart/prim_flop_macros.sv
/home/eda/workspace/aixsilicon_ip_repo/ips/lowrisc/tlul/0.1.0/rtl/tlul_adapter_reg.sv
/home/eda/workspace/aixsilicon_ip_repo/ip_uart/prim_assert.sv
/home/eda/workspace/aixsilicon_ip_repo/ip_uart/prim_assert_dummy_macros.svh
/home/eda/workspace/aixsilicon_ip_repo/ip_uart/prim_assert_sec_cm.svh
/home/eda/workspace/aixsilicon_ip_repo/ip_uart/prim_flop_macros.sv
/home/eda/workspace/aixsilicon_ip_repo/ips/lowrisc/tlul/0.1.0/rtl/tlul_assert.sv
/home/eda/workspace/aixsilicon_ip_repo/ip_uart/prim_assert.sv
/home/eda/workspace/aixsilicon_ip_repo/ip_uart/prim_assert_dummy_macros.svh
/home/eda/workspace/aixsilicon_ip_repo/ip_uart/prim_assert_sec_cm.svh
/home/eda/workspace/aixsilicon_ip_repo/ip_uart/prim_flop_macros.sv
/home/eda/workspace/aixsilicon_ip_repo/ips/lowrisc/tlul/0.1.0/rtl/tlul_cmd_intg_chk.sv
/home/eda/workspace/aixsilicon_ip_repo/ip_uart/prim_assert.sv
/home/eda/workspace/aixsilicon_ip_repo/ip_uart/prim_assert_dummy_macros.svh
/home/eda/workspace/aixsilicon_ip_repo/ip_uart/prim_assert_sec_cm.svh
/home/eda/workspace/aixsilicon_ip_repo/ip_uart/prim_flop_macros.sv
/home/eda/workspace/aixsilicon_ip_repo/ips/lowrisc/tlul/0.1.0/rtl/tlul_data_integ_dec.sv
/home/eda/workspace/aixsilicon_ip_repo/ip_uart/prim_assert.sv
/home/eda/workspace/aixsilicon_ip_repo/ip_uart/prim_assert_dummy_macros.svh
/home/eda/workspace/aixsilicon_ip_repo/ip_uart/prim_assert_sec_cm.svh
/home/eda/workspace/aixsilicon_ip_repo/ip_uart/prim_flop_macros.sv
/home/eda/workspace/aixsilicon_ip_repo/ips/lowrisc/tlul/0.1.0/rtl/tlul_data_integ_enc.sv
/home/eda/workspace/aixsilicon_ip_repo/ip_uart/prim_assert.sv
/home/eda/workspace/aixsilicon_ip_repo/ip_uart/prim_assert_dummy_macros.svh
/home/eda/workspace/aixsilicon_ip_repo/ip_uart/prim_assert_sec_cm.svh
/home/eda/workspace/aixsilicon_ip_repo/ip_uart/prim_flop_macros.sv
/home/eda/workspace/aixsilicon_ip_repo/ips/lowrisc/tlul/0.1.0/rtl/tlul_err.sv
/home/eda/workspace/aixsilicon_ip_repo/ip_uart/prim_assert.sv
/home/eda/workspace/aixsilicon_ip_repo/ip_uart/prim_assert_dummy_macros.svh
/home/eda/workspace/aixsilicon_ip_repo/ip_uart/prim_assert_sec_cm.svh
/home/eda/workspace/aixsilicon_ip_repo/ip_uart/prim_flop_macros.sv
/home/eda/workspace/aixsilicon_ip_repo/ips/lowrisc/tlul/0.1.0/rtl/tlul_rsp_intg_gen.sv
/home/eda/workspace/aixsilicon_ip_repo/ip_uart/rtl/uart_reg_pkg.sv
/home/eda/workspace/aixsilicon_ip_repo/ip_uart/prim_assert.sv
/home/eda/workspace/aixsilicon_ip_repo/ip_uart/prim_assert_dummy_macros.svh
/home/eda/workspace/aixsilicon_ip_repo/ip_uart/prim_assert_sec_cm.svh
/home/eda/workspace/aixsilicon_ip_repo/ip_uart/prim_flop_macros.sv
/home/eda/workspace/aixsilicon_ip_repo/ip_uart/rtl/uart_reg_top.sv
/home/eda/workspace/aixsilicon_ip_repo/ip_uart/rtl/uart_rx.sv
/home/eda/workspace/aixsilicon_ip_repo/ip_uart/rtl/uart_tx.sv
/home/eda/workspace/aixsilicon_ip_repo/ip_uart/prim_assert.sv
/home/eda/workspace/aixsilicon_ip_repo/ip_uart/prim_assert_dummy_macros.svh
/home/eda/workspace/aixsilicon_ip_repo/ip_uart/prim_assert_sec_cm.svh
/home/eda/workspace/aixsilicon_ip_repo/ip_uart/prim_flop_macros.sv
/home/eda/workspace/aixsilicon_ip_repo/ip_uart/rtl/uart_core.sv
/home/eda/workspace/aixsilicon_ip_repo/ip_uart/prim_assert.sv
/home/eda/workspace/aixsilicon_ip_repo/ip_uart/prim_assert_dummy_macros.svh
/home/eda/workspace/aixsilicon_ip_repo/ip_uart/prim_assert_sec_cm.svh
/home/eda/workspace/aixsilicon_ip_repo/ip_uart/prim_flop_macros.sv
/home/eda/workspace/aixsilicon_ip_repo/ip_uart/rtl/uart.sv
/home/eda/workspace/aixsilicon_ip_repo/ip_uart/rtl/generated/uart_csr_pkg.sv
/home/eda/workspace/aixsilicon_ip_repo/ip_uart/rtl/generated/uart_csr.sv
/home/eda/workspace/aixsilicon_ip_repo/ip_uart/prim_assert.sv
/home/eda/workspace/aixsilicon_ip_repo/ip_uart/prim_assert_dummy_macros.svh
/home/eda/workspace/aixsilicon_ip_repo/ip_uart/prim_assert_sec_cm.svh
/home/eda/workspace/aixsilicon_ip_repo/ip_uart/prim_flop_macros.sv
/home/eda/workspace/aixsilicon_ip_repo/ip_uart/rtl/apb2tlul.sv
/home/eda/workspace/aixsilicon_ip_repo/ip_uart/prim_assert.sv
/home/eda/workspace/aixsilicon_ip_repo/ip_uart/prim_assert_dummy_macros.svh
/home/eda/workspace/aixsilicon_ip_repo/ip_uart/prim_assert_sec_cm.svh
/home/eda/workspace/aixsilicon_ip_repo/ip_uart/prim_flop_macros.sv
/home/eda/workspace/aixsilicon_ip_repo/ip_uart/rtl/uart_apb_top.sv
/home/eda/app/synopsys/syn/V-2023.12-SP3/libraries/syn/gtech.db
/home/eda/app/synopsys/syn/V-2023.12-SP3/libraries/syn/standard.sldb
