 
****************************************
Report : area
Design : axi_mpu_REGION_NUM16_PIPELINE0
Version: V-2023.12-SP3
Date   : Thu Sep 10 02:22:01 2026
****************************************

Information: Updating design information... (UID-85)
Warning: Design 'axi_mpu_REGION_NUM16_PIPELINE0' contains 1 high-fanout nets. A fanout number of 1000 will be used for delay calculations involving these nets. (TIM-134)
Library(s) Used:

    sc9_cmos28lp_base_hvt_tt_nominal_max_1p00v_25c (File: /home/eda/pdk/CMOS28NM/extracted/GF21LB004-FB-00000-r5p0-03rel0/arm/cp/cmos28lp/sc9_base_hvt/r5p0/db/sc9_cmos28lp_base_hvt_tt_nominal_max_1p00v_25c.db)

Number of ports:                        12867
Number of nets:                         37752
Number of cells:                        26778
Number of combinational cells:          23635
Number of sequential cells:              3082
Number of macros/black boxes:               0
Number of buf/inv:                       9749
Number of references:                      62

Combinational area:              14906.034045
Buf/Inv area:                     3905.694069
Noncombinational area:            7933.886638
Macro/Black Box area:                0.000000
Net Interconnect area:               0.000000

Total cell area:                 22839.920683
Total area:                      22839.920683
1
