 
****************************************
Report : qor
Design : axi_mpu_REGION_NUM16_PIPELINE1
Version: V-2023.12-SP3
Date   : Thu Sep 10 02:38:34 2026
****************************************


  Timing Path Group 'clk'
  -----------------------------------
  Levels of Logic:              79.00
  Critical Path Length:          3.96
  Critical Path Slack:          -1.50
  Critical Path Clk Period:      2.50
  Total Negative Slack:       -186.31
  No. of Violating Paths:      126.00
  Worst Hold Violation:          0.00
  Total Hold Violation:          0.00
  No. of Hold Violations:        0.00
  -----------------------------------


  Cell Count
  -----------------------------------
  Hierarchical Cell Count:         61
  Hierarchical Port Count:      11820
  Leaf Cell Count:              27335
  Buf/Inv Cell Count:            9715
  Buf Cell Count:                1327
  Inv Cell Count:                8388
  CT Buf/Inv Cell Count:            0
  Combinational Cell Count:     24253
  Sequential Cell Count:         3082
  Macro Count:                      0
  -----------------------------------


  Area
  -----------------------------------
  Combinational Area:    17584.866029
  Noncombinational Area:  8200.529828
  Buf/Inv Area:           4161.807068
  Total Buffer Area:           842.05
  Total Inverter Area:        3319.76
  Macro/Black Box Area:      0.000000
  Net Area:                  0.000000
  -----------------------------------
  Cell Area:             25785.395858
  Design Area:           25785.395858


  Design Rules
  -----------------------------------
  Total Number of Nets:         27915
  Nets With Violations:             0
  Max Trans Violations:             0
  Max Cap Violations:               0
  -----------------------------------


  Hostname: localhost.localdomain

  Compile CPU Statistics
  -----------------------------------------
  Resource Sharing:                    9.17
  Logic Optimization:                 73.00
  Mapping Optimization:              185.11
  -----------------------------------------
  Overall Compile Time:              271.81
  Overall Compile Wall Clock Time:   273.56

  --------------------------------------------------------------------

  Design  WNS: 1.50  TNS: 186.31  Number of Violating Paths: 126


  Design (Hold)  WNS: 0.00  TNS: 0.00  Number of Violating Paths: 0

  --------------------------------------------------------------------


1
