Command: /home/eda/workspace/aixsilicon_ip_repo/ip_uart/./simv +UVM_TESTNAME=tc_uart_smoke +UVM_VERBOSITY=UVM_MEDIUM -l reports/quality/run_smoke.log
Chronologic VCS simulator copyright 1991-2024
Contains Synopsys proprietary information.
Compiler version W-2024.09-SP1_Full64; Runtime version W-2024.09-SP1_Full64;  Aug 11 06:48 2026
UVM_INFO /home/eda/app/synopsys/vcs/W-2024.09-SP1/etc/uvm-1.2/base/uvm_root.svh(402) @ 0: reporter [UVM/RELNOTES] 
----------------------------------------------------------------
UVM-1.2.Synopsys
(C) 2007-2014 Mentor Graphics Corporation
(C) 2007-2014 Cadence Design Systems, Inc.
(C) 2006-2014 Synopsys, Inc.
(C) 2011-2013 Cypress Semiconductor Corp.
(C) 2013-2014 NVIDIA Corporation
----------------------------------------------------------------

  ***********       IMPORTANT RELEASE NOTES         ************

  You are using a version of the UVM library that has been compiled
  with `UVM_OBJECT_DO_NOT_NEED_CONSTRUCTOR undefined.
  See http://www.eda.org/svdb/view.php?id=3770 for more details.

      (Specify +UVM_NO_RELNOTES to turn off this notice)

UVM_INFO @ 0: reporter [RNTST] Running test tc_uart_smoke...
UVM_INFO verification/env/utils/tlul_utils/src/tlul_interface_agent.sv(88) @ 0: uvm_test_top.env.tlul_agent [tlul_interface_agent] Configuration retrieved: active=1, mode=0, enable_cov=1
UVM_INFO verification/env/utils/uart_utils/src/uart_interface_agent.sv(88) @ 0: uvm_test_top.env.uart_agent [uart_interface_agent] Configuration retrieved: active=1, mode=0, enable_cov=1
UVM_INFO verification/tc/tc_uart_smoke.sv(54) @ 0: uvm_test_top [tc_uart_smoke] === tc_uart_smoke: start ===
UVM_INFO verification/env/uart_virtual_sequence.sv(179) @ 0: uvm_test_top.env.v_sqr@@vseq [uart_smoke_vseq] === uart_smoke_vseq: reset + register + loopback ===
UVM_INFO verification/env/uart_virtual_sequence.sv(99) @ 525000: uvm_test_top.env.v_sqr@@vseq [VSEQ] TLUL READ  addr=0x14 data=0x3c
UVM_INFO verification/env/uart_virtual_sequence.sv(184) @ 525000: uvm_test_top.env.v_sqr@@vseq [uart_smoke_vseq] STATUS after reset = 0x0000003c
UVM_INFO verification/env/uart_virtual_sequence.sv(82) @ 565000: uvm_test_top.env.v_sqr@@vseq [VSEQ] TLUL WRITE addr=0x10 data=0x10000b
UVM_INFO verification/env/uart_virtual_sequence.sv(99) @ 605000: uvm_test_top.env.v_sqr@@vseq [VSEQ] TLUL READ  addr=0x10 data=0x100003
UVM_INFO verification/env/uart_virtual_sequence.sv(82) @ 645000: uvm_test_top.env.v_sqr@@vseq [VSEQ] TLUL WRITE addr=0x1c data=0xa5
UVM_INFO verification/env/uart_virtual_sequence.sv(99) @ 685000: uvm_test_top.env.v_sqr@@vseq [VSEQ] TLUL READ  addr=0x14 data=0x30
UVM_INFO verification/env/uart_virtual_sequence.sv(99) @ 905000: uvm_test_top.env.v_sqr@@vseq [VSEQ] TLUL READ  addr=0x14 data=0x30
UVM_INFO verification/env/uart_virtual_sequence.sv(99) @ 1125000: uvm_test_top.env.v_sqr@@vseq [VSEQ] TLUL READ  addr=0x14 data=0x30
UVM_INFO verification/env/uart_virtual_sequence.sv(99) @ 1345000: uvm_test_top.env.v_sqr@@vseq [VSEQ] TLUL READ  addr=0x14 data=0x30
UVM_INFO verification/env/uart_virtual_sequence.sv(99) @ 1565000: uvm_test_top.env.v_sqr@@vseq [VSEQ] TLUL READ  addr=0x14 data=0x30
UVM_INFO verification/env/uart_virtual_sequence.sv(99) @ 1785000: uvm_test_top.env.v_sqr@@vseq [VSEQ] TLUL READ  addr=0x14 data=0x30
UVM_INFO verification/env/uart_virtual_sequence.sv(99) @ 2005000: uvm_test_top.env.v_sqr@@vseq [VSEQ] TLUL READ  addr=0x14 data=0x30
UVM_INFO verification/env/uart_virtual_sequence.sv(99) @ 2225000: uvm_test_top.env.v_sqr@@vseq [VSEQ] TLUL READ  addr=0x14 data=0x30
UVM_INFO verification/env/uart_virtual_sequence.sv(99) @ 2445000: uvm_test_top.env.v_sqr@@vseq [VSEQ] TLUL READ  addr=0x14 data=0x30
UVM_INFO verification/env/uart_virtual_sequence.sv(99) @ 2665000: uvm_test_top.env.v_sqr@@vseq [VSEQ] TLUL READ  addr=0x14 data=0x30
UVM_INFO verification/env/uart_virtual_sequence.sv(99) @ 2885000: uvm_test_top.env.v_sqr@@vseq [VSEQ] TLUL READ  addr=0x14 data=0x30
UVM_INFO verification/env/uart_virtual_sequence.sv(99) @ 3105000: uvm_test_top.env.v_sqr@@vseq [VSEQ] TLUL READ  addr=0x14 data=0x30
UVM_INFO verification/env/uart_virtual_sequence.sv(99) @ 3325000: uvm_test_top.env.v_sqr@@vseq [VSEQ] TLUL READ  addr=0x14 data=0x30
UVM_INFO verification/env/uart_virtual_sequence.sv(99) @ 3545000: uvm_test_top.env.v_sqr@@vseq [VSEQ] TLUL READ  addr=0x14 data=0x30
UVM_INFO verification/env/uart_virtual_sequence.sv(99) @ 3765000: uvm_test_top.env.v_sqr@@vseq [VSEQ] TLUL READ  addr=0x14 data=0x30
UVM_INFO verification/env/uart_virtual_sequence.sv(99) @ 3985000: uvm_test_top.env.v_sqr@@vseq [VSEQ] TLUL READ  addr=0x14 data=0x30
UVM_INFO verification/env/uart_virtual_sequence.sv(99) @ 4205000: uvm_test_top.env.v_sqr@@vseq [VSEQ] TLUL READ  addr=0x14 data=0x30
UVM_INFO verification/env/uart_virtual_sequence.sv(99) @ 4425000: uvm_test_top.env.v_sqr@@vseq [VSEQ] TLUL READ  addr=0x14 data=0x30
UVM_INFO verification/env/uart_virtual_sequence.sv(99) @ 4645000: uvm_test_top.env.v_sqr@@vseq [VSEQ] TLUL READ  addr=0x14 data=0x30
UVM_INFO verification/env/uart_virtual_sequence.sv(99) @ 4865000: uvm_test_top.env.v_sqr@@vseq [VSEQ] TLUL READ  addr=0x14 data=0x30
UVM_INFO verification/env/uart_virtual_sequence.sv(99) @ 5085000: uvm_test_top.env.v_sqr@@vseq [VSEQ] TLUL READ  addr=0x14 data=0x30
UVM_INFO verification/env/uart_virtual_sequence.sv(99) @ 5305000: uvm_test_top.env.v_sqr@@vseq [VSEQ] TLUL READ  addr=0x14 data=0x30
UVM_INFO verification/env/uart_virtual_sequence.sv(99) @ 5525000: uvm_test_top.env.v_sqr@@vseq [VSEQ] TLUL READ  addr=0x14 data=0x30
UVM_INFO verification/env/uart_virtual_sequence.sv(99) @ 5745000: uvm_test_top.env.v_sqr@@vseq [VSEQ] TLUL READ  addr=0x14 data=0x30
UVM_INFO verification/env/uart_virtual_sequence.sv(99) @ 5965000: uvm_test_top.env.v_sqr@@vseq [VSEQ] TLUL READ  addr=0x14 data=0x30
UVM_INFO verification/env/uart_virtual_sequence.sv(99) @ 6185000: uvm_test_top.env.v_sqr@@vseq [VSEQ] TLUL READ  addr=0x14 data=0x30
UVM_INFO verification/env/uart_virtual_sequence.sv(99) @ 6405000: uvm_test_top.env.v_sqr@@vseq [VSEQ] TLUL READ  addr=0x14 data=0x30
UVM_INFO verification/env/uart_virtual_sequence.sv(99) @ 6625000: uvm_test_top.env.v_sqr@@vseq [VSEQ] TLUL READ  addr=0x14 data=0x30
UVM_INFO verification/env/uart_virtual_sequence.sv(99) @ 6845000: uvm_test_top.env.v_sqr@@vseq [VSEQ] TLUL READ  addr=0x14 data=0x30
UVM_INFO verification/env/uart_virtual_sequence.sv(99) @ 7065000: uvm_test_top.env.v_sqr@@vseq [VSEQ] TLUL READ  addr=0x14 data=0x30
UVM_INFO verification/env/uart_virtual_sequence.sv(99) @ 7285000: uvm_test_top.env.v_sqr@@vseq [VSEQ] TLUL READ  addr=0x14 data=0x30
UVM_INFO verification/env/uart_virtual_sequence.sv(99) @ 7505000: uvm_test_top.env.v_sqr@@vseq [VSEQ] TLUL READ  addr=0x14 data=0x30
UVM_INFO verification/env/uart_virtual_sequence.sv(99) @ 7725000: uvm_test_top.env.v_sqr@@vseq [VSEQ] TLUL READ  addr=0x14 data=0x30
UVM_INFO verification/env/uart_virtual_sequence.sv(99) @ 7945000: uvm_test_top.env.v_sqr@@vseq [VSEQ] TLUL READ  addr=0x14 data=0x30
UVM_INFO verification/env/uart_virtual_sequence.sv(99) @ 8165000: uvm_test_top.env.v_sqr@@vseq [VSEQ] TLUL READ  addr=0x14 data=0x30
UVM_INFO verification/env/uart_virtual_sequence.sv(99) @ 8385000: uvm_test_top.env.v_sqr@@vseq [VSEQ] TLUL READ  addr=0x14 data=0x30
UVM_INFO verification/env/uart_virtual_sequence.sv(99) @ 8605000: uvm_test_top.env.v_sqr@@vseq [VSEQ] TLUL READ  addr=0x14 data=0x30
UVM_INFO verification/env/uart_virtual_sequence.sv(99) @ 8825000: uvm_test_top.env.v_sqr@@vseq [VSEQ] TLUL READ  addr=0x14 data=0x30
UVM_INFO verification/env/uart_virtual_sequence.sv(99) @ 9045000: uvm_test_top.env.v_sqr@@vseq [VSEQ] TLUL READ  addr=0x14 data=0x30
UVM_INFO verification/env/uart_virtual_sequence.sv(99) @ 9265000: uvm_test_top.env.v_sqr@@vseq [VSEQ] TLUL READ  addr=0x14 data=0x30
UVM_INFO verification/env/uart_virtual_sequence.sv(99) @ 9485000: uvm_test_top.env.v_sqr@@vseq [VSEQ] TLUL READ  addr=0x14 data=0x30
UVM_INFO verification/env/uart_virtual_sequence.sv(99) @ 9705000: uvm_test_top.env.v_sqr@@vseq [VSEQ] TLUL READ  addr=0x14 data=0x30
UVM_INFO verification/env/uart_virtual_sequence.sv(99) @ 9925000: uvm_test_top.env.v_sqr@@vseq [VSEQ] TLUL READ  addr=0x14 data=0x30
UVM_INFO verification/env/uart_virtual_sequence.sv(99) @ 10145000: uvm_test_top.env.v_sqr@@vseq [VSEQ] TLUL READ  addr=0x14 data=0x30
UVM_INFO verification/env/uart_virtual_sequence.sv(99) @ 10365000: uvm_test_top.env.v_sqr@@vseq [VSEQ] TLUL READ  addr=0x14 data=0x30
UVM_INFO verification/env/uart_virtual_sequence.sv(99) @ 10585000: uvm_test_top.env.v_sqr@@vseq [VSEQ] TLUL READ  addr=0x14 data=0x30
UVM_INFO verification/env/uart_virtual_sequence.sv(99) @ 10805000: uvm_test_top.env.v_sqr@@vseq [VSEQ] TLUL READ  addr=0x14 data=0x30
UVM_INFO verification/env/uart_virtual_sequence.sv(99) @ 11025000: uvm_test_top.env.v_sqr@@vseq [VSEQ] TLUL READ  addr=0x14 data=0x30
UVM_INFO verification/env/uart_virtual_sequence.sv(99) @ 11245000: uvm_test_top.env.v_sqr@@vseq [VSEQ] TLUL READ  addr=0x14 data=0x30
UVM_INFO verification/env/uart_virtual_sequence.sv(99) @ 11465000: uvm_test_top.env.v_sqr@@vseq [VSEQ] TLUL READ  addr=0x14 data=0x30
UVM_INFO verification/env/uart_virtual_sequence.sv(99) @ 11685000: uvm_test_top.env.v_sqr@@vseq [VSEQ] TLUL READ  addr=0x14 data=0x30
UVM_INFO verification/env/uart_virtual_sequence.sv(99) @ 11905000: uvm_test_top.env.v_sqr@@vseq [VSEQ] TLUL READ  addr=0x14 data=0x30
UVM_INFO verification/env/uart_virtual_sequence.sv(99) @ 12125000: uvm_test_top.env.v_sqr@@vseq [VSEQ] TLUL READ  addr=0x14 data=0x30
UVM_INFO verification/env/uart_virtual_sequence.sv(99) @ 12345000: uvm_test_top.env.v_sqr@@vseq [VSEQ] TLUL READ  addr=0x14 data=0x30
UVM_INFO verification/env/uart_virtual_sequence.sv(99) @ 12565000: uvm_test_top.env.v_sqr@@vseq [VSEQ] TLUL READ  addr=0x14 data=0x30
UVM_INFO verification/env/uart_virtual_sequence.sv(99) @ 12785000: uvm_test_top.env.v_sqr@@vseq [VSEQ] TLUL READ  addr=0x14 data=0x30
UVM_INFO verification/env/uart_virtual_sequence.sv(99) @ 13005000: uvm_test_top.env.v_sqr@@vseq [VSEQ] TLUL READ  addr=0x14 data=0x30
UVM_INFO verification/env/uart_virtual_sequence.sv(99) @ 13225000: uvm_test_top.env.v_sqr@@vseq [VSEQ] TLUL READ  addr=0x14 data=0x30
UVM_INFO verification/env/uart_virtual_sequence.sv(99) @ 13445000: uvm_test_top.env.v_sqr@@vseq [VSEQ] TLUL READ  addr=0x14 data=0x30
UVM_INFO verification/env/uart_virtual_sequence.sv(99) @ 13665000: uvm_test_top.env.v_sqr@@vseq [VSEQ] TLUL READ  addr=0x14 data=0x30
UVM_INFO verification/env/uart_virtual_sequence.sv(99) @ 13885000: uvm_test_top.env.v_sqr@@vseq [VSEQ] TLUL READ  addr=0x14 data=0x30
UVM_INFO verification/env/uart_virtual_sequence.sv(99) @ 14105000: uvm_test_top.env.v_sqr@@vseq [VSEQ] TLUL READ  addr=0x14 data=0x30
UVM_INFO verification/env/uart_virtual_sequence.sv(99) @ 14325000: uvm_test_top.env.v_sqr@@vseq [VSEQ] TLUL READ  addr=0x14 data=0x30
UVM_INFO verification/env/uart_virtual_sequence.sv(99) @ 14545000: uvm_test_top.env.v_sqr@@vseq [VSEQ] TLUL READ  addr=0x14 data=0x30
UVM_INFO verification/env/uart_virtual_sequence.sv(99) @ 14765000: uvm_test_top.env.v_sqr@@vseq [VSEQ] TLUL READ  addr=0x14 data=0x30
UVM_INFO verification/env/uart_virtual_sequence.sv(99) @ 14985000: uvm_test_top.env.v_sqr@@vseq [VSEQ] TLUL READ  addr=0x14 data=0x30
UVM_INFO verification/env/uart_virtual_sequence.sv(99) @ 15205000: uvm_test_top.env.v_sqr@@vseq [VSEQ] TLUL READ  addr=0x14 data=0x30
UVM_INFO verification/env/uart_virtual_sequence.sv(99) @ 15425000: uvm_test_top.env.v_sqr@@vseq [VSEQ] TLUL READ  addr=0x14 data=0x30
UVM_INFO verification/env/uart_virtual_sequence.sv(99) @ 15645000: uvm_test_top.env.v_sqr@@vseq [VSEQ] TLUL READ  addr=0x14 data=0x30
UVM_INFO verification/env/uart_virtual_sequence.sv(99) @ 15865000: uvm_test_top.env.v_sqr@@vseq [VSEQ] TLUL READ  addr=0x14 data=0x30
UVM_INFO verification/env/uart_virtual_sequence.sv(99) @ 16085000: uvm_test_top.env.v_sqr@@vseq [VSEQ] TLUL READ  addr=0x14 data=0x30
UVM_INFO verification/env/uart_virtual_sequence.sv(99) @ 16305000: uvm_test_top.env.v_sqr@@vseq [VSEQ] TLUL READ  addr=0x14 data=0x30
UVM_INFO verification/env/uart_virtual_sequence.sv(99) @ 16525000: uvm_test_top.env.v_sqr@@vseq [VSEQ] TLUL READ  addr=0x14 data=0x30
UVM_INFO verification/env/uart_virtual_sequence.sv(99) @ 16745000: uvm_test_top.env.v_sqr@@vseq [VSEQ] TLUL READ  addr=0x14 data=0x30
UVM_INFO verification/env/uart_virtual_sequence.sv(99) @ 16965000: uvm_test_top.env.v_sqr@@vseq [VSEQ] TLUL READ  addr=0x14 data=0x30
UVM_INFO verification/env/uart_virtual_sequence.sv(99) @ 17185000: uvm_test_top.env.v_sqr@@vseq [VSEQ] TLUL READ  addr=0x14 data=0x30
UVM_INFO verification/env/uart_virtual_sequence.sv(99) @ 17405000: uvm_test_top.env.v_sqr@@vseq [VSEQ] TLUL READ  addr=0x14 data=0x30
UVM_INFO verification/env/uart_virtual_sequence.sv(99) @ 17625000: uvm_test_top.env.v_sqr@@vseq [VSEQ] TLUL READ  addr=0x14 data=0x30
UVM_INFO verification/env/uart_virtual_sequence.sv(99) @ 17845000: uvm_test_top.env.v_sqr@@vseq [VSEQ] TLUL READ  addr=0x14 data=0x30
UVM_INFO verification/env/uart_virtual_sequence.sv(99) @ 18065000: uvm_test_top.env.v_sqr@@vseq [VSEQ] TLUL READ  addr=0x14 data=0x30
UVM_INFO verification/env/uart_virtual_sequence.sv(99) @ 18285000: uvm_test_top.env.v_sqr@@vseq [VSEQ] TLUL READ  addr=0x14 data=0x30
UVM_INFO verification/env/uart_virtual_sequence.sv(99) @ 18505000: uvm_test_top.env.v_sqr@@vseq [VSEQ] TLUL READ  addr=0x14 data=0x30
UVM_INFO verification/env/uart_virtual_sequence.sv(99) @ 18725000: uvm_test_top.env.v_sqr@@vseq [VSEQ] TLUL READ  addr=0x14 data=0x30
UVM_INFO verification/env/uart_virtual_sequence.sv(99) @ 18945000: uvm_test_top.env.v_sqr@@vseq [VSEQ] TLUL READ  addr=0x14 data=0x30
UVM_INFO verification/env/uart_virtual_sequence.sv(99) @ 19165000: uvm_test_top.env.v_sqr@@vseq [VSEQ] TLUL READ  addr=0x14 data=0x30
UVM_INFO verification/env/uart_virtual_sequence.sv(99) @ 19385000: uvm_test_top.env.v_sqr@@vseq [VSEQ] TLUL READ  addr=0x14 data=0x30
UVM_INFO verification/env/uart_virtual_sequence.sv(99) @ 19605000: uvm_test_top.env.v_sqr@@vseq [VSEQ] TLUL READ  addr=0x14 data=0x30
UVM_INFO verification/env/uart_virtual_sequence.sv(99) @ 19825000: uvm_test_top.env.v_sqr@@vseq [VSEQ] TLUL READ  addr=0x14 data=0x30
UVM_INFO verification/env/uart_virtual_sequence.sv(99) @ 20045000: uvm_test_top.env.v_sqr@@vseq [VSEQ] TLUL READ  addr=0x14 data=0x30
UVM_INFO verification/env/uart_virtual_sequence.sv(99) @ 20265000: uvm_test_top.env.v_sqr@@vseq [VSEQ] TLUL READ  addr=0x14 data=0x30
UVM_INFO verification/env/uart_virtual_sequence.sv(99) @ 20485000: uvm_test_top.env.v_sqr@@vseq [VSEQ] TLUL READ  addr=0x14 data=0x30
UVM_INFO verification/env/uart_virtual_sequence.sv(99) @ 20705000: uvm_test_top.env.v_sqr@@vseq [VSEQ] TLUL READ  addr=0x14 data=0x30
UVM_INFO verification/env/uart_virtual_sequence.sv(99) @ 20925000: uvm_test_top.env.v_sqr@@vseq [VSEQ] TLUL READ  addr=0x14 data=0x30
UVM_INFO verification/env/uart_virtual_sequence.sv(99) @ 21145000: uvm_test_top.env.v_sqr@@vseq [VSEQ] TLUL READ  addr=0x14 data=0x30
UVM_INFO verification/env/uart_virtual_sequence.sv(99) @ 21365000: uvm_test_top.env.v_sqr@@vseq [VSEQ] TLUL READ  addr=0x14 data=0x30
UVM_INFO verification/env/uart_virtual_sequence.sv(99) @ 21585000: uvm_test_top.env.v_sqr@@vseq [VSEQ] TLUL READ  addr=0x14 data=0x30
UVM_INFO verification/env/uart_virtual_sequence.sv(99) @ 21805000: uvm_test_top.env.v_sqr@@vseq [VSEQ] TLUL READ  addr=0x14 data=0x30
UVM_INFO verification/env/uart_virtual_sequence.sv(99) @ 22025000: uvm_test_top.env.v_sqr@@vseq [VSEQ] TLUL READ  addr=0x14 data=0x30
UVM_INFO verification/env/uart_virtual_sequence.sv(99) @ 22245000: uvm_test_top.env.v_sqr@@vseq [VSEQ] TLUL READ  addr=0x14 data=0x30
UVM_INFO verification/env/uart_virtual_sequence.sv(99) @ 22465000: uvm_test_top.env.v_sqr@@vseq [VSEQ] TLUL READ  addr=0x14 data=0x30
UVM_INFO verification/env/uart_virtual_sequence.sv(99) @ 22685000: uvm_test_top.env.v_sqr@@vseq [VSEQ] TLUL READ  addr=0x18 data=0x0
UVM_INFO verification/env/uart_virtual_sequence.sv(200) @ 22685000: uvm_test_top.env.v_sqr@@vseq [uart_smoke_vseq] RDATA = 0x00000000 (expect 0x...A5)
UVM_INFO verification/env/uart_virtual_sequence.sv(202) @ 22685000: uvm_test_top.env.v_sqr@@vseq [uart_smoke_vseq] === uart_smoke_vseq done ===
UVM_INFO verification/tc/tc_uart_smoke.sv(59) @ 22685000: uvm_test_top [tc_uart_smoke] === tc_uart_smoke: end ===
UVM_INFO verification/env/uart_checker.sv(272) @ 22685000: uvm_test_top.env.scb [uart_checker] Checker summary: 0 UART matches, 0 UART errors, 
UVM_INFO verification/env/uart_checker.sv(276) @ 22685000: uvm_test_top.env.scb [uart_checker] Checker summary: 0 TL-UL accesses (0 violations), 0 APB accesses (0 violations)
UVM_INFO verification/env/uart_rm.sv(216) @ 22685000: uvm_test_top.env.rm [uart_rm] Reference model summary: 0 predicted TX transactions
UVM_INFO /home/eda/app/synopsys/vcs/W-2024.09-SP1/etc/uvm-1.2/base/uvm_report_server.svh(904) @ 22685000: reporter [UVM/REPORT/SERVER] 
--- UVM Report Summary ---

** Report counts by severity
UVM_INFO :  118
UVM_WARNING :    0
UVM_ERROR :    0
UVM_FATAL :    0
** Report counts by id
[RNTST]     1
[UVM/RELNOTES]     1
[VSEQ]   105
[tc_uart_smoke]     2
[tlul_interface_agent]     1
[uart_checker]     2
[uart_interface_agent]     1
[uart_rm]     1
[uart_smoke_vseq]     4

$finish called from file "/home/eda/app/synopsys/vcs/W-2024.09-SP1/etc/uvm-1.2/base/uvm_root.svh", line 527.
$finish at simulation time             22685000
"../ips/lowrisc/tlul/0.1.0/rtl/tlul_assert.sv", 462: tlul_assert.gen_device_cov.b2bReq_C, 0 attempts, 0 total match, 0 first match
"../ips/lowrisc/tlul/0.1.0/rtl/tlul_assert.sv", 463: tlul_assert.gen_device_cov.b2bReqWithSameAddr_C, 0 attempts, 0 total match, 0 first match
"../ips/lowrisc/tlul/0.1.0/rtl/tlul_assert.sv", 464: tlul_assert.gen_device_cov.aValidNotAccepted_C, 0 attempts, 0 total match, 0 first match
"../ips/lowrisc/tlul/0.1.0/rtl/tlul_assert.sv", 465: tlul_assert.gen_device_cov.b2bSameSource_C, 0 attempts, 0 total match, 0 first match
"../ips/lowrisc/tlul/0.1.0/rtl/tlul_assert.sv", 466: tlul_assert.gen_device_cov.a_addressChangedNotAccepted_C, 0 attempts, 0 total match, 0 first match
"../ips/lowrisc/tlul/0.1.0/rtl/tlul_assert.sv", 467: tlul_assert.gen_device_cov.a_dataChangedNotAccepted_C, 0 attempts, 0 total match, 0 first match
"../ips/lowrisc/tlul/0.1.0/rtl/tlul_assert.sv", 468: tlul_assert.gen_device_cov.a_opcodeChangedNotAccepted_C, 0 attempts, 0 total match, 0 first match
"../ips/lowrisc/tlul/0.1.0/rtl/tlul_assert.sv", 469: tlul_assert.gen_device_cov.a_sizeChangedNotAccepted_C, 0 attempts, 0 total match, 0 first match
"../ips/lowrisc/tlul/0.1.0/rtl/tlul_assert.sv", 470: tlul_assert.gen_device_cov.a_sourceChangedNotAccepted_C, 0 attempts, 0 total match, 0 first match
"../ips/lowrisc/tlul/0.1.0/rtl/tlul_assert.sv", 471: tlul_assert.gen_device_cov.a_maskChangedNotAccepted_C, 0 attempts, 0 total match, 0 first match
           V C S   S i m u l a t i o n   R e p o r t 
Time: 22685000 ps
CPU Time:      0.220 seconds;       Data structure size:   0.6Mb
Tue Aug 11 06:48:28 2026
