Command: vcs -full64 -sverilog -timescale=1ns/1ps -ntb_opts uvm-1.2 +define+UVM_NO_DEPRECATED \
+define+UVM_OBJECT_MUST_HAVE_CONSTRUCTOR -f verification/check_uvm.f -l reports/quality/vcs_env_compile.log \

                         Chronologic VCS (TM)
       Version W-2024.09-SP1_Full64 -- Tue Aug 11 06:51:58 2026

                    Copyright (c) 1991 - 2024 Synopsys, Inc.
   This software and the associated documentation are proprietary to Synopsys,
 Inc. This software may only be used in accordance with the terms and conditions
 of a written license agreement with Synopsys, Inc. All other use, reproduction,
   or distribution of this software is strictly prohibited.  Licensed Products
     communicate with Synopsys servers for the purpose of providing software
    updates, detecting software piracy and verifying that customers are using
    Licensed Products in conformity with the applicable License Key for such
  Licensed Products. Synopsys will use information gathered in connection with
    this process to deliver software updates and pursue software pirates and
                                   infringers.

 Inclusivity & Diversity - Visit SolvNetPlus to read the "Synopsys Statement on
            Inclusivity and Diversity" (Refer to article 000036315 at
                        https://solvnetplus.synopsys.com)

Parsing design file '/home/eda/app/synopsys/vcs/W-2024.09-SP1/etc/uvm-1.2/uvm_pkg.sv'
Parsing included file '/home/eda/app/synopsys/vcs/W-2024.09-SP1/etc/uvm-1.2/uvm_macros.svh'.
Parsing included file '/home/eda/app/synopsys/vcs/W-2024.09-SP1/etc/uvm-1.2/macros/uvm_version_defines.svh'.
Back to file '/home/eda/app/synopsys/vcs/W-2024.09-SP1/etc/uvm-1.2/uvm_macros.svh'.
Parsing included file '/home/eda/app/synopsys/vcs/W-2024.09-SP1/etc/uvm-1.2/macros/uvm_global_defines.svh'.
Back to file '/home/eda/app/synopsys/vcs/W-2024.09-SP1/etc/uvm-1.2/uvm_macros.svh'.
Parsing included file '/home/eda/app/synopsys/vcs/W-2024.09-SP1/etc/uvm-1.2/macros/snps_macros.svp'.
Back to file '/home/eda/app/synopsys/vcs/W-2024.09-SP1/etc/uvm-1.2/uvm_macros.svh'.
Parsing included file '/home/eda/app/synopsys/vcs/W-2024.09-SP1/etc/uvm-1.2/macros/uvm_message_defines.svh'.
Back to file '/home/eda/app/synopsys/vcs/W-2024.09-SP1/etc/uvm-1.2/uvm_macros.svh'.
Parsing included file '/home/eda/app/synopsys/vcs/W-2024.09-SP1/etc/uvm-1.2/macros/uvm_phase_defines.svh'.
Back to file '/home/eda/app/synopsys/vcs/W-2024.09-SP1/etc/uvm-1.2/uvm_macros.svh'.
Parsing included file '/home/eda/app/synopsys/vcs/W-2024.09-SP1/etc/uvm-1.2/macros/uvm_object_defines.svh'.
Back to file '/home/eda/app/synopsys/vcs/W-2024.09-SP1/etc/uvm-1.2/uvm_macros.svh'.
Parsing included file '/home/eda/app/synopsys/vcs/W-2024.09-SP1/etc/uvm-1.2/macros/uvm_printer_defines.svh'.
Back to file '/home/eda/app/synopsys/vcs/W-2024.09-SP1/etc/uvm-1.2/uvm_macros.svh'.
Parsing included file '/home/eda/app/synopsys/vcs/W-2024.09-SP1/etc/uvm-1.2/macros/uvm_tlm_defines.svh'.
Parsing included file '/home/eda/app/synopsys/vcs/W-2024.09-SP1/etc/uvm-1.2/tlm1/uvm_tlm_imps.svh'.
Back to file '/home/eda/app/synopsys/vcs/W-2024.09-SP1/etc/uvm-1.2/macros/uvm_tlm_defines.svh'.
Back to file '/home/eda/app/synopsys/vcs/W-2024.09-SP1/etc/uvm-1.2/uvm_macros.svh'.
Parsing included file '/home/eda/app/synopsys/vcs/W-2024.09-SP1/etc/uvm-1.2/macros/uvm_sequence_defines.svh'.
Back to file '/home/eda/app/synopsys/vcs/W-2024.09-SP1/etc/uvm-1.2/uvm_macros.svh'.
Parsing included file '/home/eda/app/synopsys/vcs/W-2024.09-SP1/etc/uvm-1.2/macros/uvm_callback_defines.svh'.
Back to file '/home/eda/app/synopsys/vcs/W-2024.09-SP1/etc/uvm-1.2/uvm_macros.svh'.
Parsing included file '/home/eda/app/synopsys/vcs/W-2024.09-SP1/etc/uvm-1.2/macros/uvm_reg_defines.svh'.
Back to file '/home/eda/app/synopsys/vcs/W-2024.09-SP1/etc/uvm-1.2/uvm_macros.svh'.
Parsing included file '/home/eda/app/synopsys/vcs/W-2024.09-SP1/etc/uvm-1.2/macros/uvm_deprecated_defines.svh'.
Back to file '/home/eda/app/synopsys/vcs/W-2024.09-SP1/etc/uvm-1.2/uvm_macros.svh'.
Back to file '/home/eda/app/synopsys/vcs/W-2024.09-SP1/etc/uvm-1.2/uvm_pkg.sv'.
Parsing included file '/home/eda/app/synopsys/vcs/W-2024.09-SP1/etc/uvm-1.2/dpi/uvm_dpi.svh'.
Parsing included file '/home/eda/app/synopsys/vcs/W-2024.09-SP1/etc/uvm-1.2/dpi/uvm_hdl.svh'.
Back to file '/home/eda/app/synopsys/vcs/W-2024.09-SP1/etc/uvm-1.2/dpi/uvm_dpi.svh'.
Parsing included file '/home/eda/app/synopsys/vcs/W-2024.09-SP1/etc/uvm-1.2/dpi/uvm_svcmd_dpi.svh'.
Back to file '/home/eda/app/synopsys/vcs/W-2024.09-SP1/etc/uvm-1.2/dpi/uvm_dpi.svh'.
Parsing included file '/home/eda/app/synopsys/vcs/W-2024.09-SP1/etc/uvm-1.2/dpi/uvm_regex.svh'.
Back to file '/home/eda/app/synopsys/vcs/W-2024.09-SP1/etc/uvm-1.2/dpi/uvm_dpi.svh'.
Back to file '/home/eda/app/synopsys/vcs/W-2024.09-SP1/etc/uvm-1.2/uvm_pkg.sv'.
Parsing included file '/home/eda/app/synopsys/vcs/W-2024.09-SP1/etc/uvm-1.2/base/uvm_base.svh'.
Parsing included file '/home/eda/app/synopsys/vcs/W-2024.09-SP1/etc/uvm-1.2/base/uvm_coreservice.svh'.
Back to file '/home/eda/app/synopsys/vcs/W-2024.09-SP1/etc/uvm-1.2/base/uvm_base.svh'.
Parsing included file '/home/eda/app/synopsys/vcs/W-2024.09-SP1/etc/uvm-1.2/base/uvm_version.svh'.
Back to file '/home/eda/app/synopsys/vcs/W-2024.09-SP1/etc/uvm-1.2/base/uvm_base.svh'.
Parsing included file '/home/eda/app/synopsys/vcs/W-2024.09-SP1/etc/uvm-1.2/base/uvm_object_globals.svh'.
Back to file '/home/eda/app/synopsys/vcs/W-2024.09-SP1/etc/uvm-1.2/base/uvm_base.svh'.
Parsing included file '/home/eda/app/synopsys/vcs/W-2024.09-SP1/etc/uvm-1.2/base/uvm_misc.svh'.
Back to file '/home/eda/app/synopsys/vcs/W-2024.09-SP1/etc/uvm-1.2/base/uvm_base.svh'.
Parsing included file '/home/eda/app/synopsys/vcs/W-2024.09-SP1/etc/uvm-1.2/base/uvm_object.svh'.
Back to file '/home/eda/app/synopsys/vcs/W-2024.09-SP1/etc/uvm-1.2/base/uvm_base.svh'.
Parsing included file '/home/eda/app/synopsys/vcs/W-2024.09-SP1/etc/uvm-1.2/base/uvm_pool.svh'.
Back to file '/home/eda/app/synopsys/vcs/W-2024.09-SP1/etc/uvm-1.2/base/uvm_base.svh'.
Parsing included file '/home/eda/app/synopsys/vcs/W-2024.09-SP1/etc/uvm-1.2/base/uvm_queue.svh'.
Back to file '/home/eda/app/synopsys/vcs/W-2024.09-SP1/etc/uvm-1.2/base/uvm_base.svh'.
Parsing included file '/home/eda/app/synopsys/vcs/W-2024.09-SP1/etc/uvm-1.2/base/uvm_factory.svh'.
Back to file '/home/eda/app/synopsys/vcs/W-2024.09-SP1/etc/uvm-1.2/base/uvm_base.svh'.
Parsing included file '/home/eda/app/synopsys/vcs/W-2024.09-SP1/etc/uvm-1.2/base/uvm_registry.svh'.
Back to file '/home/eda/app/synopsys/vcs/W-2024.09-SP1/etc/uvm-1.2/base/uvm_base.svh'.
Parsing included file '/home/eda/app/synopsys/vcs/W-2024.09-SP1/etc/uvm-1.2/base/uvm_spell_chkr.svh'.
Back to file '/home/eda/app/synopsys/vcs/W-2024.09-SP1/etc/uvm-1.2/base/uvm_base.svh'.
Parsing included file '/home/eda/app/synopsys/vcs/W-2024.09-SP1/etc/uvm-1.2/base/uvm_resource.svh'.
Back to file '/home/eda/app/synopsys/vcs/W-2024.09-SP1/etc/uvm-1.2/base/uvm_base.svh'.
Parsing included file '/home/eda/app/synopsys/vcs/W-2024.09-SP1/etc/uvm-1.2/base/uvm_resource_specializations.svh'.
Back to file '/home/eda/app/synopsys/vcs/W-2024.09-SP1/etc/uvm-1.2/base/uvm_base.svh'.
Parsing included file '/home/eda/app/synopsys/vcs/W-2024.09-SP1/etc/uvm-1.2/base/uvm_resource_db.svh'.
Back to file '/home/eda/app/synopsys/vcs/W-2024.09-SP1/etc/uvm-1.2/base/uvm_base.svh'.
Parsing included file '/home/eda/app/synopsys/vcs/W-2024.09-SP1/etc/uvm-1.2/base/uvm_config_db.svh'.
Back to file '/home/eda/app/synopsys/vcs/W-2024.09-SP1/etc/uvm-1.2/base/uvm_base.svh'.
Parsing included file '/home/eda/app/synopsys/vcs/W-2024.09-SP1/etc/uvm-1.2/base/uvm_printer.svh'.
Back to file '/home/eda/app/synopsys/vcs/W-2024.09-SP1/etc/uvm-1.2/base/uvm_base.svh'.
Parsing included file '/home/eda/app/synopsys/vcs/W-2024.09-SP1/etc/uvm-1.2/base/uvm_comparer.svh'.
Back to file '/home/eda/app/synopsys/vcs/W-2024.09-SP1/etc/uvm-1.2/base/uvm_base.svh'.
Parsing included file '/home/eda/app/synopsys/vcs/W-2024.09-SP1/etc/uvm-1.2/base/uvm_packer.svh'.
Back to file '/home/eda/app/synopsys/vcs/W-2024.09-SP1/etc/uvm-1.2/base/uvm_base.svh'.
Parsing included file '/home/eda/app/synopsys/vcs/W-2024.09-SP1/etc/uvm-1.2/base/uvm_links.svh'.
Back to file '/home/eda/app/synopsys/vcs/W-2024.09-SP1/etc/uvm-1.2/base/uvm_base.svh'.
Parsing included file '/home/eda/app/synopsys/vcs/W-2024.09-SP1/etc/uvm-1.2/base/uvm_tr_database.svh'.
Back to file '/home/eda/app/synopsys/vcs/W-2024.09-SP1/etc/uvm-1.2/base/uvm_base.svh'.
Parsing included file '/home/eda/app/synopsys/vcs/W-2024.09-SP1/etc/uvm-1.2/base/uvm_tr_stream.svh'.
Back to file '/home/eda/app/synopsys/vcs/W-2024.09-SP1/etc/uvm-1.2/base/uvm_base.svh'.
Parsing included file '/home/eda/app/synopsys/vcs/W-2024.09-SP1/etc/uvm-1.2/base/uvm_recorder.svh'.
Back to file '/home/eda/app/synopsys/vcs/W-2024.09-SP1/etc/uvm-1.2/base/uvm_base.svh'.
Parsing included file '/home/eda/app/synopsys/vcs/W-2024.09-SP1/etc/uvm-1.2/base/uvm_event_callback.svh'.
Back to file '/home/eda/app/synopsys/vcs/W-2024.09-SP1/etc/uvm-1.2/base/uvm_base.svh'.
Parsing included file '/home/eda/app/synopsys/vcs/W-2024.09-SP1/etc/uvm-1.2/base/uvm_event.svh'.
Back to file '/home/eda/app/synopsys/vcs/W-2024.09-SP1/etc/uvm-1.2/base/uvm_base.svh'.
Parsing included file '/home/eda/app/synopsys/vcs/W-2024.09-SP1/etc/uvm-1.2/base/uvm_barrier.svh'.
Back to file '/home/eda/app/synopsys/vcs/W-2024.09-SP1/etc/uvm-1.2/base/uvm_base.svh'.
Parsing included file '/home/eda/app/synopsys/vcs/W-2024.09-SP1/etc/uvm-1.2/base/uvm_callback.svh'.
Parsing included file '/home/eda/app/synopsys/vcs/W-2024.09-SP1/etc/uvm-1.2/uvm_macros.svh'.
Back to file '/home/eda/app/synopsys/vcs/W-2024.09-SP1/etc/uvm-1.2/base/uvm_callback.svh'.
Back to file '/home/eda/app/synopsys/vcs/W-2024.09-SP1/etc/uvm-1.2/base/uvm_base.svh'.
Parsing included file '/home/eda/app/synopsys/vcs/W-2024.09-SP1/etc/uvm-1.2/base/uvm_report_message.svh'.
Back to file '/home/eda/app/synopsys/vcs/W-2024.09-SP1/etc/uvm-1.2/base/uvm_base.svh'.
Parsing included file '/home/eda/app/synopsys/vcs/W-2024.09-SP1/etc/uvm-1.2/base/uvm_report_catcher.svh'.
Back to file '/home/eda/app/synopsys/vcs/W-2024.09-SP1/etc/uvm-1.2/base/uvm_base.svh'.
Parsing included file '/home/eda/app/synopsys/vcs/W-2024.09-SP1/etc/uvm-1.2/base/uvm_report_server.svh'.
Back to file '/home/eda/app/synopsys/vcs/W-2024.09-SP1/etc/uvm-1.2/base/uvm_base.svh'.
Parsing included file '/home/eda/app/synopsys/vcs/W-2024.09-SP1/etc/uvm-1.2/base/uvm_report_handler.svh'.
Back to file '/home/eda/app/synopsys/vcs/W-2024.09-SP1/etc/uvm-1.2/base/uvm_base.svh'.
Parsing included file '/home/eda/app/synopsys/vcs/W-2024.09-SP1/etc/uvm-1.2/base/uvm_report_object.svh'.
Back to file '/home/eda/app/synopsys/vcs/W-2024.09-SP1/etc/uvm-1.2/base/uvm_base.svh'.
Parsing included file '/home/eda/app/synopsys/vcs/W-2024.09-SP1/etc/uvm-1.2/base/uvm_transaction.svh'.
Back to file '/home/eda/app/synopsys/vcs/W-2024.09-SP1/etc/uvm-1.2/base/uvm_base.svh'.
Parsing included file '/home/eda/app/synopsys/vcs/W-2024.09-SP1/etc/uvm-1.2/base/uvm_phase.svh'.
Back to file '/home/eda/app/synopsys/vcs/W-2024.09-SP1/etc/uvm-1.2/base/uvm_base.svh'.
Parsing included file '/home/eda/app/synopsys/vcs/W-2024.09-SP1/etc/uvm-1.2/base/uvm_domain.svh'.
Back to file '/home/eda/app/synopsys/vcs/W-2024.09-SP1/etc/uvm-1.2/base/uvm_base.svh'.
Parsing included file '/home/eda/app/synopsys/vcs/W-2024.09-SP1/etc/uvm-1.2/base/uvm_bottomup_phase.svh'.
Back to file '/home/eda/app/synopsys/vcs/W-2024.09-SP1/etc/uvm-1.2/base/uvm_base.svh'.
Parsing included file '/home/eda/app/synopsys/vcs/W-2024.09-SP1/etc/uvm-1.2/base/uvm_topdown_phase.svh'.
Back to file '/home/eda/app/synopsys/vcs/W-2024.09-SP1/etc/uvm-1.2/base/uvm_base.svh'.
Parsing included file '/home/eda/app/synopsys/vcs/W-2024.09-SP1/etc/uvm-1.2/base/uvm_task_phase.svh'.
Back to file '/home/eda/app/synopsys/vcs/W-2024.09-SP1/etc/uvm-1.2/base/uvm_base.svh'.
Parsing included file '/home/eda/app/synopsys/vcs/W-2024.09-SP1/etc/uvm-1.2/base/uvm_common_phases.svh'.
Back to file '/home/eda/app/synopsys/vcs/W-2024.09-SP1/etc/uvm-1.2/base/uvm_base.svh'.
Parsing included file '/home/eda/app/synopsys/vcs/W-2024.09-SP1/etc/uvm-1.2/base/uvm_runtime_phases.svh'.
Back to file '/home/eda/app/synopsys/vcs/W-2024.09-SP1/etc/uvm-1.2/base/uvm_base.svh'.
Parsing included file '/home/eda/app/synopsys/vcs/W-2024.09-SP1/etc/uvm-1.2/base/uvm_component.svh'.
Parsing included file '/home/eda/app/synopsys/vcs/W-2024.09-SP1/etc/uvm-1.2/base/uvm_root.svh'.
Back to file '/home/eda/app/synopsys/vcs/W-2024.09-SP1/etc/uvm-1.2/base/uvm_component.svh'.
Back to file '/home/eda/app/synopsys/vcs/W-2024.09-SP1/etc/uvm-1.2/base/uvm_base.svh'.
Parsing included file '/home/eda/app/synopsys/vcs/W-2024.09-SP1/etc/uvm-1.2/base/uvm_objection.svh'.
Back to file '/home/eda/app/synopsys/vcs/W-2024.09-SP1/etc/uvm-1.2/base/uvm_base.svh'.
Parsing included file '/home/eda/app/synopsys/vcs/W-2024.09-SP1/etc/uvm-1.2/base/uvm_heartbeat.svh'.
Back to file '/home/eda/app/synopsys/vcs/W-2024.09-SP1/etc/uvm-1.2/base/uvm_base.svh'.
Parsing included file '/home/eda/app/synopsys/vcs/W-2024.09-SP1/etc/uvm-1.2/base/uvm_globals.svh'.
Back to file '/home/eda/app/synopsys/vcs/W-2024.09-SP1/etc/uvm-1.2/base/uvm_base.svh'.
Parsing included file '/home/eda/app/synopsys/vcs/W-2024.09-SP1/etc/uvm-1.2/base/uvm_cmdline_processor.svh'.
Back to file '/home/eda/app/synopsys/vcs/W-2024.09-SP1/etc/uvm-1.2/base/uvm_base.svh'.
Parsing included file '/home/eda/app/synopsys/vcs/W-2024.09-SP1/etc/uvm-1.2/base/uvm_traversal.svh'.
Back to file '/home/eda/app/synopsys/vcs/W-2024.09-SP1/etc/uvm-1.2/base/uvm_base.svh'.
Back to file '/home/eda/app/synopsys/vcs/W-2024.09-SP1/etc/uvm-1.2/uvm_pkg.sv'.
Parsing included file '/home/eda/app/synopsys/vcs/W-2024.09-SP1/etc/uvm-1.2/dap/uvm_dap.svh'.
Parsing included file '/home/eda/app/synopsys/vcs/W-2024.09-SP1/etc/uvm-1.2/dap/uvm_set_get_dap_base.svh'.
Back to file '/home/eda/app/synopsys/vcs/W-2024.09-SP1/etc/uvm-1.2/dap/uvm_dap.svh'.
Parsing included file '/home/eda/app/synopsys/vcs/W-2024.09-SP1/etc/uvm-1.2/dap/uvm_simple_lock_dap.svh'.
Back to file '/home/eda/app/synopsys/vcs/W-2024.09-SP1/etc/uvm-1.2/dap/uvm_dap.svh'.
Parsing included file '/home/eda/app/synopsys/vcs/W-2024.09-SP1/etc/uvm-1.2/dap/uvm_get_to_lock_dap.svh'.
Back to file '/home/eda/app/synopsys/vcs/W-2024.09-SP1/etc/uvm-1.2/dap/uvm_dap.svh'.
Parsing included file '/home/eda/app/synopsys/vcs/W-2024.09-SP1/etc/uvm-1.2/dap/uvm_set_before_get_dap.svh'.
Back to file '/home/eda/app/synopsys/vcs/W-2024.09-SP1/etc/uvm-1.2/dap/uvm_dap.svh'.
Back to file '/home/eda/app/synopsys/vcs/W-2024.09-SP1/etc/uvm-1.2/uvm_pkg.sv'.
Parsing included file '/home/eda/app/synopsys/vcs/W-2024.09-SP1/etc/uvm-1.2/tlm1/uvm_tlm.svh'.
Parsing included file '/home/eda/app/synopsys/vcs/W-2024.09-SP1/etc/uvm-1.2/tlm1/uvm_tlm_ifs.svh'.
Back to file '/home/eda/app/synopsys/vcs/W-2024.09-SP1/etc/uvm-1.2/tlm1/uvm_tlm.svh'.
Parsing included file '/home/eda/app/synopsys/vcs/W-2024.09-SP1/etc/uvm-1.2/tlm1/uvm_sqr_ifs.svh'.
Back to file '/home/eda/app/synopsys/vcs/W-2024.09-SP1/etc/uvm-1.2/tlm1/uvm_tlm.svh'.
Parsing included file '/home/eda/app/synopsys/vcs/W-2024.09-SP1/etc/uvm-1.2/base/uvm_port_base.svh'.
Back to file '/home/eda/app/synopsys/vcs/W-2024.09-SP1/etc/uvm-1.2/tlm1/uvm_tlm.svh'.
Parsing included file '/home/eda/app/synopsys/vcs/W-2024.09-SP1/etc/uvm-1.2/tlm1/uvm_tlm_imps.svh'.
Back to file '/home/eda/app/synopsys/vcs/W-2024.09-SP1/etc/uvm-1.2/tlm1/uvm_tlm.svh'.
Parsing included file '/home/eda/app/synopsys/vcs/W-2024.09-SP1/etc/uvm-1.2/tlm1/uvm_imps.svh'.
Back to file '/home/eda/app/synopsys/vcs/W-2024.09-SP1/etc/uvm-1.2/tlm1/uvm_tlm.svh'.
Parsing included file '/home/eda/app/synopsys/vcs/W-2024.09-SP1/etc/uvm-1.2/tlm1/uvm_ports.svh'.
Back to file '/home/eda/app/synopsys/vcs/W-2024.09-SP1/etc/uvm-1.2/tlm1/uvm_tlm.svh'.
Parsing included file '/home/eda/app/synopsys/vcs/W-2024.09-SP1/etc/uvm-1.2/tlm1/uvm_exports.svh'.
Back to file '/home/eda/app/synopsys/vcs/W-2024.09-SP1/etc/uvm-1.2/tlm1/uvm_tlm.svh'.
Parsing included file '/home/eda/app/synopsys/vcs/W-2024.09-SP1/etc/uvm-1.2/tlm1/uvm_analysis_port.svh'.
Back to file '/home/eda/app/synopsys/vcs/W-2024.09-SP1/etc/uvm-1.2/tlm1/uvm_tlm.svh'.
Parsing included file '/home/eda/app/synopsys/vcs/W-2024.09-SP1/etc/uvm-1.2/tlm1/uvm_tlm_fifo_base.svh'.
Back to file '/home/eda/app/synopsys/vcs/W-2024.09-SP1/etc/uvm-1.2/tlm1/uvm_tlm.svh'.
Parsing included file '/home/eda/app/synopsys/vcs/W-2024.09-SP1/etc/uvm-1.2/tlm1/uvm_tlm_fifos.svh'.
Back to file '/home/eda/app/synopsys/vcs/W-2024.09-SP1/etc/uvm-1.2/tlm1/uvm_tlm.svh'.
Parsing included file '/home/eda/app/synopsys/vcs/W-2024.09-SP1/etc/uvm-1.2/tlm1/uvm_tlm_req_rsp.svh'.
Back to file '/home/eda/app/synopsys/vcs/W-2024.09-SP1/etc/uvm-1.2/tlm1/uvm_tlm.svh'.
Parsing included file '/home/eda/app/synopsys/vcs/W-2024.09-SP1/etc/uvm-1.2/tlm1/uvm_sqr_connections.svh'.
Back to file '/home/eda/app/synopsys/vcs/W-2024.09-SP1/etc/uvm-1.2/tlm1/uvm_tlm.svh'.
Back to file '/home/eda/app/synopsys/vcs/W-2024.09-SP1/etc/uvm-1.2/uvm_pkg.sv'.
Parsing included file '/home/eda/app/synopsys/vcs/W-2024.09-SP1/etc/uvm-1.2/comps/uvm_comps.svh'.
Parsing included file '/home/eda/app/synopsys/vcs/W-2024.09-SP1/etc/uvm-1.2/comps/uvm_pair.svh'.
Back to file '/home/eda/app/synopsys/vcs/W-2024.09-SP1/etc/uvm-1.2/comps/uvm_comps.svh'.
Parsing included file '/home/eda/app/synopsys/vcs/W-2024.09-SP1/etc/uvm-1.2/comps/uvm_policies.svh'.
Back to file '/home/eda/app/synopsys/vcs/W-2024.09-SP1/etc/uvm-1.2/comps/uvm_comps.svh'.
Parsing included file '/home/eda/app/synopsys/vcs/W-2024.09-SP1/etc/uvm-1.2/comps/uvm_in_order_comparator.svh'.
Back to file '/home/eda/app/synopsys/vcs/W-2024.09-SP1/etc/uvm-1.2/comps/uvm_comps.svh'.
Parsing included file '/home/eda/app/synopsys/vcs/W-2024.09-SP1/etc/uvm-1.2/comps/uvm_algorithmic_comparator.svh'.
Back to file '/home/eda/app/synopsys/vcs/W-2024.09-SP1/etc/uvm-1.2/comps/uvm_comps.svh'.
Parsing included file '/home/eda/app/synopsys/vcs/W-2024.09-SP1/etc/uvm-1.2/comps/uvm_random_stimulus.svh'.
Back to file '/home/eda/app/synopsys/vcs/W-2024.09-SP1/etc/uvm-1.2/comps/uvm_comps.svh'.
Parsing included file '/home/eda/app/synopsys/vcs/W-2024.09-SP1/etc/uvm-1.2/comps/uvm_subscriber.svh'.
Back to file '/home/eda/app/synopsys/vcs/W-2024.09-SP1/etc/uvm-1.2/comps/uvm_comps.svh'.
Parsing included file '/home/eda/app/synopsys/vcs/W-2024.09-SP1/etc/uvm-1.2/comps/uvm_monitor.svh'.
Back to file '/home/eda/app/synopsys/vcs/W-2024.09-SP1/etc/uvm-1.2/comps/uvm_comps.svh'.
Parsing included file '/home/eda/app/synopsys/vcs/W-2024.09-SP1/etc/uvm-1.2/comps/uvm_driver.svh'.
Back to file '/home/eda/app/synopsys/vcs/W-2024.09-SP1/etc/uvm-1.2/comps/uvm_comps.svh'.
Parsing included file '/home/eda/app/synopsys/vcs/W-2024.09-SP1/etc/uvm-1.2/comps/uvm_push_driver.svh'.
Back to file '/home/eda/app/synopsys/vcs/W-2024.09-SP1/etc/uvm-1.2/comps/uvm_comps.svh'.
Parsing included file '/home/eda/app/synopsys/vcs/W-2024.09-SP1/etc/uvm-1.2/comps/uvm_scoreboard.svh'.
Back to file '/home/eda/app/synopsys/vcs/W-2024.09-SP1/etc/uvm-1.2/comps/uvm_comps.svh'.
Parsing included file '/home/eda/app/synopsys/vcs/W-2024.09-SP1/etc/uvm-1.2/comps/uvm_agent.svh'.
Back to file '/home/eda/app/synopsys/vcs/W-2024.09-SP1/etc/uvm-1.2/comps/uvm_comps.svh'.
Parsing included file '/home/eda/app/synopsys/vcs/W-2024.09-SP1/etc/uvm-1.2/comps/uvm_env.svh'.
Back to file '/home/eda/app/synopsys/vcs/W-2024.09-SP1/etc/uvm-1.2/comps/uvm_comps.svh'.
Parsing included file '/home/eda/app/synopsys/vcs/W-2024.09-SP1/etc/uvm-1.2/comps/uvm_test.svh'.
Back to file '/home/eda/app/synopsys/vcs/W-2024.09-SP1/etc/uvm-1.2/comps/uvm_comps.svh'.
Back to file '/home/eda/app/synopsys/vcs/W-2024.09-SP1/etc/uvm-1.2/uvm_pkg.sv'.
Parsing included file '/home/eda/app/synopsys/vcs/W-2024.09-SP1/etc/uvm-1.2/seq/uvm_seq.svh'.
Parsing included file '/home/eda/app/synopsys/vcs/W-2024.09-SP1/etc/uvm-1.2/seq/uvm_sequence_item.svh'.
Back to file '/home/eda/app/synopsys/vcs/W-2024.09-SP1/etc/uvm-1.2/seq/uvm_seq.svh'.
Parsing included file '/home/eda/app/synopsys/vcs/W-2024.09-SP1/etc/uvm-1.2/seq/uvm_sequencer_base.svh'.
Back to file '/home/eda/app/synopsys/vcs/W-2024.09-SP1/etc/uvm-1.2/seq/uvm_seq.svh'.
Parsing included file '/home/eda/app/synopsys/vcs/W-2024.09-SP1/etc/uvm-1.2/seq/uvm_sequencer_analysis_fifo.svh'.
Back to file '/home/eda/app/synopsys/vcs/W-2024.09-SP1/etc/uvm-1.2/seq/uvm_seq.svh'.
Parsing included file '/home/eda/app/synopsys/vcs/W-2024.09-SP1/etc/uvm-1.2/seq/uvm_sequencer_param_base.svh'.
Back to file '/home/eda/app/synopsys/vcs/W-2024.09-SP1/etc/uvm-1.2/seq/uvm_seq.svh'.
Parsing included file '/home/eda/app/synopsys/vcs/W-2024.09-SP1/etc/uvm-1.2/seq/uvm_sequencer.svh'.
Back to file '/home/eda/app/synopsys/vcs/W-2024.09-SP1/etc/uvm-1.2/seq/uvm_seq.svh'.
Parsing included file '/home/eda/app/synopsys/vcs/W-2024.09-SP1/etc/uvm-1.2/seq/uvm_push_sequencer.svh'.
Back to file '/home/eda/app/synopsys/vcs/W-2024.09-SP1/etc/uvm-1.2/seq/uvm_seq.svh'.
Parsing included file '/home/eda/app/synopsys/vcs/W-2024.09-SP1/etc/uvm-1.2/seq/uvm_sequence_base.svh'.
Back to file '/home/eda/app/synopsys/vcs/W-2024.09-SP1/etc/uvm-1.2/seq/uvm_seq.svh'.
Parsing included file '/home/eda/app/synopsys/vcs/W-2024.09-SP1/etc/uvm-1.2/seq/uvm_sequence.svh'.
Back to file '/home/eda/app/synopsys/vcs/W-2024.09-SP1/etc/uvm-1.2/seq/uvm_seq.svh'.
Parsing included file '/home/eda/app/synopsys/vcs/W-2024.09-SP1/etc/uvm-1.2/seq/uvm_sequence_library.svh'.
Back to file '/home/eda/app/synopsys/vcs/W-2024.09-SP1/etc/uvm-1.2/seq/uvm_seq.svh'.
Parsing included file '/home/eda/app/synopsys/vcs/W-2024.09-SP1/etc/uvm-1.2/seq/uvm_sequence_builtin.svh'.
Back to file '/home/eda/app/synopsys/vcs/W-2024.09-SP1/etc/uvm-1.2/seq/uvm_seq.svh'.
Back to file '/home/eda/app/synopsys/vcs/W-2024.09-SP1/etc/uvm-1.2/uvm_pkg.sv'.
Parsing included file '/home/eda/app/synopsys/vcs/W-2024.09-SP1/etc/uvm-1.2/tlm2/uvm_tlm2.svh'.
Parsing included file '/home/eda/app/synopsys/vcs/W-2024.09-SP1/etc/uvm-1.2/tlm2/uvm_tlm2_defines.svh'.
Back to file '/home/eda/app/synopsys/vcs/W-2024.09-SP1/etc/uvm-1.2/tlm2/uvm_tlm2.svh'.
Parsing included file '/home/eda/app/synopsys/vcs/W-2024.09-SP1/etc/uvm-1.2/tlm2/uvm_tlm2_time.svh'.
Back to file '/home/eda/app/synopsys/vcs/W-2024.09-SP1/etc/uvm-1.2/tlm2/uvm_tlm2.svh'.
Parsing included file '/home/eda/app/synopsys/vcs/W-2024.09-SP1/etc/uvm-1.2/tlm2/uvm_tlm2_generic_payload.svh'.
Back to file '/home/eda/app/synopsys/vcs/W-2024.09-SP1/etc/uvm-1.2/tlm2/uvm_tlm2.svh'.
Parsing included file '/home/eda/app/synopsys/vcs/W-2024.09-SP1/etc/uvm-1.2/tlm2/uvm_tlm2_ifs.svh'.
Back to file '/home/eda/app/synopsys/vcs/W-2024.09-SP1/etc/uvm-1.2/tlm2/uvm_tlm2.svh'.
Parsing included file '/home/eda/app/synopsys/vcs/W-2024.09-SP1/etc/uvm-1.2/tlm2/uvm_tlm2_imps.svh'.
Back to file '/home/eda/app/synopsys/vcs/W-2024.09-SP1/etc/uvm-1.2/tlm2/uvm_tlm2.svh'.
Parsing included file '/home/eda/app/synopsys/vcs/W-2024.09-SP1/etc/uvm-1.2/tlm2/uvm_tlm2_ports.svh'.
Back to file '/home/eda/app/synopsys/vcs/W-2024.09-SP1/etc/uvm-1.2/tlm2/uvm_tlm2.svh'.
Parsing included file '/home/eda/app/synopsys/vcs/W-2024.09-SP1/etc/uvm-1.2/tlm2/uvm_tlm2_exports.svh'.
Back to file '/home/eda/app/synopsys/vcs/W-2024.09-SP1/etc/uvm-1.2/tlm2/uvm_tlm2.svh'.
Parsing included file '/home/eda/app/synopsys/vcs/W-2024.09-SP1/etc/uvm-1.2/tlm2/uvm_tlm2_sockets_base.svh'.
Back to file '/home/eda/app/synopsys/vcs/W-2024.09-SP1/etc/uvm-1.2/tlm2/uvm_tlm2.svh'.
Parsing included file '/home/eda/app/synopsys/vcs/W-2024.09-SP1/etc/uvm-1.2/tlm2/uvm_tlm2_sockets.svh'.
Back to file '/home/eda/app/synopsys/vcs/W-2024.09-SP1/etc/uvm-1.2/tlm2/uvm_tlm2.svh'.
Back to file '/home/eda/app/synopsys/vcs/W-2024.09-SP1/etc/uvm-1.2/uvm_pkg.sv'.
Parsing included file '/home/eda/app/synopsys/vcs/W-2024.09-SP1/etc/uvm-1.2/reg/uvm_reg_model.svh'.
Parsing included file '/home/eda/app/synopsys/vcs/W-2024.09-SP1/etc/uvm-1.2/reg/uvm_reg_item.svh'.
Back to file '/home/eda/app/synopsys/vcs/W-2024.09-SP1/etc/uvm-1.2/reg/uvm_reg_model.svh'.
Parsing included file '/home/eda/app/synopsys/vcs/W-2024.09-SP1/etc/uvm-1.2/reg/uvm_reg_adapter.svh'.
Back to file '/home/eda/app/synopsys/vcs/W-2024.09-SP1/etc/uvm-1.2/reg/uvm_reg_model.svh'.
Parsing included file '/home/eda/app/synopsys/vcs/W-2024.09-SP1/etc/uvm-1.2/reg/uvm_reg_predictor.svh'.
Back to file '/home/eda/app/synopsys/vcs/W-2024.09-SP1/etc/uvm-1.2/reg/uvm_reg_model.svh'.
Parsing included file '/home/eda/app/synopsys/vcs/W-2024.09-SP1/etc/uvm-1.2/reg/uvm_reg_sequence.svh'.
Back to file '/home/eda/app/synopsys/vcs/W-2024.09-SP1/etc/uvm-1.2/reg/uvm_reg_model.svh'.
Parsing included file '/home/eda/app/synopsys/vcs/W-2024.09-SP1/etc/uvm-1.2/reg/uvm_reg_cbs.svh'.
Back to file '/home/eda/app/synopsys/vcs/W-2024.09-SP1/etc/uvm-1.2/reg/uvm_reg_model.svh'.
Parsing included file '/home/eda/app/synopsys/vcs/W-2024.09-SP1/etc/uvm-1.2/reg/uvm_reg_backdoor.svh'.
Back to file '/home/eda/app/synopsys/vcs/W-2024.09-SP1/etc/uvm-1.2/reg/uvm_reg_model.svh'.
Parsing included file '/home/eda/app/synopsys/vcs/W-2024.09-SP1/etc/uvm-1.2/reg/uvm_reg_field.svh'.
Back to file '/home/eda/app/synopsys/vcs/W-2024.09-SP1/etc/uvm-1.2/reg/uvm_reg_model.svh'.
Parsing included file '/home/eda/app/synopsys/vcs/W-2024.09-SP1/etc/uvm-1.2/reg/uvm_vreg_field.svh'.
Back to file '/home/eda/app/synopsys/vcs/W-2024.09-SP1/etc/uvm-1.2/reg/uvm_reg_model.svh'.
Parsing included file '/home/eda/app/synopsys/vcs/W-2024.09-SP1/etc/uvm-1.2/reg/uvm_reg.svh'.
Back to file '/home/eda/app/synopsys/vcs/W-2024.09-SP1/etc/uvm-1.2/reg/uvm_reg_model.svh'.
Parsing included file '/home/eda/app/synopsys/vcs/W-2024.09-SP1/etc/uvm-1.2/reg/uvm_reg_indirect.svh'.
Back to file '/home/eda/app/synopsys/vcs/W-2024.09-SP1/etc/uvm-1.2/reg/uvm_reg_model.svh'.
Parsing included file '/home/eda/app/synopsys/vcs/W-2024.09-SP1/etc/uvm-1.2/reg/uvm_reg_fifo.svh'.
Back to file '/home/eda/app/synopsys/vcs/W-2024.09-SP1/etc/uvm-1.2/reg/uvm_reg_model.svh'.
Parsing included file '/home/eda/app/synopsys/vcs/W-2024.09-SP1/etc/uvm-1.2/reg/uvm_reg_file.svh'.
Back to file '/home/eda/app/synopsys/vcs/W-2024.09-SP1/etc/uvm-1.2/reg/uvm_reg_model.svh'.
Parsing included file '/home/eda/app/synopsys/vcs/W-2024.09-SP1/etc/uvm-1.2/reg/uvm_mem_mam.svh'.
Back to file '/home/eda/app/synopsys/vcs/W-2024.09-SP1/etc/uvm-1.2/reg/uvm_reg_model.svh'.
Parsing included file '/home/eda/app/synopsys/vcs/W-2024.09-SP1/etc/uvm-1.2/reg/uvm_vreg.svh'.
Back to file '/home/eda/app/synopsys/vcs/W-2024.09-SP1/etc/uvm-1.2/reg/uvm_reg_model.svh'.
Parsing included file '/home/eda/app/synopsys/vcs/W-2024.09-SP1/etc/uvm-1.2/reg/uvm_mem.svh'.
Back to file '/home/eda/app/synopsys/vcs/W-2024.09-SP1/etc/uvm-1.2/reg/uvm_reg_model.svh'.
Parsing included file '/home/eda/app/synopsys/vcs/W-2024.09-SP1/etc/uvm-1.2/reg/uvm_reg_map.svh'.
Back to file '/home/eda/app/synopsys/vcs/W-2024.09-SP1/etc/uvm-1.2/reg/uvm_reg_model.svh'.
Parsing included file '/home/eda/app/synopsys/vcs/W-2024.09-SP1/etc/uvm-1.2/reg/uvm_reg_block.svh'.
Back to file '/home/eda/app/synopsys/vcs/W-2024.09-SP1/etc/uvm-1.2/reg/uvm_reg_model.svh'.
Parsing included file '/home/eda/app/synopsys/vcs/W-2024.09-SP1/etc/uvm-1.2/reg/sequences/uvm_reg_hw_reset_seq.svh'.
Back to file '/home/eda/app/synopsys/vcs/W-2024.09-SP1/etc/uvm-1.2/reg/uvm_reg_model.svh'.
Parsing included file '/home/eda/app/synopsys/vcs/W-2024.09-SP1/etc/uvm-1.2/reg/sequences/uvm_reg_bit_bash_seq.svh'.
Back to file '/home/eda/app/synopsys/vcs/W-2024.09-SP1/etc/uvm-1.2/reg/uvm_reg_model.svh'.
Parsing included file '/home/eda/app/synopsys/vcs/W-2024.09-SP1/etc/uvm-1.2/reg/sequences/uvm_mem_walk_seq.svh'.
Back to file '/home/eda/app/synopsys/vcs/W-2024.09-SP1/etc/uvm-1.2/reg/uvm_reg_model.svh'.
Parsing included file '/home/eda/app/synopsys/vcs/W-2024.09-SP1/etc/uvm-1.2/reg/sequences/uvm_mem_access_seq.svh'.
Back to file '/home/eda/app/synopsys/vcs/W-2024.09-SP1/etc/uvm-1.2/reg/uvm_reg_model.svh'.
Parsing included file '/home/eda/app/synopsys/vcs/W-2024.09-SP1/etc/uvm-1.2/reg/sequences/uvm_reg_access_seq.svh'.
Back to file '/home/eda/app/synopsys/vcs/W-2024.09-SP1/etc/uvm-1.2/reg/uvm_reg_model.svh'.
Parsing included file '/home/eda/app/synopsys/vcs/W-2024.09-SP1/etc/uvm-1.2/reg/sequences/uvm_reg_mem_shared_access_seq.svh'.
Back to file '/home/eda/app/synopsys/vcs/W-2024.09-SP1/etc/uvm-1.2/reg/uvm_reg_model.svh'.
Parsing included file '/home/eda/app/synopsys/vcs/W-2024.09-SP1/etc/uvm-1.2/reg/sequences/uvm_reg_mem_built_in_seq.svh'.
Back to file '/home/eda/app/synopsys/vcs/W-2024.09-SP1/etc/uvm-1.2/reg/uvm_reg_model.svh'.
Parsing included file '/home/eda/app/synopsys/vcs/W-2024.09-SP1/etc/uvm-1.2/reg/sequences/uvm_reg_mem_hdl_paths_seq.svh'.
Back to file '/home/eda/app/synopsys/vcs/W-2024.09-SP1/etc/uvm-1.2/reg/uvm_reg_model.svh'.
Parsing included file '/home/eda/app/synopsys/vcs/W-2024.09-SP1/etc/uvm-1.2/reg/snps_uvm_reg_bank.svh'.
Back to file '/home/eda/app/synopsys/vcs/W-2024.09-SP1/etc/uvm-1.2/reg/uvm_reg_model.svh'.
Back to file '/home/eda/app/synopsys/vcs/W-2024.09-SP1/etc/uvm-1.2/uvm_pkg.sv'.
Parsing included file '/home/eda/app/synopsys/vcs/W-2024.09-SP1/etc/uvm-1.2/vcs/vcs_uvm_alt.sv'.
Back to file '/home/eda/app/synopsys/vcs/W-2024.09-SP1/etc/uvm-1.2/uvm_pkg.sv'.
Parsing design file '../ips/lowrisc/top/0.1.0/rtl/top_pkg.sv'
Parsing design file '../ips/lowrisc/prim/0.1.0/rtl/prim_secded_pkg.sv'
Parsing design file '../ips/lowrisc/prim/0.1.0/rtl/prim_mubi_pkg.sv'
Parsing included file '../ips/lowrisc/prim/0.1.0/rtl/prim_assert.sv'.
Parsing included file '../ips/lowrisc/prim/0.1.0/rtl/prim_assert_standard_macros.svh'.
Back to file '../ips/lowrisc/prim/0.1.0/rtl/prim_assert.sv'.
Parsing included file '../ips/lowrisc/prim/0.1.0/rtl/prim_assert_sec_cm.svh'.
Back to file '../ips/lowrisc/prim/0.1.0/rtl/prim_assert.sv'.
Parsing included file '../ips/lowrisc/prim/0.1.0/rtl/prim_flop_macros.sv'.
Back to file '../ips/lowrisc/prim/0.1.0/rtl/prim_assert.sv'.
Back to file '../ips/lowrisc/prim/0.1.0/rtl/prim_mubi_pkg.sv'.
Parsing design file '../ips/lowrisc/prim/0.1.0/rtl/prim_util_pkg.sv'
Parsing design file '../ips/lowrisc/tlul/0.1.0/rtl/tlul_pkg.sv'
Parsing design file '../ips/lowrisc/prim/0.1.0/rtl/prim_subreg_pkg.sv'
Parsing design file '../ips/lowrisc/prim/0.1.0/rtl/prim_alert_pkg.sv'
Parsing design file '../ips/lowrisc/top/0.1.0/rtl/top_racl_pkg.sv'
Parsing design file '../ips/lowrisc/prim/0.1.0/rtl/prim_count_pkg.sv'
Parsing design file '../ips/lowrisc/prim/0.1.0/rtl/prim_alert_receiver.sv'
Parsing included file '../ips/lowrisc/prim/0.1.0/rtl/prim_assert.sv'.
Back to file '../ips/lowrisc/prim/0.1.0/rtl/prim_alert_receiver.sv'.
Parsing design file '../ips/lowrisc/prim/0.1.0/rtl/prim_alert_sender.sv'
Parsing included file '../ips/lowrisc/prim/0.1.0/rtl/prim_assert.sv'.
Back to file '../ips/lowrisc/prim/0.1.0/rtl/prim_alert_sender.sv'.
Parsing design file '../ips/lowrisc/prim/0.1.0/rtl/prim_buf.sv'
Parsing included file '../ips/lowrisc/prim/0.1.0/rtl/prim_assert.sv'.
Back to file '../ips/lowrisc/prim/0.1.0/rtl/prim_buf.sv'.
Parsing design file '../ips/lowrisc/prim/0.1.0/rtl/prim_cdc_rand_delay.sv'
Parsing design file '../ips/lowrisc/prim/0.1.0/rtl/prim_count.sv'
Parsing included file '../ips/lowrisc/prim/0.1.0/rtl/prim_assert.sv'.
Back to file '../ips/lowrisc/prim/0.1.0/rtl/prim_count.sv'.
Parsing design file '../ips/lowrisc/prim/0.1.0/rtl/prim_diff_decode.sv'
Parsing included file '../ips/lowrisc/prim/0.1.0/rtl/prim_assert.sv'.
Back to file '../ips/lowrisc/prim/0.1.0/rtl/prim_diff_decode.sv'.
Parsing design file '../ips/lowrisc/prim/0.1.0/rtl/prim_fifo_sync.sv'
Parsing included file '../ips/lowrisc/prim/0.1.0/rtl/prim_assert.sv'.
Back to file '../ips/lowrisc/prim/0.1.0/rtl/prim_fifo_sync.sv'.
Parsing included file '../ips/lowrisc/prim/0.1.0/rtl/prim_fifo_assert.svh'.
Back to file '../ips/lowrisc/prim/0.1.0/rtl/prim_fifo_sync.sv'.
Parsing design file '../ips/lowrisc/prim/0.1.0/rtl/prim_fifo_sync_cnt.sv'
Parsing included file '../ips/lowrisc/prim/0.1.0/rtl/prim_assert.sv'.
Back to file '../ips/lowrisc/prim/0.1.0/rtl/prim_fifo_sync_cnt.sv'.
Parsing design file '../ips/lowrisc/prim/0.1.0/rtl/prim_flop.sv'
Parsing included file '../ips/lowrisc/prim/0.1.0/rtl/prim_assert.sv'.
Back to file '../ips/lowrisc/prim/0.1.0/rtl/prim_flop.sv'.
Parsing design file '../ips/lowrisc/prim/0.1.0/rtl/prim_flop_2sync.sv'
Parsing design file '../ips/lowrisc/prim/0.1.0/rtl/prim_intr_hw.sv'
Parsing included file '../ips/lowrisc/prim/0.1.0/rtl/prim_assert.sv'.
Back to file '../ips/lowrisc/prim/0.1.0/rtl/prim_intr_hw.sv'.
Parsing design file '../ips/lowrisc/prim/0.1.0/rtl/prim_onehot_check.sv'
Parsing included file '../ips/lowrisc/prim/0.1.0/rtl/prim_assert.sv'.
Back to file '../ips/lowrisc/prim/0.1.0/rtl/prim_onehot_check.sv'.
Parsing design file '../ips/lowrisc/prim/0.1.0/rtl/prim_onehot_enc.sv'
Parsing design file '../ips/lowrisc/prim/0.1.0/rtl/prim_reg_we_check.sv'
Parsing included file '../ips/lowrisc/prim/0.1.0/rtl/prim_assert.sv'.
Back to file '../ips/lowrisc/prim/0.1.0/rtl/prim_reg_we_check.sv'.
Parsing design file '../ips/lowrisc/prim/0.1.0/rtl/prim_sec_anchor_buf.sv'
Parsing included file '../ips/lowrisc/prim/0.1.0/rtl/prim_assert.sv'.
Back to file '../ips/lowrisc/prim/0.1.0/rtl/prim_sec_anchor_buf.sv'.
Parsing design file '../ips/lowrisc/prim/0.1.0/rtl/prim_sec_anchor_flop.sv'
Parsing included file '../ips/lowrisc/prim/0.1.0/rtl/prim_assert.sv'.
Back to file '../ips/lowrisc/prim/0.1.0/rtl/prim_sec_anchor_flop.sv'.
Parsing design file '../ips/lowrisc/prim/0.1.0/rtl/prim_secded_22_16_dec.sv'
Parsing design file '../ips/lowrisc/prim/0.1.0/rtl/prim_secded_22_16_enc.sv'
Parsing design file '../ips/lowrisc/prim/0.1.0/rtl/prim_secded_28_22_dec.sv'
Parsing design file '../ips/lowrisc/prim/0.1.0/rtl/prim_secded_28_22_enc.sv'
Parsing design file '../ips/lowrisc/prim/0.1.0/rtl/prim_secded_39_32_dec.sv'
Parsing design file '../ips/lowrisc/prim/0.1.0/rtl/prim_secded_39_32_enc.sv'
Parsing design file '../ips/lowrisc/prim/0.1.0/rtl/prim_secded_64_57_dec.sv'
Parsing design file '../ips/lowrisc/prim/0.1.0/rtl/prim_secded_64_57_enc.sv'
Parsing design file '../ips/lowrisc/prim/0.1.0/rtl/prim_secded_72_64_dec.sv'
Parsing design file '../ips/lowrisc/prim/0.1.0/rtl/prim_secded_72_64_enc.sv'
Parsing design file '../ips/lowrisc/prim/0.1.0/rtl/prim_secded_hamming_22_16_dec.sv'
Parsing design file '../ips/lowrisc/prim/0.1.0/rtl/prim_secded_hamming_22_16_enc.sv'
Parsing design file '../ips/lowrisc/prim/0.1.0/rtl/prim_secded_hamming_39_32_dec.sv'
Parsing design file '../ips/lowrisc/prim/0.1.0/rtl/prim_secded_hamming_39_32_enc.sv'
Parsing design file '../ips/lowrisc/prim/0.1.0/rtl/prim_secded_hamming_72_64_dec.sv'
Parsing design file '../ips/lowrisc/prim/0.1.0/rtl/prim_secded_hamming_72_64_enc.sv'
Parsing design file '../ips/lowrisc/prim/0.1.0/rtl/prim_secded_hamming_76_68_dec.sv'
Parsing design file '../ips/lowrisc/prim/0.1.0/rtl/prim_secded_hamming_76_68_enc.sv'
Parsing design file '../ips/lowrisc/prim/0.1.0/rtl/prim_secded_inv_22_16_dec.sv'
Parsing design file '../ips/lowrisc/prim/0.1.0/rtl/prim_secded_inv_22_16_enc.sv'
Parsing design file '../ips/lowrisc/prim/0.1.0/rtl/prim_secded_inv_28_22_dec.sv'
Parsing design file '../ips/lowrisc/prim/0.1.0/rtl/prim_secded_inv_28_22_enc.sv'
Parsing design file '../ips/lowrisc/prim/0.1.0/rtl/prim_secded_inv_39_32_dec.sv'
Parsing design file '../ips/lowrisc/prim/0.1.0/rtl/prim_secded_inv_39_32_enc.sv'
Parsing design file '../ips/lowrisc/prim/0.1.0/rtl/prim_secded_inv_64_57_dec.sv'
Parsing design file '../ips/lowrisc/prim/0.1.0/rtl/prim_secded_inv_64_57_enc.sv'
Parsing design file '../ips/lowrisc/prim/0.1.0/rtl/prim_secded_inv_72_64_dec.sv'
Parsing design file '../ips/lowrisc/prim/0.1.0/rtl/prim_secded_inv_72_64_enc.sv'
Parsing design file '../ips/lowrisc/prim/0.1.0/rtl/prim_secded_inv_hamming_22_16_dec.sv'
Parsing design file '../ips/lowrisc/prim/0.1.0/rtl/prim_secded_inv_hamming_22_16_enc.sv'
Parsing design file '../ips/lowrisc/prim/0.1.0/rtl/prim_secded_inv_hamming_39_32_dec.sv'
Parsing design file '../ips/lowrisc/prim/0.1.0/rtl/prim_secded_inv_hamming_39_32_enc.sv'
Parsing design file '../ips/lowrisc/prim/0.1.0/rtl/prim_secded_inv_hamming_72_64_dec.sv'
Parsing design file '../ips/lowrisc/prim/0.1.0/rtl/prim_secded_inv_hamming_72_64_enc.sv'
Parsing design file '../ips/lowrisc/prim/0.1.0/rtl/prim_secded_inv_hamming_76_68_dec.sv'
Parsing design file '../ips/lowrisc/prim/0.1.0/rtl/prim_secded_inv_hamming_76_68_enc.sv'
Parsing design file '../ips/lowrisc/prim/0.1.0/rtl/prim_subreg.sv'
Parsing design file '../ips/lowrisc/prim/0.1.0/rtl/prim_subreg_arb.sv'
Parsing design file '../ips/lowrisc/prim/0.1.0/rtl/prim_subreg_ext.sv'
Parsing design file '../ips/lowrisc/prim/0.1.0/rtl/prim_xnor2.sv'
Parsing included file '../ips/lowrisc/prim/0.1.0/rtl/prim_assert.sv'.
Back to file '../ips/lowrisc/prim/0.1.0/rtl/prim_xnor2.sv'.
Parsing design file '../ips/lowrisc/tlul/0.1.0/rtl/tlul_adapter_reg.sv'
Parsing included file '../ips/lowrisc/prim/0.1.0/rtl/prim_assert.sv'.
Back to file '../ips/lowrisc/tlul/0.1.0/rtl/tlul_adapter_reg.sv'.
Parsing design file '../ips/lowrisc/tlul/0.1.0/rtl/tlul_assert.sv'
Parsing included file '../ips/lowrisc/prim/0.1.0/rtl/prim_assert.sv'.
Back to file '../ips/lowrisc/tlul/0.1.0/rtl/tlul_assert.sv'.
Parsing design file '../ips/lowrisc/tlul/0.1.0/rtl/tlul_cmd_intg_chk.sv'
Parsing included file '../ips/lowrisc/prim/0.1.0/rtl/prim_assert.sv'.
Back to file '../ips/lowrisc/tlul/0.1.0/rtl/tlul_cmd_intg_chk.sv'.
Parsing design file '../ips/lowrisc/tlul/0.1.0/rtl/tlul_data_integ_dec.sv'
Parsing included file '../ips/lowrisc/prim/0.1.0/rtl/prim_assert.sv'.
Back to file '../ips/lowrisc/tlul/0.1.0/rtl/tlul_data_integ_dec.sv'.
Parsing design file '../ips/lowrisc/tlul/0.1.0/rtl/tlul_data_integ_enc.sv'
Parsing included file '../ips/lowrisc/prim/0.1.0/rtl/prim_assert.sv'.
Back to file '../ips/lowrisc/tlul/0.1.0/rtl/tlul_data_integ_enc.sv'.
Parsing design file '../ips/lowrisc/tlul/0.1.0/rtl/tlul_err.sv'
Parsing included file '../ips/lowrisc/prim/0.1.0/rtl/prim_assert.sv'.
Back to file '../ips/lowrisc/tlul/0.1.0/rtl/tlul_err.sv'.
Parsing design file '../ips/lowrisc/tlul/0.1.0/rtl/tlul_rsp_intg_gen.sv'
Parsing included file '../ips/lowrisc/prim/0.1.0/rtl/prim_assert.sv'.
Back to file '../ips/lowrisc/tlul/0.1.0/rtl/tlul_rsp_intg_gen.sv'.
Parsing design file 'rtl/uart_reg_pkg.sv'
Parsing design file 'rtl/uart_reg_top.sv'
Parsing included file '../ips/lowrisc/prim/0.1.0/rtl/prim_assert.sv'.
Back to file 'rtl/uart_reg_top.sv'.
Parsing design file 'rtl/uart_rx.sv'
Parsing design file 'rtl/uart_tx.sv'
Parsing design file 'rtl/uart_core.sv'
Parsing included file '../ips/lowrisc/prim/0.1.0/rtl/prim_assert.sv'.
Back to file 'rtl/uart_core.sv'.
Parsing design file 'rtl/uart.sv'
Parsing included file '../ips/lowrisc/prim/0.1.0/rtl/prim_assert.sv'.
Back to file 'rtl/uart.sv'.
Parsing design file 'rtl/generated/uart_csr_pkg.sv'
Parsing design file 'rtl/generated/uart_csr.sv'
Parsing design file 'rtl/apb2tlul.sv'
Parsing included file '../ips/lowrisc/prim/0.1.0/rtl/prim_assert.sv'.
Back to file 'rtl/apb2tlul.sv'.
Parsing design file 'rtl/uart_apb_top.sv'
Parsing included file '../ips/lowrisc/prim/0.1.0/rtl/prim_assert.sv'.
Back to file 'rtl/uart_apb_top.sv'.
Parsing design file 'verification/env/utils/uart_utils/src/uart_package.sv'
Parsing included file 'verification/env/utils/uart_utils/src/uart_dec.sv'.
Back to file 'verification/env/utils/uart_utils/src/uart_package.sv'.
Parsing included file 'verification/env/utils/uart_utils/src/uart_interface.sv'.
Back to file 'verification/env/utils/uart_utils/src/uart_package.sv'.
Parsing included file '/home/eda/app/synopsys/vcs/W-2024.09-SP1/etc/uvm-1.2/uvm_macros.svh'.
Back to file 'verification/env/utils/uart_utils/src/uart_package.sv'.
Parsing included file 'verification/env/utils/uart_utils/src/uart_xaction.sv'.
Back to file 'verification/env/utils/uart_utils/src/uart_package.sv'.
Parsing included file 'verification/env/utils/uart_utils/src/uart_driver_cfg.sv'.
Back to file 'verification/env/utils/uart_utils/src/uart_package.sv'.
Parsing included file 'verification/env/utils/uart_utils/src/uart_driver.sv'.
Back to file 'verification/env/utils/uart_utils/src/uart_package.sv'.
Parsing included file 'verification/env/utils/uart_utils/src/uart_slave_driver_cfg.sv'.
Back to file 'verification/env/utils/uart_utils/src/uart_package.sv'.
Parsing included file 'verification/env/utils/uart_utils/src/uart_slave_driver.sv'.
Back to file 'verification/env/utils/uart_utils/src/uart_package.sv'.
Parsing included file 'verification/env/utils/uart_utils/src/uart_monitor_cfg.sv'.
Back to file 'verification/env/utils/uart_utils/src/uart_package.sv'.
Parsing included file 'verification/env/utils/uart_utils/src/uart_monitor.sv'.
Back to file 'verification/env/utils/uart_utils/src/uart_package.sv'.
Parsing included file 'verification/env/utils/uart_utils/src/uart_monitor_cov.sv'.
Back to file 'verification/env/utils/uart_utils/src/uart_package.sv'.
Parsing included file 'verification/env/utils/uart_utils/src/uart_sequencer.sv'.
Back to file 'verification/env/utils/uart_utils/src/uart_package.sv'.
Parsing included file 'verification/env/utils/uart_utils/src/uart_interface_agent_cfg.sv'.
Back to file 'verification/env/utils/uart_utils/src/uart_package.sv'.
Parsing included file 'verification/env/utils/uart_utils/src/uart_interface_agent.sv'.
Back to file 'verification/env/utils/uart_utils/src/uart_package.sv'.
Parsing included file 'verification/env/utils/uart_utils/src/uart_sequence_library.svp'.
Back to file 'verification/env/utils/uart_utils/src/uart_package.sv'.
Parsing design file 'verification/env/utils/tlul_utils/src/tlul_package.sv'
Parsing included file 'verification/env/utils/tlul_utils/src/tlul_dec.sv'.
Back to file 'verification/env/utils/tlul_utils/src/tlul_package.sv'.
Parsing included file 'verification/env/utils/tlul_utils/src/tlul_interface.sv'.
Back to file 'verification/env/utils/tlul_utils/src/tlul_package.sv'.
Parsing included file '/home/eda/app/synopsys/vcs/W-2024.09-SP1/etc/uvm-1.2/uvm_macros.svh'.
Back to file 'verification/env/utils/tlul_utils/src/tlul_package.sv'.
Parsing included file 'verification/env/utils/tlul_utils/src/tlul_xaction.sv'.
Back to file 'verification/env/utils/tlul_utils/src/tlul_package.sv'.
Parsing included file 'verification/env/utils/tlul_utils/src/tlul_driver_cfg.sv'.
Back to file 'verification/env/utils/tlul_utils/src/tlul_package.sv'.
Parsing included file 'verification/env/utils/tlul_utils/src/tlul_driver.sv'.
Back to file 'verification/env/utils/tlul_utils/src/tlul_package.sv'.
Parsing included file 'verification/env/utils/tlul_utils/src/tlul_slave_driver_cfg.sv'.
Back to file 'verification/env/utils/tlul_utils/src/tlul_package.sv'.
Parsing included file 'verification/env/utils/tlul_utils/src/tlul_slave_driver.sv'.
Back to file 'verification/env/utils/tlul_utils/src/tlul_package.sv'.
Parsing included file 'verification/env/utils/tlul_utils/src/tlul_monitor_cfg.sv'.
Back to file 'verification/env/utils/tlul_utils/src/tlul_package.sv'.
Parsing included file 'verification/env/utils/tlul_utils/src/tlul_monitor.sv'.
Back to file 'verification/env/utils/tlul_utils/src/tlul_package.sv'.
Parsing included file 'verification/env/utils/tlul_utils/src/tlul_monitor_cov.sv'.
Back to file 'verification/env/utils/tlul_utils/src/tlul_package.sv'.
Parsing included file 'verification/env/utils/tlul_utils/src/tlul_sequencer.sv'.
Back to file 'verification/env/utils/tlul_utils/src/tlul_package.sv'.
Parsing included file 'verification/env/utils/tlul_utils/src/tlul_interface_agent_cfg.sv'.
Back to file 'verification/env/utils/tlul_utils/src/tlul_package.sv'.
Parsing included file 'verification/env/utils/tlul_utils/src/tlul_interface_agent.sv'.
Back to file 'verification/env/utils/tlul_utils/src/tlul_package.sv'.
Parsing included file 'verification/env/utils/tlul_utils/src/tlul_sequence_library.svp'.
Back to file 'verification/env/utils/tlul_utils/src/tlul_package.sv'.
Parsing design file 'verification/env/utils/apb_utils/src/apb_package.sv'
Parsing included file 'verification/env/utils/apb_utils/src/apb_dec.sv'.
Back to file 'verification/env/utils/apb_utils/src/apb_package.sv'.
Parsing included file 'verification/env/utils/apb_utils/src/apb_interface.sv'.
Back to file 'verification/env/utils/apb_utils/src/apb_package.sv'.
Parsing included file '/home/eda/app/synopsys/vcs/W-2024.09-SP1/etc/uvm-1.2/uvm_macros.svh'.
Back to file 'verification/env/utils/apb_utils/src/apb_package.sv'.
Parsing included file 'verification/env/utils/apb_utils/src/apb_xaction.sv'.
Back to file 'verification/env/utils/apb_utils/src/apb_package.sv'.
Parsing included file 'verification/env/utils/apb_utils/src/apb_driver_cfg.sv'.
Back to file 'verification/env/utils/apb_utils/src/apb_package.sv'.
Parsing included file 'verification/env/utils/apb_utils/src/apb_driver.sv'.
Back to file 'verification/env/utils/apb_utils/src/apb_package.sv'.
Parsing included file 'verification/env/utils/apb_utils/src/apb_slave_driver_cfg.sv'.
Back to file 'verification/env/utils/apb_utils/src/apb_package.sv'.
Parsing included file 'verification/env/utils/apb_utils/src/apb_slave_driver.sv'.
Back to file 'verification/env/utils/apb_utils/src/apb_package.sv'.
Parsing included file 'verification/env/utils/apb_utils/src/apb_monitor_cfg.sv'.
Back to file 'verification/env/utils/apb_utils/src/apb_package.sv'.
Parsing included file 'verification/env/utils/apb_utils/src/apb_monitor.sv'.
Back to file 'verification/env/utils/apb_utils/src/apb_package.sv'.
Parsing included file 'verification/env/utils/apb_utils/src/apb_monitor_cov.sv'.
Back to file 'verification/env/utils/apb_utils/src/apb_package.sv'.
Parsing included file 'verification/env/utils/apb_utils/src/apb_sequencer.sv'.
Back to file 'verification/env/utils/apb_utils/src/apb_package.sv'.
Parsing included file 'verification/env/utils/apb_utils/src/apb_interface_agent_cfg.sv'.
Back to file 'verification/env/utils/apb_utils/src/apb_package.sv'.
Parsing included file 'verification/env/utils/apb_utils/src/apb_interface_agent.sv'.
Back to file 'verification/env/utils/apb_utils/src/apb_package.sv'.
Parsing included file 'verification/env/utils/apb_utils/src/apb_sequence_library.svp'.
Back to file 'verification/env/utils/apb_utils/src/apb_package.sv'.
Parsing design file 'verification/env/uart_env_dec.sv'
Parsing design file 'verification/env/uart_env_package.sv'
Parsing included file '/home/eda/app/synopsys/vcs/W-2024.09-SP1/etc/uvm-1.2/uvm_macros.svh'.
Back to file 'verification/env/uart_env_package.sv'.
Parsing included file 'verification/env/uart_dut_cfg.sv'.
Back to file 'verification/env/uart_env_package.sv'.
Parsing included file 'verification/env/uart_rm_cfg.sv'.
Back to file 'verification/env/uart_env_package.sv'.
Parsing included file 'verification/env/uart_rm.sv'.
Back to file 'verification/env/uart_env_package.sv'.
Parsing included file 'verification/env/uart_checker_cfg.sv'.
Back to file 'verification/env/uart_env_package.sv'.
Parsing included file 'verification/env/uart_checker.sv'.
Back to file 'verification/env/uart_env_package.sv'.
Parsing included file 'verification/env/uart_fcov.sv'.
Back to file 'verification/env/uart_env_package.sv'.
Parsing included file 'verification/env/uart_virtual_sequencer.sv'.
Back to file 'verification/env/uart_env_package.sv'.
Parsing included file 'verification/env/uart_virtual_sequence.sv'.
Back to file 'verification/env/uart_env_package.sv'.
Parsing included file 'verification/env/uart_env_cfg.sv'.
Back to file 'verification/env/uart_env_package.sv'.
Parsing included file 'verification/env/uart_env.sv'.
Back to file 'verification/env/uart_env_package.sv'.
Parsing design file 'verification/tc/tc_define.sv'
Parsing design file 'verification/tc/tc_base.sv'
Parsing included file '/home/eda/app/synopsys/vcs/W-2024.09-SP1/etc/uvm-1.2/uvm_macros.svh'.
Back to file 'verification/tc/tc_base.sv'.
Parsing design file 'verification/tc/tc_uart_smoke.sv'

Note-[SV-LCM-PPWI] Package previously wildcard imported
verification/tc/tc_uart_smoke.sv, 10
$unit
  Package 'uvm_pkg' already wildcard imported. 
  Ignoring uvm_pkg::*
  See the SystemVerilog LRM(1800-2005), section 19.2.1.

Parsing included file '/home/eda/app/synopsys/vcs/W-2024.09-SP1/etc/uvm-1.2/uvm_macros.svh'.
Back to file 'verification/tc/tc_uart_smoke.sv'.

Note-[SV-LCM-PPWI] Package previously wildcard imported
verification/tc/tc_uart_smoke.sv, 13
$unit
  Package 'uart_package' already wildcard imported. 
  Ignoring uart_package::*
  See the SystemVerilog LRM(1800-2005), section 19.2.1.


Note-[SV-LCM-PPWI] Package previously wildcard imported
verification/tc/tc_uart_smoke.sv, 14
$unit
  Package 'uart_env_package' already wildcard imported. 
  Ignoring uart_env_package::*
  See the SystemVerilog LRM(1800-2005), section 19.2.1.

Parsing included file 'verification/tc/tc_base.sv'.
Back to file 'verification/tc/tc_uart_smoke.sv'.
Parsing design file 'verification/tc/tc_uart_tx_rx.sv'

Note-[SV-LCM-PPWI] Package previously wildcard imported
verification/tc/tc_uart_tx_rx.sv, 10
$unit
  Package 'uvm_pkg' already wildcard imported. 
  Ignoring uvm_pkg::*
  See the SystemVerilog LRM(1800-2005), section 19.2.1.

Parsing included file '/home/eda/app/synopsys/vcs/W-2024.09-SP1/etc/uvm-1.2/uvm_macros.svh'.
Back to file 'verification/tc/tc_uart_tx_rx.sv'.

Note-[SV-LCM-PPWI] Package previously wildcard imported
verification/tc/tc_uart_tx_rx.sv, 13
$unit
  Package 'uart_package' already wildcard imported. 
  Ignoring uart_package::*
  See the SystemVerilog LRM(1800-2005), section 19.2.1.


Note-[SV-LCM-PPWI] Package previously wildcard imported
verification/tc/tc_uart_tx_rx.sv, 14
$unit
  Package 'uart_env_package' already wildcard imported. 
  Ignoring uart_env_package::*
  See the SystemVerilog LRM(1800-2005), section 19.2.1.

Parsing included file 'verification/tc/tc_base.sv'.
Back to file 'verification/tc/tc_uart_tx_rx.sv'.
Parsing design file 'verification/tc/tc_uart_error.sv'

Note-[SV-LCM-PPWI] Package previously wildcard imported
verification/tc/tc_uart_error.sv, 10
$unit
  Package 'uvm_pkg' already wildcard imported. 
  Ignoring uvm_pkg::*
  See the SystemVerilog LRM(1800-2005), section 19.2.1.

Parsing included file '/home/eda/app/synopsys/vcs/W-2024.09-SP1/etc/uvm-1.2/uvm_macros.svh'.
Back to file 'verification/tc/tc_uart_error.sv'.

Note-[SV-LCM-PPWI] Package previously wildcard imported
verification/tc/tc_uart_error.sv, 13
$unit
  Package 'uart_package' already wildcard imported. 
  Ignoring uart_package::*
  See the SystemVerilog LRM(1800-2005), section 19.2.1.


Note-[SV-LCM-PPWI] Package previously wildcard imported
verification/tc/tc_uart_error.sv, 14
$unit
  Package 'uart_env_package' already wildcard imported. 
  Ignoring uart_env_package::*
  See the SystemVerilog LRM(1800-2005), section 19.2.1.

Parsing included file 'verification/tc/tc_base.sv'.
Back to file 'verification/tc/tc_uart_error.sv'.
Parsing design file 'verification/tc/tc_uart_fifo.sv'

Note-[SV-LCM-PPWI] Package previously wildcard imported
verification/tc/tc_uart_fifo.sv, 10
$unit
  Package 'uvm_pkg' already wildcard imported. 
  Ignoring uvm_pkg::*
  See the SystemVerilog LRM(1800-2005), section 19.2.1.

Parsing included file '/home/eda/app/synopsys/vcs/W-2024.09-SP1/etc/uvm-1.2/uvm_macros.svh'.
Back to file 'verification/tc/tc_uart_fifo.sv'.

Note-[SV-LCM-PPWI] Package previously wildcard imported
verification/tc/tc_uart_fifo.sv, 13
$unit
  Package 'uart_package' already wildcard imported. 
  Ignoring uart_package::*
  See the SystemVerilog LRM(1800-2005), section 19.2.1.


Note-[SV-LCM-PPWI] Package previously wildcard imported
verification/tc/tc_uart_fifo.sv, 14
$unit
  Package 'uart_env_package' already wildcard imported. 
  Ignoring uart_env_package::*
  See the SystemVerilog LRM(1800-2005), section 19.2.1.

Parsing included file 'verification/tc/tc_base.sv'.
Back to file 'verification/tc/tc_uart_fifo.sv'.
Parsing design file 'verification/tc/tc_uart_csr.sv'

Note-[SV-LCM-PPWI] Package previously wildcard imported
verification/tc/tc_uart_csr.sv, 10
$unit
  Package 'uvm_pkg' already wildcard imported. 
  Ignoring uvm_pkg::*
  See the SystemVerilog LRM(1800-2005), section 19.2.1.

Parsing included file '/home/eda/app/synopsys/vcs/W-2024.09-SP1/etc/uvm-1.2/uvm_macros.svh'.
Back to file 'verification/tc/tc_uart_csr.sv'.

Note-[SV-LCM-PPWI] Package previously wildcard imported
verification/tc/tc_uart_csr.sv, 13
$unit
  Package 'uart_package' already wildcard imported. 
  Ignoring uart_package::*
  See the SystemVerilog LRM(1800-2005), section 19.2.1.


Note-[SV-LCM-PPWI] Package previously wildcard imported
verification/tc/tc_uart_csr.sv, 14
$unit
  Package 'uart_env_package' already wildcard imported. 
  Ignoring uart_env_package::*
  See the SystemVerilog LRM(1800-2005), section 19.2.1.

Parsing included file 'verification/tc/tc_base.sv'.
Back to file 'verification/tc/tc_uart_csr.sv'.
Parsing design file 'verification/tc/tc_uart_perf.sv'

Note-[SV-LCM-PPWI] Package previously wildcard imported
verification/tc/tc_uart_perf.sv, 10
$unit
  Package 'uvm_pkg' already wildcard imported. 
  Ignoring uvm_pkg::*
  See the SystemVerilog LRM(1800-2005), section 19.2.1.

Parsing included file '/home/eda/app/synopsys/vcs/W-2024.09-SP1/etc/uvm-1.2/uvm_macros.svh'.
Back to file 'verification/tc/tc_uart_perf.sv'.

Note-[SV-LCM-PPWI] Package previously wildcard imported
verification/tc/tc_uart_perf.sv, 13
$unit
  Package 'uart_package' already wildcard imported. 
  Ignoring uart_package::*
  See the SystemVerilog LRM(1800-2005), section 19.2.1.


Note-[SV-LCM-PPWI] Package previously wildcard imported
verification/tc/tc_uart_perf.sv, 14
$unit
  Package 'uart_env_package' already wildcard imported. 
  Ignoring uart_env_package::*
  See the SystemVerilog LRM(1800-2005), section 19.2.1.

Parsing included file 'verification/tc/tc_base.sv'.
Back to file 'verification/tc/tc_uart_perf.sv'.
Parsing design file 'verification/tc/tc_uart_alert.sv'

Note-[SV-LCM-PPWI] Package previously wildcard imported
verification/tc/tc_uart_alert.sv, 10
$unit
  Package 'uvm_pkg' already wildcard imported. 
  Ignoring uvm_pkg::*
  See the SystemVerilog LRM(1800-2005), section 19.2.1.

Parsing included file '/home/eda/app/synopsys/vcs/W-2024.09-SP1/etc/uvm-1.2/uvm_macros.svh'.
Back to file 'verification/tc/tc_uart_alert.sv'.

Note-[SV-LCM-PPWI] Package previously wildcard imported
verification/tc/tc_uart_alert.sv, 13
$unit
  Package 'uart_package' already wildcard imported. 
  Ignoring uart_package::*
  See the SystemVerilog LRM(1800-2005), section 19.2.1.


Note-[SV-LCM-PPWI] Package previously wildcard imported
verification/tc/tc_uart_alert.sv, 14
$unit
  Package 'uart_env_package' already wildcard imported. 
  Ignoring uart_env_package::*
  See the SystemVerilog LRM(1800-2005), section 19.2.1.

Parsing included file 'verification/tc/tc_base.sv'.
Back to file 'verification/tc/tc_uart_alert.sv'.
Parsing design file 'verification/tc/tc_undef.sv'
Parsing design file 'verification/th/harness.sv'
Parsing included file '/home/eda/app/synopsys/vcs/W-2024.09-SP1/etc/uvm-1.2/uvm_macros.svh'.
Back to file 'verification/th/harness.sv'.
Top Level Modules:
       prim_alert_receiver
       prim_cdc_rand_delay
       prim_secded_22_16_dec
       prim_secded_22_16_enc
       prim_secded_28_22_dec
       prim_secded_28_22_enc
       prim_secded_39_32_dec
       prim_secded_39_32_enc
       prim_secded_64_57_dec
       prim_secded_64_57_enc
       prim_secded_72_64_dec
       prim_secded_72_64_enc
       prim_secded_hamming_22_16_dec
       prim_secded_hamming_22_16_enc
       prim_secded_hamming_39_32_dec
       prim_secded_hamming_39_32_enc
       prim_secded_hamming_72_64_dec
       prim_secded_hamming_72_64_enc
       prim_secded_hamming_76_68_dec
       prim_secded_hamming_76_68_enc
       prim_secded_inv_22_16_dec
       prim_secded_inv_22_16_enc
       prim_secded_inv_28_22_dec
       prim_secded_inv_28_22_enc
       prim_secded_inv_72_64_dec
       prim_secded_inv_72_64_enc
       prim_secded_inv_hamming_22_16_dec
       prim_secded_inv_hamming_22_16_enc
       prim_secded_inv_hamming_39_32_dec
       prim_secded_inv_hamming_39_32_enc
       prim_secded_inv_hamming_72_64_dec
       prim_secded_inv_hamming_72_64_enc
       prim_secded_inv_hamming_76_68_dec
       prim_secded_inv_hamming_76_68_enc
       tlul_assert
       uart_csr
       harness
TimeScale is 1 ns / 1 ps

Warning-[ENUMASSIGN] Illegal assignment to enum variable
rtl/apb2tlul.sv, 146
apb2tlul, "tl_o.a_opcode = req_opcode_q;"
  Only expressions of the enum type can be assigned to an enum variable. 
  The type logic [2:0] is incompatible with the enum 'tl_a_op_e'
  Expression: req_opcode_q
  Use the static cast operator to convert the expression to enum type.


Warning-[ENUMASSIGN] Illegal assignment to enum variable
verification/th/harness.sv, 64
harness, "tl_h2d.a_opcode = harness.tlul_if.a_opcode;"
  Only expressions of the enum type can be assigned to an enum variable. 
  The type logic [2:0] is incompatible with the enum 'tl_a_op_e'
  Expression: harness.tlul_if.a_opcode
  Use the static cast operator to convert the expression to enum type.


Warning-[PCWM-W] Port connection width mismatch
verification/th/harness.sv, 111
"uart u_dut_tlul( .clk_i (clk),  .rst_ni (rst_n),  .tl_i (tl_h2d),  .tl_o (tl_d2h),  .alert_rx_i (alert_rx),  .alert_tx_o (alert_tx),  .racl_policies_i ('0),  .cio_rx_i (harness.uart_if.rx),  .cio_tx_o (harness.uart_if.tx),  .cio_tx_en_o (harness.uart_if.tx_en),  .intr_tx_watermark_o (intr_tx_watermark_tlul),  .intr_tx_empty_o (intr_tx_empty_tlul),  .intr_rx_watermark_o (intr_rx_watermark_tlul),  .intr_tx_done_o (intr_tx_done_tlul),  .intr_rx_overflow_o (intr_rx_overflow_tlul),  .intr_rx_frame_err_o (intr_rx_frame_err_tlul),  .intr_rx_break_err_o (intr_rx_break_err_tlul),  .intr_rx_timeout_o (intr_rx_timeout_tlul),  .intr_rx_parity_err_o (intr_rx_parity_err_tlul));"
  The following 8-bit expression is connected to 4-bit port "alert_rx_i" of 
  module "uart", instance "u_dut_tlul".
  Expression: alert_rx
  Instantiated module defined at: "rtl/uart.sv", 9
  Use +lint=PCWM for more details.


Warning-[PCWM-W] Port connection width mismatch
verification/th/harness.sv, 111
"uart u_dut_tlul( .clk_i (clk),  .rst_ni (rst_n),  .tl_i (tl_h2d),  .tl_o (tl_d2h),  .alert_rx_i (alert_rx),  .alert_tx_o (alert_tx),  .racl_policies_i ('0),  .cio_rx_i (harness.uart_if.rx),  .cio_tx_o (harness.uart_if.tx),  .cio_tx_en_o (harness.uart_if.tx_en),  .intr_tx_watermark_o (intr_tx_watermark_tlul),  .intr_tx_empty_o (intr_tx_empty_tlul),  .intr_rx_watermark_o (intr_rx_watermark_tlul),  .intr_tx_done_o (intr_tx_done_tlul),  .intr_rx_overflow_o (intr_rx_overflow_tlul),  .intr_rx_frame_err_o (intr_rx_frame_err_tlul),  .intr_rx_break_err_o (intr_rx_break_err_tlul),  .intr_rx_timeout_o (intr_rx_timeout_tlul),  .intr_rx_parity_err_o (intr_rx_parity_err_tlul));"
  The following 4-bit expression is connected to 2-bit port "alert_tx_o" of 
  module "uart", instance "u_dut_tlul".
  Expression: alert_tx
  Instantiated module defined at: "rtl/uart.sv", 9
  Use +lint=PCWM for more details.


Warning-[USVS-ACWCFC] Unsupported SystemVerilog construct
rtl/apb2tlul.sv, 156
"tlul_pkg::get_cmd_intg"
  The always_comb block has nested hierarchical or interface function calls. 
  The sensitivity list is based on function argument rather than the function 
  bodies.
  Please avoid always_comb with nested hierarchical function calls.


Warning-[USVS-ACWCFC] Unsupported SystemVerilog construct
rtl/apb2tlul.sv, 157
"tlul_pkg::get_data_intg"
  The always_comb block has nested hierarchical or interface function calls. 
  The sensitivity list is based on function argument rather than the function 
  bodies.
  Please avoid always_comb with nested hierarchical function calls.


Warning-[USVS-ACWCFC] Unsupported SystemVerilog construct
verification/th/harness.sv, 76
"tlul_pkg::get_cmd_intg"
  The always_comb block has nested hierarchical or interface function calls. 
  The sensitivity list is based on function argument rather than the function 
  bodies.
  Please avoid always_comb with nested hierarchical function calls.


Warning-[USVS-ACWCFC] Unsupported SystemVerilog construct
verification/th/harness.sv, 77
"tlul_pkg::get_data_intg"
  The always_comb block has nested hierarchical or interface function calls. 
  The sensitivity list is based on function argument rather than the function 
  bodies.
  Please avoid always_comb with nested hierarchical function calls.

Starting vcs inline pass...
72 modules and 0 UDP read.
recompiling package vcs_paramclassrepository
recompiling package uart_env_package
Both modules done.
	However, due to incremental compilation, only 2 modules need to be compiled. 
rm -f _cuarc*.so _csrc*.so pre_vcsobj_*.so share_vcsobj_*.so
if [ -x ../simv ]; then chmod a-x ../simv; fi
g++  -o ../simv      -rdynamic  -Wl,-rpath='$ORIGIN'/simv.daidir -Wl,-rpath=./simv.daidir \
-Wl,-rpath=/home/eda/app/synopsys/vcs/W-2024.09-SP1/linux64/lib -L/home/eda/app/synopsys/vcs/W-2024.09-SP1/linux64/lib \
-Wl,-rpath-link=./  /usr/lib64/libnuma.so.1 /home/eda/app/synopsys/vcs/W-2024.09-SP1/linux64/lib/vpdlogstub.o \
uvm_dpi.o   objs/amcQw_d.o   _73931_archive_1.so _prev_archive_1.so   SIM_l.o    \
rmapats_mop.o rmapats.o rmar.o rmar_nd.o  rmar_llvm_0_1.o rmar_llvm_0_0.o        \
-lvirsim -lerrorinf -lsnpsmalloc -lvfs    -lvcsnew -lsimprofile -lreader_common /home/eda/app/synopsys/vcs/W-2024.09-SP1/linux64/lib/libBA.a \
-luclinative /home/eda/app/synopsys/vcs/W-2024.09-SP1/linux64/lib/vcs_tls.o   -Wl,-whole-archive \
-lvcsucli    -Wl,-no-whole-archive       ./../simv.daidir/vc_hdrs.o    /home/eda/app/synopsys/vcs/W-2024.09-SP1/linux64/lib/vcs_save_restore_new.o \
-ldl  -lc -lm -lpthread -ldl 
../simv up to date
CPU time: 5.763 seconds to compile + .356 seconds to elab + .321 seconds to link
