INFO: Preparing aixsilicon:cbb:sync_fifo:0.1.0
INFO: Preparing aixsilicon:ip:spi_master:1.0.0
INFO: Setting up project
INFO: Building
INFO: Running
./aixsilicon_ip_spi_master_1.0.0 -l vcs.log  +UVM_TESTNAME=tc_spi_apb
Info: [VCS_SAVE_RESTORE_INFO] ASLR (Address Space Layout Randomization) is detected on the machine. To enable $save functionality, ASLR will be switched off and simv re-executed.
Please use '-no_save' simv switch to avoid re-execution or '-suppress=ASLR_DETECTED_INFO' to suppress this message.
Chronologic VCS simulator copyright 1991-2024
Contains Synopsys proprietary information.
Compiler version W-2024.09-SP1_Full64; Runtime version W-2024.09-SP1_Full64;  Sep 10 08:49 2026
UVM_INFO /home/eda/app/synopsys/vcs/W-2024.09-SP1/etc/uvm-1.2/base/uvm_root.svh(402) @ 0: reporter [UVM/RELNOTES] 
----------------------------------------------------------------
UVM-1.2.Synopsys
(C) 2007-2014 Mentor Graphics Corporation
(C) 2007-2014 Cadence Design Systems, Inc.
(C) 2006-2014 Synopsys, Inc.
(C) 2011-2013 Cypress Semiconductor Corp.
(C) 2013-2014 NVIDIA Corporation
----------------------------------------------------------------

  ***********       IMPORTANT RELEASE NOTES         ************

  You are using a version of the UVM library that has been compiled
  with `UVM_NO_DEPRECATED undefined.
  See http://www.eda.org/svdb/view.php?id=3313 for more details.

  You are using a version of the UVM library that has been compiled
  with `UVM_OBJECT_DO_NOT_NEED_CONSTRUCTOR undefined.
  See http://www.eda.org/svdb/view.php?id=3770 for more details.

      (Specify +UVM_NO_RELNOTES to turn off this notice)

UVM_INFO @ 0: reporter [RNTST] Running test tc_spi_apb...
UVM_INFO src/aixsilicon_ip_spi_master_1.0.0/verification/env/spi_master_tests.sv(41) @ 5890000: uvm_test_top [SPI_PASS] apb PASS checks=1054
UVM_INFO /home/eda/app/synopsys/vcs/W-2024.09-SP1/etc/uvm-1.2/base/uvm_objection.svh(1276) @ 5890000: reporter [TEST_DONE] 'run' phase is ready to proceed to the 'extract' phase
UVM_INFO /home/eda/app/synopsys/vcs/W-2024.09-SP1/etc/uvm-1.2/base/uvm_report_server.svh(904) @ 5890000: reporter [UVM/REPORT/SERVER] 
--- UVM Report Summary ---

** Report counts by severity
UVM_INFO :    4
UVM_WARNING :    0
UVM_ERROR :    0
UVM_FATAL :    0
** Report counts by id
[RNTST]     1
[SPI_PASS]     1
[TEST_DONE]     1
[UVM/RELNOTES]     1

$finish called from file "/home/eda/app/synopsys/vcs/W-2024.09-SP1/etc/uvm-1.2/base/uvm_root.svh", line 527.
$finish at simulation time              5890000
           V C S   S i m u l a t i o n   R e p o r t 
Time: 5890000 ps
CPU Time:      0.180 seconds;       Data structure size:   0.3Mb
Thu Sep 10 08:49:32 2026
Entering directory '/home/eda/workspace/aixsilicon_workflow/repos/aixsilicon_ip_repo/ips/peripheral/serial/spi_master/build/fusesoc-smoke-final/aixsilicon_ip_spi_master_1.0.0/smoke-vcs'
Leaving directory '/home/eda/workspace/aixsilicon_workflow/repos/aixsilicon_ip_repo/ips/peripheral/serial/spi_master/build/fusesoc-smoke-final/aixsilicon_ip_spi_master_1.0.0/smoke-vcs'
Entering directory '/home/eda/workspace/aixsilicon_workflow/repos/aixsilicon_ip_repo/ips/peripheral/serial/spi_master/build/fusesoc-smoke-final/aixsilicon_ip_spi_master_1.0.0/smoke-vcs'
Leaving directory '/home/eda/workspace/aixsilicon_workflow/repos/aixsilicon_ip_repo/ips/peripheral/serial/spi_master/build/fusesoc-smoke-final/aixsilicon_ip_spi_master_1.0.0/smoke-vcs'
