 
****************************************
Report : area
Design : axi_mpu_REGION_NUM16_PIPELINE0
Version: V-2023.12-SP3
Date   : Thu Sep 10 02:31:28 2026
****************************************

Information: Updating design information... (UID-85)
Warning: Design 'axi_mpu_REGION_NUM16_PIPELINE0' contains 1 high-fanout nets. A fanout number of 1000 will be used for delay calculations involving these nets. (TIM-134)
Library(s) Used:

    sc9_cmos28lp_base_hvt_tt_nominal_max_1p00v_25c (File: /home/eda/pdk/CMOS28NM/extracted/GF21LB004-FB-00000-r5p0-03rel0/arm/cp/cmos28lp/sc9_base_hvt/r5p0/db/sc9_cmos28lp_base_hvt_tt_nominal_max_1p00v_25c.db)

Number of ports:                        12867
Number of nets:                         38472
Number of cells:                        27499
Number of combinational cells:          24356
Number of sequential cells:              3082
Number of macros/black boxes:               0
Number of buf/inv:                       9944
Number of references:                      54

Combinational area:              17374.149028
Buf/Inv area:                     4121.910073
Noncombinational area:            8276.462849
Macro/Black Box area:                0.000000
Net Interconnect area:               0.000000

Total cell area:                 25650.611877
Total area:                      25650.611877
1
