 
****************************************
Report : area
Design : axi_mpu_REGION_NUM4_PIPELINE0
Version: V-2023.12-SP3
Date   : Thu Sep 10 02:45:38 2026
****************************************

Information: Updating design information... (UID-85)
Warning: Design 'axi_mpu_REGION_NUM4_PIPELINE0' contains 1 high-fanout nets. A fanout number of 1000 will be used for delay calculations involving these nets. (TIM-134)
Library(s) Used:

    sc9_cmos28lp_base_hvt_tt_nominal_max_1p00v_25c (File: /home/eda/pdk/CMOS28NM/extracted/GF21LB004-FB-00000-r5p0-03rel0/arm/cp/cmos28lp/sc9_base_hvt/r5p0/db/sc9_cmos28lp_base_hvt_tt_nominal_max_1p00v_25c.db)

Number of ports:                         7923
Number of nets:                         25144
Number of cells:                        20318
Number of combinational cells:          17211
Number of sequential cells:              3082
Number of macros/black boxes:               0
Number of buf/inv:                       6148
Number of references:                      57

Combinational area:              11806.119015
Buf/Inv area:                     2656.368034
Noncombinational area:            8020.817684
Macro/Black Box area:                0.000000
Net Interconnect area:               0.000000

Total cell area:                 19826.936699
Total area:                      19826.936699
1
