 
****************************************
Report : qor
Design : axi_mpu_REGION_NUM4_PIPELINE0
Version: V-2023.12-SP3
Date   : Thu Sep 10 02:45:41 2026
****************************************


  Timing Path Group 'clk'
  -----------------------------------
  Levels of Logic:              76.00
  Critical Path Length:          3.64
  Critical Path Slack:          -1.16
  Critical Path Clk Period:      2.50
  Total Negative Slack:       -143.73
  No. of Violating Paths:      125.00
  Worst Hold Violation:          0.00
  Total Hold Violation:          0.00
  No. of Hold Violations:        0.00
  -----------------------------------


  Cell Count
  -----------------------------------
  Hierarchical Cell Count:         25
  Hierarchical Port Count:       6876
  Leaf Cell Count:              20293
  Buf/Inv Cell Count:            6148
  Buf Cell Count:                1570
  Inv Cell Count:                4578
  CT Buf/Inv Cell Count:            0
  Combinational Cell Count:     17211
  Sequential Cell Count:         3082
  Macro Count:                      0
  -----------------------------------


  Area
  -----------------------------------
  Combinational Area:    11806.119015
  Noncombinational Area:  8020.817684
  Buf/Inv Area:           2656.368034
  Total Buffer Area:           839.59
  Total Inverter Area:        1816.78
  Macro/Black Box Area:      0.000000
  Net Area:                  0.000000
  -----------------------------------
  Cell Area:             19826.936699
  Design Area:           19826.936699


  Design Rules
  -----------------------------------
  Total Number of Nets:         20880
  Nets With Violations:             0
  Max Trans Violations:             0
  Max Cap Violations:               0
  -----------------------------------


  Hostname: localhost.localdomain

  Compile CPU Statistics
  -----------------------------------------
  Resource Sharing:                    6.51
  Logic Optimization:                 28.16
  Mapping Optimization:               92.32
  -----------------------------------------
  Overall Compile Time:              131.11
  Overall Compile Wall Clock Time:   132.02

  --------------------------------------------------------------------

  Design  WNS: 1.16  TNS: 143.73  Number of Violating Paths: 125


  Design (Hold)  WNS: 0.00  TNS: 0.00  Number of Violating Paths: 0

  --------------------------------------------------------------------


1
