 
****************************************
Report : timing
        -path full
        -delay max
        -max_paths 1
Design : axi_mpu_REGION_NUM4_PIPELINE0
Version: V-2023.12-SP3
Date   : Thu Sep 10 02:45:39 2026
****************************************

 # A fanout number of 1000 was used for high fanout net computations.

Operating Conditions: tt_nominal_max_1p00v_25c   Library: sc9_cmos28lp_base_hvt_tt_nominal_max_1p00v_25c
Wire Load Model Mode: top

  Startpoint: u_write/state_reg[0]
              (rising edge-triggered flip-flop clocked by clk)
  Endpoint: u_csr/field_storage_reg[VIOL_STATUS][privileged][value]
            (rising edge-triggered flip-flop clocked by clk)
  Path Group: clk
  Path Type: max

  Des/Clust/Port     Wire Load Model       Library
  ------------------------------------------------
  axi_mpu_REGION_NUM4_PIPELINE0
                     Small                 sc9_cmos28lp_base_hvt_tt_nominal_max_1p00v_25c

  Point                                                   Incr       Path
  --------------------------------------------------------------------------
  clock clk (rise edge)                                   0.00       0.00
  clock network delay (ideal)                             0.00       0.00
  u_write/state_reg[0]/CK (DFFRPQ_X3M_A9TH)               0.00 #     0.00 r
  u_write/state_reg[0]/Q (DFFRPQ_X3M_A9TH)                0.12       0.12 r
  u_write/U48/Y (INV_X6M_A9TH)                            0.02       0.14 f
  u_write/U70/Y (OR3_X8M_A9TH)                            0.06       0.20 f
  u_write/U60/Y (INV_X16B_A9TH)                           0.02       0.22 r
  u_write/U44/Y (AND2_X6M_A9TH)                           0.04       0.26 r
  u_write/pe_len[4] (axi_mpu_write_ADDR_WIDTH48_DATA_WIDTH128_ID_WIDTH8_WRITE_OUTSTANDING8_MASTER_ID_WIDTH4)
                                                          0.00       0.26 r
  U312/Y (AND2_X8M_A9TH)                                  0.03       0.29 r
  U313/Y (AO22_X6M_A9TH)                                  0.06       0.35 r
  u_perm/req_len[4] (axi_mpu_permission_48_8_4_4_1_1_1)
                                                          0.00       0.35 r
  u_perm/add_78_C124/A[4] (axi_mpu_permission_48_8_4_4_1_1_1_DW01_inc_2)
                                                          0.00       0.35 r
  u_perm/add_78_C124/U28/Y (NAND3_X6A_A9TH)               0.03       0.39 f
  u_perm/add_78_C124/U23/Y (NAND3BB_X8M_A9TH)             0.05       0.44 f
  u_perm/add_78_C124/U36/Y (XNOR2_X4M_A9TH)               0.04       0.48 f
  u_perm/add_78_C124/SUM[7] (axi_mpu_permission_48_8_4_4_1_1_1_DW01_inc_2)
                                                          0.00       0.48 f
  u_perm/mult_78_C124/B[7] (axi_mpu_permission_48_8_4_4_1_1_1_DW02_mult_0)
                                                          0.00       0.48 f
  u_perm/mult_78_C124/U59/Y (AND2_X11B_A9TH)              0.06       0.54 f
  u_perm/mult_78_C124/U104/Y (NAND2_X3B_A9TH)             0.02       0.56 r
  u_perm/mult_78_C124/U180/Y (INV_X4M_A9TH)               0.02       0.58 f
  u_perm/mult_78_C124/S3_2_7/S (ADDF_X1M_A9TH)            0.12       0.70 r
  u_perm/mult_78_C124/S2_3_6/SUM (ADDFH_X2M_A9TH)         0.11       0.81 f
  u_perm/mult_78_C124/S2_4_5/S (ADDF_X1M_A9TH)            0.14       0.95 r
  u_perm/mult_78_C124/S2_5_4/S (ADDF_X1M_A9TH)            0.13       1.08 f
  u_perm/mult_78_C124/S2_6_3/CO (ADDF_X1P4M_A9TH)         0.10       1.18 f
  u_perm/mult_78_C124/S2_7_3/S (ADDF_X2M_A9TH)            0.15       1.33 r
  u_perm/mult_78_C124/U149/Y (AND2_X6B_A9TH)              0.06       1.39 r
  u_perm/mult_78_C124/U186/Y (AND2_X8M_A9TH)              0.04       1.44 r
  u_perm/mult_78_C124/U119/Y (AND2_X11B_A9TH)             0.04       1.48 r
  u_perm/mult_78_C124/U14/Y (AND2_X11M_A9TH)              0.04       1.52 r
  u_perm/mult_78_C124/U66/Y (AND2_X11M_A9TH)              0.04       1.56 r
  u_perm/mult_78_C124/U12/Y (AND2_X8M_A9TH)               0.04       1.60 r
  u_perm/mult_78_C124/U7/Y (AND2_X11B_A9TH)               0.04       1.64 r
  u_perm/mult_78_C124/U93/Y (AND2_X6M_A9TH)               0.04       1.68 r
  u_perm/mult_78_C124/U10/Y (AND2_X11B_A9TH)              0.04       1.73 r
  u_perm/mult_78_C124/U154/Y (XOR2_X4M_A9TH)              0.04       1.77 r
  u_perm/mult_78_C124/U151/Y (XOR2_X4M_A9TH)              0.08       1.84 r
  u_perm/mult_78_C124/U118/Y (XOR2_X4M_A9TH)              0.07       1.91 r
  u_perm/mult_78_C124/PRODUCT[19] (axi_mpu_permission_48_8_4_4_1_1_1_DW02_mult_0)
                                                          0.00       1.91 r
  u_perm/U315/Y (BUFH_X9M_A9TH)                           0.05       1.96 r
  u_perm/r161/A[19] (axi_mpu_permission_48_8_4_4_1_1_1_DW01_dec_7)
                                                          0.00       1.96 r
  u_perm/r161/U4/Y (INV_X11M_A9TH)                        0.02       1.98 f
  u_perm/r161/U47/Y (NAND2_X8A_A9TH)                      0.02       2.00 r
  u_perm/r161/U57/Y (OR2_X11M_A9TH)                       0.04       2.04 r
  u_perm/r161/U63/Y (NAND2B_X8M_A9TH)                     0.04       2.08 r
  u_perm/r161/U72/Y (NOR2_X6A_A9TH)                       0.02       2.10 f
  u_perm/r161/U84/Y (XOR2_X4M_A9TH)                       0.04       2.13 f
  u_perm/r161/SUM[23] (axi_mpu_permission_48_8_4_4_1_1_1_DW01_dec_7)
                                                          0.00       2.13 f
  u_perm/add_85_C124/B[23] (axi_mpu_permission_48_8_4_4_1_1_1_DW01_add_11)
                                                          0.00       2.13 f
  u_perm/add_85_C124/U323/Y (OR2_X6M_A9TH)                0.06       2.19 f
  u_perm/add_85_C124/U8/Y (INV_X11M_A9TH)                 0.02       2.21 r
  u_perm/add_85_C124/U141/Y (OR4_X8M_A9TH)                0.04       2.25 r
  u_perm/add_85_C124/U14/Y (INV_X11B_A9TH)                0.02       2.27 f
  u_perm/add_85_C124/U22/Y (NAND2_X8A_A9TH)               0.02       2.29 r
  u_perm/add_85_C124/U135/Y (NAND3_X6A_A9TH)              0.03       2.32 f
  u_perm/add_85_C124/U86/Y (NAND2_X6A_A9TH)               0.03       2.34 r
  u_perm/add_85_C124/U325/Y (NAND3_X6M_A9TH)              0.04       2.39 f
  u_perm/add_85_C124/U61/Y (NAND2_X3M_A9TH)               0.04       2.43 r
  u_perm/add_85_C124/U63/Y (AND3_X8M_A9TH)                0.06       2.49 r
  u_perm/add_85_C124/U179/Y (OAI2XB1_X6M_A9TH)            0.03       2.52 f
  u_perm/add_85_C124/U93/Y (XOR2_X4M_A9TH)                0.04       2.56 f
  u_perm/add_85_C124/SUM[39] (axi_mpu_permission_48_8_4_4_1_1_1_DW01_add_11)
                                                          0.00       2.56 f
  u_perm/U234/Y (AO1B2_X6M_A9TH)                          0.06       2.62 f
  u_perm/lte_134_2_I2/A[39] (axi_mpu_permission_48_8_4_4_1_1_1_DW01_cmp2_24)
                                                          0.00       2.62 f
  u_perm/lte_134_2_I2/U32/Y (AND2_X8M_A9TH)               0.05       2.66 f
  u_perm/lte_134_2_I2/U11/Y (INV_X13M_A9TH)               0.02       2.69 r
  u_perm/lte_134_2_I2/U12/Y (NAND2_X6B_A9TH)              0.02       2.71 f
  u_perm/lte_134_2_I2/U44/Y (NOR2_X8M_A9TH)               0.03       2.73 r
  u_perm/lte_134_2_I2/U92/Y (NAND4BB_X4M_A9TH)            0.03       2.77 f
  u_perm/lte_134_2_I2/U132/Y (OAI221_X4M_A9TH)            0.04       2.80 r
  u_perm/lte_134_2_I2/U131/Y (AOI31_X6M_A9TH)             0.04       2.84 f
  u_perm/lte_134_2_I2/U135/Y (AOI31_X6M_A9TH)             0.04       2.88 r
  u_perm/lte_134_2_I2/LT_LE (axi_mpu_permission_48_8_4_4_1_1_1_DW01_cmp2_24)
                                                          0.00       2.88 r
  u_perm/U348/Y (NAND4_X4M_A9TH)                          0.04       2.93 f
  u_perm/U392/Y (AOI31_X6M_A9TH)                          0.07       3.00 r
  u_perm/U338/Y (OR2_X4M_A9TH)                            0.07       3.07 r
  u_perm/U49/Y (INV_X16M_A9TH)                            0.03       3.10 f
  u_perm/U93/Y (AOI22_X4M_A9TH)                           0.05       3.14 r
  u_perm/U77/Y (NAND2_X3B_A9TH)                           0.03       3.17 f
  u_perm/U251/Y (OAI22BB_X8M_A9TH)                        0.06       3.23 f
  u_perm/U248/Y (NOR2_X8M_A9TH)                           0.04       3.27 r
  u_perm/U284/Y (MXIT2_X4M_A9TH)                          0.03       3.30 f
  u_perm/U417/Y (NOR3BB_X8M_A9TH)                         0.06       3.36 f
  u_perm/perm_allow (axi_mpu_permission_48_8_4_4_1_1_1)
                                                          0.00       3.36 f
  u_read/perm_allow (axi_mpu_read_ADDR_WIDTH48_DATA_WIDTH128_ID_WIDTH8)
                                                          0.00       3.36 f
  u_read/U8/Y (NOR2XB_X6M_A9TH)                           0.03       3.39 r
  u_read/viol_valid (axi_mpu_read_ADDR_WIDTH48_DATA_WIDTH128_ID_WIDTH8)
                                                          0.00       3.39 r
  U268/Y (INV_X6M_A9TH)                                   0.02       3.41 f
  U309/Y (BUFH_X16M_A9TH)                                 0.04       3.45 f
  U180/Y (INV_X13M_A9TH)                                  0.02       3.47 r
  U225/Y (NAND3BB_X8M_A9TH)                               0.04       3.51 r
  U194/Y (INV_X11M_A9TH)                                  0.02       3.53 f
  U175/Y (AO22_X6M_A9TH)                                  0.06       3.59 f
  u_csr/hwif_in[VIOL_STATUS][privileged][hwset] (axi_mpu_csr)
                                                          0.00       3.59 f
  u_csr/U191/Y (OA21_X4M_A9TH)                            0.05       3.64 f
  u_csr/field_storage_reg[VIOL_STATUS][privileged][value]/D (DFFRPQ_X4M_A9TH)
                                                          0.00       3.64 f
  data arrival time                                                  3.64

  clock clk (rise edge)                                   2.50       2.50
  clock network delay (ideal)                             0.00       2.50
  u_csr/field_storage_reg[VIOL_STATUS][privileged][value]/CK (DFFRPQ_X4M_A9TH)
                                                          0.00       2.50 r
  library setup time                                     -0.02       2.48
  data required time                                                 2.48
  --------------------------------------------------------------------------
  data required time                                                 2.48
  data arrival time                                                 -3.64
  --------------------------------------------------------------------------
  slack (VIOLATED)                                                  -1.16


1
