 
****************************************
Report : area
Design : spi_master_top_NUM_CS4_TX_FIFO_DEPTH32_RX_FIFO_DEPTH32_CMD_FIFO_DEPTH4
Version: V-2023.12-SP3
Date   : Thu Sep 10 08:09:50 2026
****************************************

Information: Updating design information... (UID-85)
Warning: Design 'spi_master_top_NUM_CS4_TX_FIFO_DEPTH32_RX_FIFO_DEPTH32_CMD_FIFO_DEPTH4' contains 1 high-fanout nets. A fanout number of 1000 will be used for delay calculations involving these nets. (TIM-134)
Library(s) Used:

    sc9_cmos28lp_base_hvt_tt_nominal_max_1p00v_25c (File: /home/eda/pdk/CMOS28NM/extracted/GF21LB004-FB-00000-r5p0-03rel0/arm/cp/cmos28lp/sc9_base_hvt/r5p0/db/sc9_cmos28lp_base_hvt_tt_nominal_max_1p00v_25c.db)

Number of ports:                         3685
Number of nets:                         19637
Number of cells:                        16004
Number of combinational cells:          12313
Number of sequential cells:              3677
Number of macros/black boxes:               0
Number of buf/inv:                       3043
Number of references:                      49

Combinational area:               8236.215025
Buf/Inv area:                     1230.840011
Noncombinational area:            8386.091715
Macro/Black Box area:                0.000000
Net Interconnect area:               0.000000

Total cell area:                 16622.306740
Total area:                      16622.306740

Hierarchical area distribution
------------------------------

                                  Global cell area           Local cell area
                                  -------------------  ---------------------------- 
Hierarchical cell                 Absolute    Percent  Combi-     Noncombi-  Black-
                                  Total       Total    national   national   boxes   Design
--------------------------------  ----------  -------  ---------  ---------  ------  -----------------------------------------------------------------
spi_master_top_NUM_CS4_TX_FIFO_DEPTH32_RX_FIFO_DEPTH32_CMD_FIFO_DEPTH4
                                  16622.3067    100.0   150.8130     2.5740  0.0000  spi_master_top_NUM_CS4_TX_FIFO_DEPTH32_RX_FIFO_DEPTH32_CMD_FIFO_DEPTH4
u_csr                              5381.4149     32.4  2593.7730  2787.6419  0.0000  spi_master_csr
u_engine                           2230.9560     13.4  1381.6530   635.6610  0.0000  spi_master_engine_NUM_CS4_RX_FIFO_DEPTH32
u_engine/add_181                      7.8390      0.0     7.8390     0.0000  0.0000  spi_master_engine_NUM_CS4_RX_FIFO_DEPTH32_DW01_inc_2_DW01_inc_4
u_engine/add_206                     31.4730      0.2    31.4730     0.0000  0.0000  spi_master_engine_NUM_CS4_RX_FIFO_DEPTH32_DW01_add_0
u_engine/add_245_S2                  40.0140      0.2    40.0140     0.0000  0.0000  spi_master_engine_NUM_CS4_RX_FIFO_DEPTH32_DW01_inc_0_DW01_inc_2
u_engine/r299                        40.0140      0.2    40.0140     0.0000  0.0000  spi_master_engine_NUM_CS4_RX_FIFO_DEPTH32_DW01_inc_3_DW01_inc_5
u_engine/r301                        20.9430      0.1    20.9430     0.0000  0.0000  spi_master_engine_NUM_CS4_RX_FIFO_DEPTH32_DW01_dec_2_DW01_dec_3
u_engine/r306                        19.4220      0.1    19.4220     0.0000  0.0000  spi_master_engine_NUM_CS4_RX_FIFO_DEPTH32_DW01_inc_4_DW01_inc_6
u_engine/sub_1_root_sub_66_2         13.6890      0.1    13.6890     0.0000  0.0000  spi_master_engine_NUM_CS4_RX_FIFO_DEPTH32_DW01_sub_1
u_engine/sub_244                     40.2480      0.2    40.2480     0.0000  0.0000  spi_master_engine_NUM_CS4_RX_FIFO_DEPTH32_DW01_dec_0_DW01_dec_1
u_queues                           8856.5489     53.3     5.7330     7.7220  0.0000  spi_master_queues_TX_FIFO_DEPTH32_RX_FIFO_DEPTH32_CMD_FIFO_DEPTH4
u_queues/u_cmd                     1009.5930      6.1   452.4390   557.1540  0.0000  sync_fifo_DATA_W64_DEPTH4_OUTPUT_REG0_IMPL0
u_queues/u_rx                      3916.6919     23.6  1719.0810  2197.6109  0.0000  sync_fifo_DATA_W32_DEPTH32_OUTPUT_REG0_IMPL0_0
u_queues/u_tx                      3916.8089     23.6  1719.0810  2197.7279  0.0000  sync_fifo_DATA_W32_DEPTH32_OUTPUT_REG0_IMPL0_1
--------------------------------  ----------  -------  ---------  ---------  ------  -----------------------------------------------------------------
Total                                                  8236.2150  8386.0917  0.0000

1
