 
****************************************
Report : hierarchy
Design : x2p_top
Version: V-2023.12-SP3
Date   : Thu Sep  3 09:51:19 2026
****************************************

Information: This design contains unmapped logic. (RPT-7)

x2p_top
    GTECH_AND2                                                                                 gtech
    GTECH_BUF                                                                                  gtech
    GTECH_NOT                                                                                  gtech
    GTECH_OR2                                                                                  gtech
    x2p_apb_engine_00000020_00000020_00000004_00000001_1_00000100_1
        *ADD_UNS_OP_32_1_32
            DW01_inc_width32
                GTECH_ADD_AB                                                                   gtech
                GTECH_NOT                                                                      gtech
                GTECH_XOR2                                                                     gtech
        GTECH_AND2                                                                             gtech
        GTECH_BUF                                                                              gtech
        GTECH_NOT                                                                              gtech
        GTECH_OR2                                                                              gtech
    x2p_req_mgr_00000002_00000034_00000004
        *ADD_UNS_OP_3_1_3
            DW01_inc_width3
                GTECH_ADD_AB                                                                   gtech
                GTECH_NOT                                                                      gtech
                GTECH_XOR2                                                                     gtech
        *EQ_UNS_OP_2_2_1
            DW01_cmp6_width2
                GTECH_AND_NOT                                                                  gtech
                GTECH_NAND2                                                                    gtech
                GTECH_NOR2                                                                     gtech
                GTECH_NOT                                                                      gtech
                GTECH_OR_NOT                                                                   gtech
                GTECH_XNOR2                                                                    gtech
                GTECH_XOR2                                                                     gtech
        *EQ_UNS_OP_3_3_1
            DW01_cmp6_width3
                GTECH_AND_NOT                                                                  gtech
                GTECH_NAND2                                                                    gtech
                GTECH_NOR2                                                                     gtech
                GTECH_NOT                                                                      gtech
                GTECH_OR_NOT                                                                   gtech
                GTECH_XNOR2                                                                    gtech
                GTECH_XOR2                                                                     gtech
        GTECH_AND2                                                                             gtech
        GTECH_BUF                                                                              gtech
        GTECH_NOT                                                                              gtech
        GTECH_XOR2                                                                             gtech
    x2p_req_mgr_00000002_00000049_00000004
        *ADD_UNS_OP_3_1_3
            ...
        *EQ_UNS_OP_2_2_1
            ...
        *EQ_UNS_OP_3_3_1
            ...
        GTECH_AND2                                                                             gtech
        GTECH_BUF                                                                              gtech
        GTECH_NOT                                                                              gtech
        GTECH_XOR2                                                                             gtech
    x2p_rsp_mgr_00000040_00000004_00000020
        *ADD_UNS_OP_6_1_7
            DW01_inc_width7
                GTECH_ADD_AB                                                                   gtech
                GTECH_NOT                                                                      gtech
                GTECH_XOR2                                                                     gtech
        *ADD_UNS_OP_6_2_7
            DW01_add_width7
                GTECH_ADD_ABC                                                                  gtech
        GTECH_AND2                                                                             gtech
        GTECH_AND3                                                                             gtech
        GTECH_BUF                                                                              gtech
        GTECH_NOT                                                                              gtech
        GTECH_OR2                                                                              gtech
    x2p_scheduler_00000000_00000000
        GTECH_AND2                                                                             gtech
        GTECH_BUF                                                                              gtech
        GTECH_NOT                                                                              gtech
        GTECH_OR2                                                                              gtech
    x2p_transfer_engine_00000020_00000040_00000004_00000020_00000020_00000001_00000001
        *ADD_UNS_OP_4_1_4
            DW01_inc_width4
                GTECH_ADD_AB                                                                   gtech
                GTECH_NOT                                                                      gtech
                GTECH_XOR2                                                                     gtech
        *ADD_UNS_OP_8_1_9
            DW01_inc_width9
                GTECH_ADD_AB                                                                   gtech
                GTECH_NOT                                                                      gtech
                GTECH_XOR2                                                                     gtech
        *ADD_UNS_OP_32_6_32
            DW01_add_width32
                GTECH_ADD_ABC                                                                  gtech
        *ADD_UNS_OP_32_8_32
            DW01_add_width32
                GTECH_ADD_ABC                                                                  gtech
        *ADD_UNS_OP_32_17_32
            DW01_add_width32
                GTECH_ADD_ABC                                                                  gtech
        *DIV_UNS_OP_32_17_32
            DW_div_uns_a_width32_b_width17
                GTECH_ADD_ABC                                                                  gtech
                GTECH_AND2                                                                     gtech
                GTECH_MUX2                                                                     gtech
                GTECH_NOT                                                                      gtech
        *EQ_UNS_OP_4_4_1
            DW01_cmp6_width4
                GTECH_AND_NOT                                                                  gtech
                GTECH_NAND2                                                                    gtech
                GTECH_NOR2                                                                     gtech
                GTECH_NOT                                                                      gtech
                GTECH_OR_NOT                                                                   gtech
                GTECH_XNOR2                                                                    gtech
                GTECH_XOR2                                                                     gtech
        *EQ_UNS_OP_32_32_1
            DW01_cmp6_width32
                GTECH_AND_NOT                                                                  gtech
                GTECH_NAND2                                                                    gtech
                GTECH_NOR2                                                                     gtech
                GTECH_NOT                                                                      gtech
                GTECH_OR_NOT                                                                   gtech
                GTECH_XNOR2                                                                    gtech
                GTECH_XOR2                                                                     gtech
        *GT_UNS_OP_4_1_1
            DW01_cmp2_width4
                GTECH_NAND2                                                                    gtech
                GTECH_NOT                                                                      gtech
                GTECH_OR_NOT                                                                   gtech
                GTECH_XNOR2                                                                    gtech
                GTECH_XOR2                                                                     gtech
        *MULT_UNS_OP_6_1_6
            DW02_mult_A_width6_B_width1
                GTECH_AND2                                                                     gtech
                GTECH_MUX2                                                                     gtech
                GTECH_NOT                                                                      gtech
                GTECH_XOR2                                                                     gtech
        *MULT_UNS_OP_8_9_17
            DW02_mult_A_width8_B_width9
                GTECH_ADD_ABC                                                                  gtech
                GTECH_AND2                                                                     gtech
                GTECH_NOR2                                                                     gtech
                GTECH_NOT                                                                      gtech
                GTECH_XOR2                                                                     gtech
        *MULT_UNS_OP_32_17_32
            DW02_mult_A_width32_B_width17
                GTECH_ADD_ABC                                                                  gtech
                GTECH_AND2                                                                     gtech
                GTECH_NOR2                                                                     gtech
                GTECH_NOT                                                                      gtech
                GTECH_XOR2                                                                     gtech
        *SUB_UNS_OP_2_1_3
            DW01_dec_width3
                GTECH_OR2                                                                      gtech
                GTECH_XNOR2                                                                    gtech
                GTECH_ZERO                                                                     gtech
        GTECH_AND2                                                                             gtech
        GTECH_BUF                                                                              gtech
        GTECH_NOT                                                                              gtech
        GTECH_OR2                                                                              gtech
1
