 
****************************************
Report : power
        -analysis_effort low
Design : apb_demux_top
Version: V-2023.12-SP3
Date   : Wed Sep  9 01:44:24 2026
****************************************


Library(s) Used:

    sc9_cmos28lp_base_hvt_tt_nominal_max_1p00v_25c (File: /home/eda/pdk/CMOS28NM/extracted/GF21LB004-FB-00000-r5p0-03rel0/arm/cp/cmos28lp/sc9_base_hvt/r5p0/db/sc9_cmos28lp_base_hvt_tt_nominal_max_1p00v_25c.db)


Operating Conditions: tt_nominal_max_1p00v_25c   Library: sc9_cmos28lp_base_hvt_tt_nominal_max_1p00v_25c
Wire Load Model Mode: top

Design        Wire Load Model            Library
------------------------------------------------
apb_demux_top          Small             sc9_cmos28lp_base_hvt_tt_nominal_max_1p00v_25c


Global Operating Voltage = 1    
Power-specific unit information :
    Voltage Units = 1V
    Capacitance Units = 1.000000pf
    Time Units = 1ns
    Dynamic Power Units = 1mW    (derived from V,C,T units)
    Leakage Power Units = 1uW


Attributes
----------
i - Including register clock pin internal power


  Cell Internal Power  =   1.0855 uW   (58%)
  Net Switching Power  = 776.1214 nW   (42%)
                         ---------
Total Dynamic Power    =   1.8616 uW  (100%)

Cell Leakage Power     =   2.6747 nW


                 Internal         Switching           Leakage            Total
Power Group      Power            Power               Power              Power   (   %    )  Attrs
--------------------------------------------------------------------------------------------------
io_pad             0.0000            0.0000            0.0000            0.0000  (   0.00%)
memory             0.0000            0.0000            0.0000            0.0000  (   0.00%)
black_box          0.0000            0.0000            0.0000            0.0000  (   0.00%)
clock_network      0.0000            0.0000            0.0000            0.0000  (   0.00%)  i
register           0.0000            0.0000            0.0000            0.0000  (   0.00%)
sequential         0.0000            0.0000            0.0000            0.0000  (   0.00%)
combinational  1.0855e-03        7.7612e-04        2.6747e-03        1.8643e-03  ( 100.00%)
--------------------------------------------------------------------------------------------------
Total          1.0855e-03 mW     7.7612e-04 mW     2.6747e-03 uW     1.8643e-03 mW
1
