 
****************************************
Report : timing
        -path full
        -delay max
        -max_paths 1
Design : apb_demux_top
Version: V-2023.12-SP3
Date   : Wed Sep  9 01:44:24 2026
****************************************

Operating Conditions: tt_nominal_max_1p00v_25c   Library: sc9_cmos28lp_base_hvt_tt_nominal_max_1p00v_25c
Wire Load Model Mode: top

  Startpoint: psel (input port)
  Endpoint: prdata[31] (output port)
  Path Group: (none)
  Path Type: max

  Des/Clust/Port     Wire Load Model       Library
  ------------------------------------------------
  apb_demux_top      Small                 sc9_cmos28lp_base_hvt_tt_nominal_max_1p00v_25c

  Point                                    Incr       Path
  -----------------------------------------------------------
  input external delay                     0.00       0.00 r
  psel (in)                                0.08       0.08 r
  U54/Y (AND2_X0P7B_A9TH)                  0.11       0.18 r
  prdata[31] (out)                         0.00       0.18 r
  data arrival time                                   0.18
  -----------------------------------------------------------
  (Path is unconstrained)


1
