 
****************************************
check_design summary:
Version:     V-2023.12-SP3
Date:        Wed Sep  9 01:44:17 2026
****************************************

                   Name                                            Total
--------------------------------------------------------------------------------
Inputs/Outputs                                                    513
    Unconnected ports (LINT-28)                                     2
    Feedthrough (LINT-29)                                         292
    Shorted outputs (LINT-31)                                     219
--------------------------------------------------------------------------------

Warning: In design 'apb_demux_top', port 'pclk' is not connected to any nets. (LINT-28)
Warning: In design 'apb_demux_top', port 'presetn' is not connected to any nets. (LINT-28)
Warning: In design 'apb_demux_top', input port 'paddr[31]' is connected directly to output port 'm_paddr[3][31]'. (LINT-29)
Warning: In design 'apb_demux_top', input port 'paddr[31]' is connected directly to output port 'm_paddr[2][31]'. (LINT-29)
Warning: In design 'apb_demux_top', input port 'paddr[31]' is connected directly to output port 'm_paddr[1][31]'. (LINT-29)
Warning: In design 'apb_demux_top', input port 'paddr[31]' is connected directly to output port 'm_paddr[0][31]'. (LINT-29)
Warning: In design 'apb_demux_top', input port 'paddr[30]' is connected directly to output port 'm_paddr[3][30]'. (LINT-29)
Warning: In design 'apb_demux_top', input port 'paddr[30]' is connected directly to output port 'm_paddr[2][30]'. (LINT-29)
Warning: In design 'apb_demux_top', input port 'paddr[30]' is connected directly to output port 'm_paddr[1][30]'. (LINT-29)
Warning: In design 'apb_demux_top', input port 'paddr[30]' is connected directly to output port 'm_paddr[0][30]'. (LINT-29)
Warning: In design 'apb_demux_top', input port 'paddr[29]' is connected directly to output port 'm_paddr[3][29]'. (LINT-29)
Warning: In design 'apb_demux_top', input port 'paddr[29]' is connected directly to output port 'm_paddr[2][29]'. (LINT-29)
Warning: In design 'apb_demux_top', input port 'paddr[29]' is connected directly to output port 'm_paddr[1][29]'. (LINT-29)
Warning: In design 'apb_demux_top', input port 'paddr[29]' is connected directly to output port 'm_paddr[0][29]'. (LINT-29)
Warning: In design 'apb_demux_top', input port 'paddr[28]' is connected directly to output port 'm_paddr[3][28]'. (LINT-29)
Warning: In design 'apb_demux_top', input port 'paddr[28]' is connected directly to output port 'm_paddr[2][28]'. (LINT-29)
Warning: In design 'apb_demux_top', input port 'paddr[28]' is connected directly to output port 'm_paddr[1][28]'. (LINT-29)
Warning: In design 'apb_demux_top', input port 'paddr[28]' is connected directly to output port 'm_paddr[0][28]'. (LINT-29)
Warning: In design 'apb_demux_top', input port 'paddr[27]' is connected directly to output port 'm_paddr[3][27]'. (LINT-29)
Warning: In design 'apb_demux_top', input port 'paddr[27]' is connected directly to output port 'm_paddr[2][27]'. (LINT-29)
Warning: In design 'apb_demux_top', input port 'paddr[27]' is connected directly to output port 'm_paddr[1][27]'. (LINT-29)
Warning: In design 'apb_demux_top', input port 'paddr[27]' is connected directly to output port 'm_paddr[0][27]'. (LINT-29)
Warning: In design 'apb_demux_top', input port 'paddr[26]' is connected directly to output port 'm_paddr[3][26]'. (LINT-29)
Warning: In design 'apb_demux_top', input port 'paddr[26]' is connected directly to output port 'm_paddr[2][26]'. (LINT-29)
Warning: In design 'apb_demux_top', input port 'paddr[26]' is connected directly to output port 'm_paddr[1][26]'. (LINT-29)
Warning: In design 'apb_demux_top', input port 'paddr[26]' is connected directly to output port 'm_paddr[0][26]'. (LINT-29)
Warning: In design 'apb_demux_top', input port 'paddr[25]' is connected directly to output port 'm_paddr[3][25]'. (LINT-29)
Warning: In design 'apb_demux_top', input port 'paddr[25]' is connected directly to output port 'm_paddr[2][25]'. (LINT-29)
Warning: In design 'apb_demux_top', input port 'paddr[25]' is connected directly to output port 'm_paddr[1][25]'. (LINT-29)
Warning: In design 'apb_demux_top', input port 'paddr[25]' is connected directly to output port 'm_paddr[0][25]'. (LINT-29)
Warning: In design 'apb_demux_top', input port 'paddr[24]' is connected directly to output port 'm_paddr[3][24]'. (LINT-29)
Warning: In design 'apb_demux_top', input port 'paddr[24]' is connected directly to output port 'm_paddr[2][24]'. (LINT-29)
Warning: In design 'apb_demux_top', input port 'paddr[24]' is connected directly to output port 'm_paddr[1][24]'. (LINT-29)
Warning: In design 'apb_demux_top', input port 'paddr[24]' is connected directly to output port 'm_paddr[0][24]'. (LINT-29)
Warning: In design 'apb_demux_top', input port 'paddr[23]' is connected directly to output port 'm_paddr[3][23]'. (LINT-29)
Warning: In design 'apb_demux_top', input port 'paddr[23]' is connected directly to output port 'm_paddr[2][23]'. (LINT-29)
Warning: In design 'apb_demux_top', input port 'paddr[23]' is connected directly to output port 'm_paddr[1][23]'. (LINT-29)
Warning: In design 'apb_demux_top', input port 'paddr[23]' is connected directly to output port 'm_paddr[0][23]'. (LINT-29)
Warning: In design 'apb_demux_top', input port 'paddr[22]' is connected directly to output port 'm_paddr[3][22]'. (LINT-29)
Warning: In design 'apb_demux_top', input port 'paddr[22]' is connected directly to output port 'm_paddr[2][22]'. (LINT-29)
Warning: In design 'apb_demux_top', input port 'paddr[22]' is connected directly to output port 'm_paddr[1][22]'. (LINT-29)
Warning: In design 'apb_demux_top', input port 'paddr[22]' is connected directly to output port 'm_paddr[0][22]'. (LINT-29)
Warning: In design 'apb_demux_top', input port 'paddr[21]' is connected directly to output port 'm_paddr[3][21]'. (LINT-29)
Warning: In design 'apb_demux_top', input port 'paddr[21]' is connected directly to output port 'm_paddr[2][21]'. (LINT-29)
Warning: In design 'apb_demux_top', input port 'paddr[21]' is connected directly to output port 'm_paddr[1][21]'. (LINT-29)
Warning: In design 'apb_demux_top', input port 'paddr[21]' is connected directly to output port 'm_paddr[0][21]'. (LINT-29)
Warning: In design 'apb_demux_top', input port 'paddr[20]' is connected directly to output port 'm_paddr[3][20]'. (LINT-29)
Warning: In design 'apb_demux_top', input port 'paddr[20]' is connected directly to output port 'm_paddr[2][20]'. (LINT-29)
Warning: In design 'apb_demux_top', input port 'paddr[20]' is connected directly to output port 'm_paddr[1][20]'. (LINT-29)
Warning: In design 'apb_demux_top', input port 'paddr[20]' is connected directly to output port 'm_paddr[0][20]'. (LINT-29)
Warning: In design 'apb_demux_top', input port 'paddr[19]' is connected directly to output port 'm_paddr[3][19]'. (LINT-29)
Warning: In design 'apb_demux_top', input port 'paddr[19]' is connected directly to output port 'm_paddr[2][19]'. (LINT-29)
Warning: In design 'apb_demux_top', input port 'paddr[19]' is connected directly to output port 'm_paddr[1][19]'. (LINT-29)
Warning: In design 'apb_demux_top', input port 'paddr[19]' is connected directly to output port 'm_paddr[0][19]'. (LINT-29)
Warning: In design 'apb_demux_top', input port 'paddr[18]' is connected directly to output port 'm_paddr[3][18]'. (LINT-29)
Warning: In design 'apb_demux_top', input port 'paddr[18]' is connected directly to output port 'm_paddr[2][18]'. (LINT-29)
Warning: In design 'apb_demux_top', input port 'paddr[18]' is connected directly to output port 'm_paddr[1][18]'. (LINT-29)
Warning: In design 'apb_demux_top', input port 'paddr[18]' is connected directly to output port 'm_paddr[0][18]'. (LINT-29)
Warning: In design 'apb_demux_top', input port 'paddr[17]' is connected directly to output port 'm_paddr[3][17]'. (LINT-29)
Warning: In design 'apb_demux_top', input port 'paddr[17]' is connected directly to output port 'm_paddr[2][17]'. (LINT-29)
Warning: In design 'apb_demux_top', input port 'paddr[17]' is connected directly to output port 'm_paddr[1][17]'. (LINT-29)
Warning: In design 'apb_demux_top', input port 'paddr[17]' is connected directly to output port 'm_paddr[0][17]'. (LINT-29)
Warning: In design 'apb_demux_top', input port 'paddr[16]' is connected directly to output port 'm_paddr[3][16]'. (LINT-29)
Warning: In design 'apb_demux_top', input port 'paddr[16]' is connected directly to output port 'm_paddr[2][16]'. (LINT-29)
Warning: In design 'apb_demux_top', input port 'paddr[16]' is connected directly to output port 'm_paddr[1][16]'. (LINT-29)
Warning: In design 'apb_demux_top', input port 'paddr[16]' is connected directly to output port 'm_paddr[0][16]'. (LINT-29)
Warning: In design 'apb_demux_top', input port 'paddr[15]' is connected directly to output port 'm_paddr[3][15]'. (LINT-29)
Warning: In design 'apb_demux_top', input port 'paddr[15]' is connected directly to output port 'm_paddr[2][15]'. (LINT-29)
Warning: In design 'apb_demux_top', input port 'paddr[15]' is connected directly to output port 'm_paddr[1][15]'. (LINT-29)
Warning: In design 'apb_demux_top', input port 'paddr[15]' is connected directly to output port 'm_paddr[0][15]'. (LINT-29)
Warning: In design 'apb_demux_top', input port 'paddr[14]' is connected directly to output port 'm_paddr[3][14]'. (LINT-29)
Warning: In design 'apb_demux_top', input port 'paddr[14]' is connected directly to output port 'm_paddr[2][14]'. (LINT-29)
Warning: In design 'apb_demux_top', input port 'paddr[14]' is connected directly to output port 'm_paddr[1][14]'. (LINT-29)
Warning: In design 'apb_demux_top', input port 'paddr[14]' is connected directly to output port 'm_paddr[0][14]'. (LINT-29)
Warning: In design 'apb_demux_top', input port 'paddr[13]' is connected directly to output port 'm_paddr[3][13]'. (LINT-29)
Warning: In design 'apb_demux_top', input port 'paddr[13]' is connected directly to output port 'm_paddr[2][13]'. (LINT-29)
Warning: In design 'apb_demux_top', input port 'paddr[13]' is connected directly to output port 'm_paddr[1][13]'. (LINT-29)
Warning: In design 'apb_demux_top', input port 'paddr[13]' is connected directly to output port 'm_paddr[0][13]'. (LINT-29)
Warning: In design 'apb_demux_top', input port 'paddr[12]' is connected directly to output port 'm_paddr[3][12]'. (LINT-29)
Warning: In design 'apb_demux_top', input port 'paddr[12]' is connected directly to output port 'm_paddr[2][12]'. (LINT-29)
Warning: In design 'apb_demux_top', input port 'paddr[12]' is connected directly to output port 'm_paddr[1][12]'. (LINT-29)
Warning: In design 'apb_demux_top', input port 'paddr[12]' is connected directly to output port 'm_paddr[0][12]'. (LINT-29)
Warning: In design 'apb_demux_top', input port 'paddr[11]' is connected directly to output port 'm_paddr[3][11]'. (LINT-29)
Warning: In design 'apb_demux_top', input port 'paddr[11]' is connected directly to output port 'm_paddr[2][11]'. (LINT-29)
Warning: In design 'apb_demux_top', input port 'paddr[11]' is connected directly to output port 'm_paddr[1][11]'. (LINT-29)
Warning: In design 'apb_demux_top', input port 'paddr[11]' is connected directly to output port 'm_paddr[0][11]'. (LINT-29)
Warning: In design 'apb_demux_top', input port 'paddr[10]' is connected directly to output port 'm_paddr[3][10]'. (LINT-29)
Warning: In design 'apb_demux_top', input port 'paddr[10]' is connected directly to output port 'm_paddr[2][10]'. (LINT-29)
Warning: In design 'apb_demux_top', input port 'paddr[10]' is connected directly to output port 'm_paddr[1][10]'. (LINT-29)
Warning: In design 'apb_demux_top', input port 'paddr[10]' is connected directly to output port 'm_paddr[0][10]'. (LINT-29)
Warning: In design 'apb_demux_top', input port 'paddr[9]' is connected directly to output port 'm_paddr[3][9]'. (LINT-29)
Warning: In design 'apb_demux_top', input port 'paddr[9]' is connected directly to output port 'm_paddr[2][9]'. (LINT-29)
Warning: In design 'apb_demux_top', input port 'paddr[9]' is connected directly to output port 'm_paddr[1][9]'. (LINT-29)
Warning: In design 'apb_demux_top', input port 'paddr[9]' is connected directly to output port 'm_paddr[0][9]'. (LINT-29)
Warning: In design 'apb_demux_top', input port 'paddr[8]' is connected directly to output port 'm_paddr[3][8]'. (LINT-29)
Warning: In design 'apb_demux_top', input port 'paddr[8]' is connected directly to output port 'm_paddr[2][8]'. (LINT-29)
Warning: In design 'apb_demux_top', input port 'paddr[8]' is connected directly to output port 'm_paddr[1][8]'. (LINT-29)
Warning: In design 'apb_demux_top', input port 'paddr[8]' is connected directly to output port 'm_paddr[0][8]'. (LINT-29)
Warning: In design 'apb_demux_top', input port 'paddr[7]' is connected directly to output port 'm_paddr[3][7]'. (LINT-29)
Warning: In design 'apb_demux_top', input port 'paddr[7]' is connected directly to output port 'm_paddr[2][7]'. (LINT-29)
Warning: In design 'apb_demux_top', input port 'paddr[7]' is connected directly to output port 'm_paddr[1][7]'. (LINT-29)
Warning: In design 'apb_demux_top', input port 'paddr[7]' is connected directly to output port 'm_paddr[0][7]'. (LINT-29)
Warning: In design 'apb_demux_top', input port 'paddr[6]' is connected directly to output port 'm_paddr[3][6]'. (LINT-29)
Warning: In design 'apb_demux_top', input port 'paddr[6]' is connected directly to output port 'm_paddr[2][6]'. (LINT-29)
Warning: In design 'apb_demux_top', input port 'paddr[6]' is connected directly to output port 'm_paddr[1][6]'. (LINT-29)
Warning: In design 'apb_demux_top', input port 'paddr[6]' is connected directly to output port 'm_paddr[0][6]'. (LINT-29)
Warning: In design 'apb_demux_top', input port 'paddr[5]' is connected directly to output port 'm_paddr[3][5]'. (LINT-29)
Warning: In design 'apb_demux_top', input port 'paddr[5]' is connected directly to output port 'm_paddr[2][5]'. (LINT-29)
Warning: In design 'apb_demux_top', input port 'paddr[5]' is connected directly to output port 'm_paddr[1][5]'. (LINT-29)
Warning: In design 'apb_demux_top', input port 'paddr[5]' is connected directly to output port 'm_paddr[0][5]'. (LINT-29)
Warning: In design 'apb_demux_top', input port 'paddr[4]' is connected directly to output port 'm_paddr[3][4]'. (LINT-29)
Warning: In design 'apb_demux_top', input port 'paddr[4]' is connected directly to output port 'm_paddr[2][4]'. (LINT-29)
Warning: In design 'apb_demux_top', input port 'paddr[4]' is connected directly to output port 'm_paddr[1][4]'. (LINT-29)
Warning: In design 'apb_demux_top', input port 'paddr[4]' is connected directly to output port 'm_paddr[0][4]'. (LINT-29)
Warning: In design 'apb_demux_top', input port 'paddr[3]' is connected directly to output port 'm_paddr[3][3]'. (LINT-29)
Warning: In design 'apb_demux_top', input port 'paddr[3]' is connected directly to output port 'm_paddr[2][3]'. (LINT-29)
Warning: In design 'apb_demux_top', input port 'paddr[3]' is connected directly to output port 'm_paddr[1][3]'. (LINT-29)
Warning: In design 'apb_demux_top', input port 'paddr[3]' is connected directly to output port 'm_paddr[0][3]'. (LINT-29)
Warning: In design 'apb_demux_top', input port 'paddr[2]' is connected directly to output port 'm_paddr[3][2]'. (LINT-29)
Warning: In design 'apb_demux_top', input port 'paddr[2]' is connected directly to output port 'm_paddr[2][2]'. (LINT-29)
Warning: In design 'apb_demux_top', input port 'paddr[2]' is connected directly to output port 'm_paddr[1][2]'. (LINT-29)
Warning: In design 'apb_demux_top', input port 'paddr[2]' is connected directly to output port 'm_paddr[0][2]'. (LINT-29)
Warning: In design 'apb_demux_top', input port 'paddr[1]' is connected directly to output port 'm_paddr[3][1]'. (LINT-29)
Warning: In design 'apb_demux_top', input port 'paddr[1]' is connected directly to output port 'm_paddr[2][1]'. (LINT-29)
Warning: In design 'apb_demux_top', input port 'paddr[1]' is connected directly to output port 'm_paddr[1][1]'. (LINT-29)
Warning: In design 'apb_demux_top', input port 'paddr[1]' is connected directly to output port 'm_paddr[0][1]'. (LINT-29)
Warning: In design 'apb_demux_top', input port 'paddr[0]' is connected directly to output port 'm_paddr[3][0]'. (LINT-29)
Warning: In design 'apb_demux_top', input port 'paddr[0]' is connected directly to output port 'm_paddr[2][0]'. (LINT-29)
Warning: In design 'apb_demux_top', input port 'paddr[0]' is connected directly to output port 'm_paddr[1][0]'. (LINT-29)
Warning: In design 'apb_demux_top', input port 'paddr[0]' is connected directly to output port 'm_paddr[0][0]'. (LINT-29)
Warning: In design 'apb_demux_top', input port 'penable' is connected directly to output port 'm_penable[3]'. (LINT-29)
Warning: In design 'apb_demux_top', input port 'penable' is connected directly to output port 'm_penable[2]'. (LINT-29)
Warning: In design 'apb_demux_top', input port 'penable' is connected directly to output port 'm_penable[1]'. (LINT-29)
Warning: In design 'apb_demux_top', input port 'penable' is connected directly to output port 'm_penable[0]'. (LINT-29)
Warning: In design 'apb_demux_top', input port 'pwrite' is connected directly to output port 'm_pwrite[3]'. (LINT-29)
Warning: In design 'apb_demux_top', input port 'pwrite' is connected directly to output port 'm_pwrite[2]'. (LINT-29)
Warning: In design 'apb_demux_top', input port 'pwrite' is connected directly to output port 'm_pwrite[1]'. (LINT-29)
Warning: In design 'apb_demux_top', input port 'pwrite' is connected directly to output port 'm_pwrite[0]'. (LINT-29)
Warning: In design 'apb_demux_top', input port 'pwdata[31]' is connected directly to output port 'm_pwdata[3][31]'. (LINT-29)
Warning: In design 'apb_demux_top', input port 'pwdata[31]' is connected directly to output port 'm_pwdata[2][31]'. (LINT-29)
Warning: In design 'apb_demux_top', input port 'pwdata[31]' is connected directly to output port 'm_pwdata[1][31]'. (LINT-29)
Warning: In design 'apb_demux_top', input port 'pwdata[31]' is connected directly to output port 'm_pwdata[0][31]'. (LINT-29)
Warning: In design 'apb_demux_top', input port 'pwdata[30]' is connected directly to output port 'm_pwdata[3][30]'. (LINT-29)
Warning: In design 'apb_demux_top', input port 'pwdata[30]' is connected directly to output port 'm_pwdata[2][30]'. (LINT-29)
Warning: In design 'apb_demux_top', input port 'pwdata[30]' is connected directly to output port 'm_pwdata[1][30]'. (LINT-29)
Warning: In design 'apb_demux_top', input port 'pwdata[30]' is connected directly to output port 'm_pwdata[0][30]'. (LINT-29)
Warning: In design 'apb_demux_top', input port 'pwdata[29]' is connected directly to output port 'm_pwdata[3][29]'. (LINT-29)
Warning: In design 'apb_demux_top', input port 'pwdata[29]' is connected directly to output port 'm_pwdata[2][29]'. (LINT-29)
Warning: In design 'apb_demux_top', input port 'pwdata[29]' is connected directly to output port 'm_pwdata[1][29]'. (LINT-29)
Warning: In design 'apb_demux_top', input port 'pwdata[29]' is connected directly to output port 'm_pwdata[0][29]'. (LINT-29)
Warning: In design 'apb_demux_top', input port 'pwdata[28]' is connected directly to output port 'm_pwdata[3][28]'. (LINT-29)
Warning: In design 'apb_demux_top', input port 'pwdata[28]' is connected directly to output port 'm_pwdata[2][28]'. (LINT-29)
Warning: In design 'apb_demux_top', input port 'pwdata[28]' is connected directly to output port 'm_pwdata[1][28]'. (LINT-29)
Warning: In design 'apb_demux_top', input port 'pwdata[28]' is connected directly to output port 'm_pwdata[0][28]'. (LINT-29)
Warning: In design 'apb_demux_top', input port 'pwdata[27]' is connected directly to output port 'm_pwdata[3][27]'. (LINT-29)
Warning: In design 'apb_demux_top', input port 'pwdata[27]' is connected directly to output port 'm_pwdata[2][27]'. (LINT-29)
Warning: In design 'apb_demux_top', input port 'pwdata[27]' is connected directly to output port 'm_pwdata[1][27]'. (LINT-29)
Warning: In design 'apb_demux_top', input port 'pwdata[27]' is connected directly to output port 'm_pwdata[0][27]'. (LINT-29)
Warning: In design 'apb_demux_top', input port 'pwdata[26]' is connected directly to output port 'm_pwdata[3][26]'. (LINT-29)
Warning: In design 'apb_demux_top', input port 'pwdata[26]' is connected directly to output port 'm_pwdata[2][26]'. (LINT-29)
Warning: In design 'apb_demux_top', input port 'pwdata[26]' is connected directly to output port 'm_pwdata[1][26]'. (LINT-29)
Warning: In design 'apb_demux_top', input port 'pwdata[26]' is connected directly to output port 'm_pwdata[0][26]'. (LINT-29)
Warning: In design 'apb_demux_top', input port 'pwdata[25]' is connected directly to output port 'm_pwdata[3][25]'. (LINT-29)
Warning: In design 'apb_demux_top', input port 'pwdata[25]' is connected directly to output port 'm_pwdata[2][25]'. (LINT-29)
Warning: In design 'apb_demux_top', input port 'pwdata[25]' is connected directly to output port 'm_pwdata[1][25]'. (LINT-29)
Warning: In design 'apb_demux_top', input port 'pwdata[25]' is connected directly to output port 'm_pwdata[0][25]'. (LINT-29)
Warning: In design 'apb_demux_top', input port 'pwdata[24]' is connected directly to output port 'm_pwdata[3][24]'. (LINT-29)
Warning: In design 'apb_demux_top', input port 'pwdata[24]' is connected directly to output port 'm_pwdata[2][24]'. (LINT-29)
Warning: In design 'apb_demux_top', input port 'pwdata[24]' is connected directly to output port 'm_pwdata[1][24]'. (LINT-29)
Warning: In design 'apb_demux_top', input port 'pwdata[24]' is connected directly to output port 'm_pwdata[0][24]'. (LINT-29)
Warning: In design 'apb_demux_top', input port 'pwdata[23]' is connected directly to output port 'm_pwdata[3][23]'. (LINT-29)
Warning: In design 'apb_demux_top', input port 'pwdata[23]' is connected directly to output port 'm_pwdata[2][23]'. (LINT-29)
Warning: In design 'apb_demux_top', input port 'pwdata[23]' is connected directly to output port 'm_pwdata[1][23]'. (LINT-29)
Warning: In design 'apb_demux_top', input port 'pwdata[23]' is connected directly to output port 'm_pwdata[0][23]'. (LINT-29)
Warning: In design 'apb_demux_top', input port 'pwdata[22]' is connected directly to output port 'm_pwdata[3][22]'. (LINT-29)
Warning: In design 'apb_demux_top', input port 'pwdata[22]' is connected directly to output port 'm_pwdata[2][22]'. (LINT-29)
Warning: In design 'apb_demux_top', input port 'pwdata[22]' is connected directly to output port 'm_pwdata[1][22]'. (LINT-29)
Warning: In design 'apb_demux_top', input port 'pwdata[22]' is connected directly to output port 'm_pwdata[0][22]'. (LINT-29)
Warning: In design 'apb_demux_top', input port 'pwdata[21]' is connected directly to output port 'm_pwdata[3][21]'. (LINT-29)
Warning: In design 'apb_demux_top', input port 'pwdata[21]' is connected directly to output port 'm_pwdata[2][21]'. (LINT-29)
Warning: In design 'apb_demux_top', input port 'pwdata[21]' is connected directly to output port 'm_pwdata[1][21]'. (LINT-29)
Warning: In design 'apb_demux_top', input port 'pwdata[21]' is connected directly to output port 'm_pwdata[0][21]'. (LINT-29)
Warning: In design 'apb_demux_top', input port 'pwdata[20]' is connected directly to output port 'm_pwdata[3][20]'. (LINT-29)
Warning: In design 'apb_demux_top', input port 'pwdata[20]' is connected directly to output port 'm_pwdata[2][20]'. (LINT-29)
Warning: In design 'apb_demux_top', input port 'pwdata[20]' is connected directly to output port 'm_pwdata[1][20]'. (LINT-29)
Warning: In design 'apb_demux_top', input port 'pwdata[20]' is connected directly to output port 'm_pwdata[0][20]'. (LINT-29)
Warning: In design 'apb_demux_top', input port 'pwdata[19]' is connected directly to output port 'm_pwdata[3][19]'. (LINT-29)
Warning: In design 'apb_demux_top', input port 'pwdata[19]' is connected directly to output port 'm_pwdata[2][19]'. (LINT-29)
Warning: In design 'apb_demux_top', input port 'pwdata[19]' is connected directly to output port 'm_pwdata[1][19]'. (LINT-29)
Warning: In design 'apb_demux_top', input port 'pwdata[19]' is connected directly to output port 'm_pwdata[0][19]'. (LINT-29)
Warning: In design 'apb_demux_top', input port 'pwdata[18]' is connected directly to output port 'm_pwdata[3][18]'. (LINT-29)
Warning: In design 'apb_demux_top', input port 'pwdata[18]' is connected directly to output port 'm_pwdata[2][18]'. (LINT-29)
Warning: In design 'apb_demux_top', input port 'pwdata[18]' is connected directly to output port 'm_pwdata[1][18]'. (LINT-29)
Warning: In design 'apb_demux_top', input port 'pwdata[18]' is connected directly to output port 'm_pwdata[0][18]'. (LINT-29)
Warning: In design 'apb_demux_top', input port 'pwdata[17]' is connected directly to output port 'm_pwdata[3][17]'. (LINT-29)
Warning: In design 'apb_demux_top', input port 'pwdata[17]' is connected directly to output port 'm_pwdata[2][17]'. (LINT-29)
Warning: In design 'apb_demux_top', input port 'pwdata[17]' is connected directly to output port 'm_pwdata[1][17]'. (LINT-29)
Warning: In design 'apb_demux_top', input port 'pwdata[17]' is connected directly to output port 'm_pwdata[0][17]'. (LINT-29)
Warning: In design 'apb_demux_top', input port 'pwdata[16]' is connected directly to output port 'm_pwdata[3][16]'. (LINT-29)
Warning: In design 'apb_demux_top', input port 'pwdata[16]' is connected directly to output port 'm_pwdata[2][16]'. (LINT-29)
Warning: In design 'apb_demux_top', input port 'pwdata[16]' is connected directly to output port 'm_pwdata[1][16]'. (LINT-29)
Warning: In design 'apb_demux_top', input port 'pwdata[16]' is connected directly to output port 'm_pwdata[0][16]'. (LINT-29)
Warning: In design 'apb_demux_top', input port 'pwdata[15]' is connected directly to output port 'm_pwdata[3][15]'. (LINT-29)
Warning: In design 'apb_demux_top', input port 'pwdata[15]' is connected directly to output port 'm_pwdata[2][15]'. (LINT-29)
Warning: In design 'apb_demux_top', input port 'pwdata[15]' is connected directly to output port 'm_pwdata[1][15]'. (LINT-29)
Warning: In design 'apb_demux_top', input port 'pwdata[15]' is connected directly to output port 'm_pwdata[0][15]'. (LINT-29)
Warning: In design 'apb_demux_top', input port 'pwdata[14]' is connected directly to output port 'm_pwdata[3][14]'. (LINT-29)
Warning: In design 'apb_demux_top', input port 'pwdata[14]' is connected directly to output port 'm_pwdata[2][14]'. (LINT-29)
Warning: In design 'apb_demux_top', input port 'pwdata[14]' is connected directly to output port 'm_pwdata[1][14]'. (LINT-29)
Warning: In design 'apb_demux_top', input port 'pwdata[14]' is connected directly to output port 'm_pwdata[0][14]'. (LINT-29)
Warning: In design 'apb_demux_top', input port 'pwdata[13]' is connected directly to output port 'm_pwdata[3][13]'. (LINT-29)
Warning: In design 'apb_demux_top', input port 'pwdata[13]' is connected directly to output port 'm_pwdata[2][13]'. (LINT-29)
Warning: In design 'apb_demux_top', input port 'pwdata[13]' is connected directly to output port 'm_pwdata[1][13]'. (LINT-29)
Warning: In design 'apb_demux_top', input port 'pwdata[13]' is connected directly to output port 'm_pwdata[0][13]'. (LINT-29)
Warning: In design 'apb_demux_top', input port 'pwdata[12]' is connected directly to output port 'm_pwdata[3][12]'. (LINT-29)
Warning: In design 'apb_demux_top', input port 'pwdata[12]' is connected directly to output port 'm_pwdata[2][12]'. (LINT-29)
Warning: In design 'apb_demux_top', input port 'pwdata[12]' is connected directly to output port 'm_pwdata[1][12]'. (LINT-29)
Warning: In design 'apb_demux_top', input port 'pwdata[12]' is connected directly to output port 'm_pwdata[0][12]'. (LINT-29)
Warning: In design 'apb_demux_top', input port 'pwdata[11]' is connected directly to output port 'm_pwdata[3][11]'. (LINT-29)
Warning: In design 'apb_demux_top', input port 'pwdata[11]' is connected directly to output port 'm_pwdata[2][11]'. (LINT-29)
Warning: In design 'apb_demux_top', input port 'pwdata[11]' is connected directly to output port 'm_pwdata[1][11]'. (LINT-29)
Warning: In design 'apb_demux_top', input port 'pwdata[11]' is connected directly to output port 'm_pwdata[0][11]'. (LINT-29)
Warning: In design 'apb_demux_top', input port 'pwdata[10]' is connected directly to output port 'm_pwdata[3][10]'. (LINT-29)
Warning: In design 'apb_demux_top', input port 'pwdata[10]' is connected directly to output port 'm_pwdata[2][10]'. (LINT-29)
Warning: In design 'apb_demux_top', input port 'pwdata[10]' is connected directly to output port 'm_pwdata[1][10]'. (LINT-29)
Warning: In design 'apb_demux_top', input port 'pwdata[10]' is connected directly to output port 'm_pwdata[0][10]'. (LINT-29)
Warning: In design 'apb_demux_top', input port 'pwdata[9]' is connected directly to output port 'm_pwdata[3][9]'. (LINT-29)
Warning: In design 'apb_demux_top', input port 'pwdata[9]' is connected directly to output port 'm_pwdata[2][9]'. (LINT-29)
Warning: In design 'apb_demux_top', input port 'pwdata[9]' is connected directly to output port 'm_pwdata[1][9]'. (LINT-29)
Warning: In design 'apb_demux_top', input port 'pwdata[9]' is connected directly to output port 'm_pwdata[0][9]'. (LINT-29)
Warning: In design 'apb_demux_top', input port 'pwdata[8]' is connected directly to output port 'm_pwdata[3][8]'. (LINT-29)
Warning: In design 'apb_demux_top', input port 'pwdata[8]' is connected directly to output port 'm_pwdata[2][8]'. (LINT-29)
Warning: In design 'apb_demux_top', input port 'pwdata[8]' is connected directly to output port 'm_pwdata[1][8]'. (LINT-29)
Warning: In design 'apb_demux_top', input port 'pwdata[8]' is connected directly to output port 'm_pwdata[0][8]'. (LINT-29)
Warning: In design 'apb_demux_top', input port 'pwdata[7]' is connected directly to output port 'm_pwdata[3][7]'. (LINT-29)
Warning: In design 'apb_demux_top', input port 'pwdata[7]' is connected directly to output port 'm_pwdata[2][7]'. (LINT-29)
Warning: In design 'apb_demux_top', input port 'pwdata[7]' is connected directly to output port 'm_pwdata[1][7]'. (LINT-29)
Warning: In design 'apb_demux_top', input port 'pwdata[7]' is connected directly to output port 'm_pwdata[0][7]'. (LINT-29)
Warning: In design 'apb_demux_top', input port 'pwdata[6]' is connected directly to output port 'm_pwdata[3][6]'. (LINT-29)
Warning: In design 'apb_demux_top', input port 'pwdata[6]' is connected directly to output port 'm_pwdata[2][6]'. (LINT-29)
Warning: In design 'apb_demux_top', input port 'pwdata[6]' is connected directly to output port 'm_pwdata[1][6]'. (LINT-29)
Warning: In design 'apb_demux_top', input port 'pwdata[6]' is connected directly to output port 'm_pwdata[0][6]'. (LINT-29)
Warning: In design 'apb_demux_top', input port 'pwdata[5]' is connected directly to output port 'm_pwdata[3][5]'. (LINT-29)
Warning: In design 'apb_demux_top', input port 'pwdata[5]' is connected directly to output port 'm_pwdata[2][5]'. (LINT-29)
Warning: In design 'apb_demux_top', input port 'pwdata[5]' is connected directly to output port 'm_pwdata[1][5]'. (LINT-29)
Warning: In design 'apb_demux_top', input port 'pwdata[5]' is connected directly to output port 'm_pwdata[0][5]'. (LINT-29)
Warning: In design 'apb_demux_top', input port 'pwdata[4]' is connected directly to output port 'm_pwdata[3][4]'. (LINT-29)
Warning: In design 'apb_demux_top', input port 'pwdata[4]' is connected directly to output port 'm_pwdata[2][4]'. (LINT-29)
Warning: In design 'apb_demux_top', input port 'pwdata[4]' is connected directly to output port 'm_pwdata[1][4]'. (LINT-29)
Warning: In design 'apb_demux_top', input port 'pwdata[4]' is connected directly to output port 'm_pwdata[0][4]'. (LINT-29)
Warning: In design 'apb_demux_top', input port 'pwdata[3]' is connected directly to output port 'm_pwdata[3][3]'. (LINT-29)
Warning: In design 'apb_demux_top', input port 'pwdata[3]' is connected directly to output port 'm_pwdata[2][3]'. (LINT-29)
Warning: In design 'apb_demux_top', input port 'pwdata[3]' is connected directly to output port 'm_pwdata[1][3]'. (LINT-29)
Warning: In design 'apb_demux_top', input port 'pwdata[3]' is connected directly to output port 'm_pwdata[0][3]'. (LINT-29)
Warning: In design 'apb_demux_top', input port 'pwdata[2]' is connected directly to output port 'm_pwdata[3][2]'. (LINT-29)
Warning: In design 'apb_demux_top', input port 'pwdata[2]' is connected directly to output port 'm_pwdata[2][2]'. (LINT-29)
Warning: In design 'apb_demux_top', input port 'pwdata[2]' is connected directly to output port 'm_pwdata[1][2]'. (LINT-29)
Warning: In design 'apb_demux_top', input port 'pwdata[2]' is connected directly to output port 'm_pwdata[0][2]'. (LINT-29)
Warning: In design 'apb_demux_top', input port 'pwdata[1]' is connected directly to output port 'm_pwdata[3][1]'. (LINT-29)
Warning: In design 'apb_demux_top', input port 'pwdata[1]' is connected directly to output port 'm_pwdata[2][1]'. (LINT-29)
Warning: In design 'apb_demux_top', input port 'pwdata[1]' is connected directly to output port 'm_pwdata[1][1]'. (LINT-29)
Warning: In design 'apb_demux_top', input port 'pwdata[1]' is connected directly to output port 'm_pwdata[0][1]'. (LINT-29)
Warning: In design 'apb_demux_top', input port 'pwdata[0]' is connected directly to output port 'm_pwdata[3][0]'. (LINT-29)
Warning: In design 'apb_demux_top', input port 'pwdata[0]' is connected directly to output port 'm_pwdata[2][0]'. (LINT-29)
Warning: In design 'apb_demux_top', input port 'pwdata[0]' is connected directly to output port 'm_pwdata[1][0]'. (LINT-29)
Warning: In design 'apb_demux_top', input port 'pwdata[0]' is connected directly to output port 'm_pwdata[0][0]'. (LINT-29)
Warning: In design 'apb_demux_top', input port 'pstrb[3]' is connected directly to output port 'm_pstrb[3][3]'. (LINT-29)
Warning: In design 'apb_demux_top', input port 'pstrb[3]' is connected directly to output port 'm_pstrb[2][3]'. (LINT-29)
Warning: In design 'apb_demux_top', input port 'pstrb[3]' is connected directly to output port 'm_pstrb[1][3]'. (LINT-29)
Warning: In design 'apb_demux_top', input port 'pstrb[3]' is connected directly to output port 'm_pstrb[0][3]'. (LINT-29)
Warning: In design 'apb_demux_top', input port 'pstrb[2]' is connected directly to output port 'm_pstrb[3][2]'. (LINT-29)
Warning: In design 'apb_demux_top', input port 'pstrb[2]' is connected directly to output port 'm_pstrb[2][2]'. (LINT-29)
Warning: In design 'apb_demux_top', input port 'pstrb[2]' is connected directly to output port 'm_pstrb[1][2]'. (LINT-29)
Warning: In design 'apb_demux_top', input port 'pstrb[2]' is connected directly to output port 'm_pstrb[0][2]'. (LINT-29)
Warning: In design 'apb_demux_top', input port 'pstrb[1]' is connected directly to output port 'm_pstrb[3][1]'. (LINT-29)
Warning: In design 'apb_demux_top', input port 'pstrb[1]' is connected directly to output port 'm_pstrb[2][1]'. (LINT-29)
Warning: In design 'apb_demux_top', input port 'pstrb[1]' is connected directly to output port 'm_pstrb[1][1]'. (LINT-29)
Warning: In design 'apb_demux_top', input port 'pstrb[1]' is connected directly to output port 'm_pstrb[0][1]'. (LINT-29)
Warning: In design 'apb_demux_top', input port 'pstrb[0]' is connected directly to output port 'm_pstrb[3][0]'. (LINT-29)
Warning: In design 'apb_demux_top', input port 'pstrb[0]' is connected directly to output port 'm_pstrb[2][0]'. (LINT-29)
Warning: In design 'apb_demux_top', input port 'pstrb[0]' is connected directly to output port 'm_pstrb[1][0]'. (LINT-29)
Warning: In design 'apb_demux_top', input port 'pstrb[0]' is connected directly to output port 'm_pstrb[0][0]'. (LINT-29)
Warning: In design 'apb_demux_top', input port 'pprot[2]' is connected directly to output port 'm_pprot[3][2]'. (LINT-29)
Warning: In design 'apb_demux_top', input port 'pprot[2]' is connected directly to output port 'm_pprot[2][2]'. (LINT-29)
Warning: In design 'apb_demux_top', input port 'pprot[2]' is connected directly to output port 'm_pprot[1][2]'. (LINT-29)
Warning: In design 'apb_demux_top', input port 'pprot[2]' is connected directly to output port 'm_pprot[0][2]'. (LINT-29)
Warning: In design 'apb_demux_top', input port 'pprot[1]' is connected directly to output port 'm_pprot[3][1]'. (LINT-29)
Warning: In design 'apb_demux_top', input port 'pprot[1]' is connected directly to output port 'm_pprot[2][1]'. (LINT-29)
Warning: In design 'apb_demux_top', input port 'pprot[1]' is connected directly to output port 'm_pprot[1][1]'. (LINT-29)
Warning: In design 'apb_demux_top', input port 'pprot[1]' is connected directly to output port 'm_pprot[0][1]'. (LINT-29)
Warning: In design 'apb_demux_top', input port 'pprot[0]' is connected directly to output port 'm_pprot[3][0]'. (LINT-29)
Warning: In design 'apb_demux_top', input port 'pprot[0]' is connected directly to output port 'm_pprot[2][0]'. (LINT-29)
Warning: In design 'apb_demux_top', input port 'pprot[0]' is connected directly to output port 'm_pprot[1][0]'. (LINT-29)
Warning: In design 'apb_demux_top', input port 'pprot[0]' is connected directly to output port 'm_pprot[0][0]'. (LINT-29)
Warning: In design 'apb_demux_top', output port 'm_paddr[0][31]' is connected directly to output port 'm_paddr[3][31]'. (LINT-31)
Warning: In design 'apb_demux_top', output port 'm_paddr[0][31]' is connected directly to output port 'm_paddr[2][31]'. (LINT-31)
Warning: In design 'apb_demux_top', output port 'm_paddr[0][31]' is connected directly to output port 'm_paddr[1][31]'. (LINT-31)
Warning: In design 'apb_demux_top', output port 'm_paddr[0][30]' is connected directly to output port 'm_paddr[3][30]'. (LINT-31)
Warning: In design 'apb_demux_top', output port 'm_paddr[0][30]' is connected directly to output port 'm_paddr[2][30]'. (LINT-31)
Warning: In design 'apb_demux_top', output port 'm_paddr[0][30]' is connected directly to output port 'm_paddr[1][30]'. (LINT-31)
Warning: In design 'apb_demux_top', output port 'm_paddr[0][29]' is connected directly to output port 'm_paddr[3][29]'. (LINT-31)
Warning: In design 'apb_demux_top', output port 'm_paddr[0][29]' is connected directly to output port 'm_paddr[2][29]'. (LINT-31)
Warning: In design 'apb_demux_top', output port 'm_paddr[0][29]' is connected directly to output port 'm_paddr[1][29]'. (LINT-31)
Warning: In design 'apb_demux_top', output port 'm_paddr[0][28]' is connected directly to output port 'm_paddr[3][28]'. (LINT-31)
Warning: In design 'apb_demux_top', output port 'm_paddr[0][28]' is connected directly to output port 'm_paddr[2][28]'. (LINT-31)
Warning: In design 'apb_demux_top', output port 'm_paddr[0][28]' is connected directly to output port 'm_paddr[1][28]'. (LINT-31)
Warning: In design 'apb_demux_top', output port 'm_paddr[0][27]' is connected directly to output port 'm_paddr[3][27]'. (LINT-31)
Warning: In design 'apb_demux_top', output port 'm_paddr[0][27]' is connected directly to output port 'm_paddr[2][27]'. (LINT-31)
Warning: In design 'apb_demux_top', output port 'm_paddr[0][27]' is connected directly to output port 'm_paddr[1][27]'. (LINT-31)
Warning: In design 'apb_demux_top', output port 'm_paddr[0][26]' is connected directly to output port 'm_paddr[3][26]'. (LINT-31)
Warning: In design 'apb_demux_top', output port 'm_paddr[0][26]' is connected directly to output port 'm_paddr[2][26]'. (LINT-31)
Warning: In design 'apb_demux_top', output port 'm_paddr[0][26]' is connected directly to output port 'm_paddr[1][26]'. (LINT-31)
Warning: In design 'apb_demux_top', output port 'm_paddr[0][25]' is connected directly to output port 'm_paddr[3][25]'. (LINT-31)
Warning: In design 'apb_demux_top', output port 'm_paddr[0][25]' is connected directly to output port 'm_paddr[2][25]'. (LINT-31)
Warning: In design 'apb_demux_top', output port 'm_paddr[0][25]' is connected directly to output port 'm_paddr[1][25]'. (LINT-31)
Warning: In design 'apb_demux_top', output port 'm_paddr[0][24]' is connected directly to output port 'm_paddr[3][24]'. (LINT-31)
Warning: In design 'apb_demux_top', output port 'm_paddr[0][24]' is connected directly to output port 'm_paddr[2][24]'. (LINT-31)
Warning: In design 'apb_demux_top', output port 'm_paddr[0][24]' is connected directly to output port 'm_paddr[1][24]'. (LINT-31)
Warning: In design 'apb_demux_top', output port 'm_paddr[0][23]' is connected directly to output port 'm_paddr[3][23]'. (LINT-31)
Warning: In design 'apb_demux_top', output port 'm_paddr[0][23]' is connected directly to output port 'm_paddr[2][23]'. (LINT-31)
Warning: In design 'apb_demux_top', output port 'm_paddr[0][23]' is connected directly to output port 'm_paddr[1][23]'. (LINT-31)
Warning: In design 'apb_demux_top', output port 'm_paddr[0][22]' is connected directly to output port 'm_paddr[3][22]'. (LINT-31)
Warning: In design 'apb_demux_top', output port 'm_paddr[0][22]' is connected directly to output port 'm_paddr[2][22]'. (LINT-31)
Warning: In design 'apb_demux_top', output port 'm_paddr[0][22]' is connected directly to output port 'm_paddr[1][22]'. (LINT-31)
Warning: In design 'apb_demux_top', output port 'm_paddr[0][21]' is connected directly to output port 'm_paddr[3][21]'. (LINT-31)
Warning: In design 'apb_demux_top', output port 'm_paddr[0][21]' is connected directly to output port 'm_paddr[2][21]'. (LINT-31)
Warning: In design 'apb_demux_top', output port 'm_paddr[0][21]' is connected directly to output port 'm_paddr[1][21]'. (LINT-31)
Warning: In design 'apb_demux_top', output port 'm_paddr[0][20]' is connected directly to output port 'm_paddr[3][20]'. (LINT-31)
Warning: In design 'apb_demux_top', output port 'm_paddr[0][20]' is connected directly to output port 'm_paddr[2][20]'. (LINT-31)
Warning: In design 'apb_demux_top', output port 'm_paddr[0][20]' is connected directly to output port 'm_paddr[1][20]'. (LINT-31)
Warning: In design 'apb_demux_top', output port 'm_paddr[0][19]' is connected directly to output port 'm_paddr[3][19]'. (LINT-31)
Warning: In design 'apb_demux_top', output port 'm_paddr[0][19]' is connected directly to output port 'm_paddr[2][19]'. (LINT-31)
Warning: In design 'apb_demux_top', output port 'm_paddr[0][19]' is connected directly to output port 'm_paddr[1][19]'. (LINT-31)
Warning: In design 'apb_demux_top', output port 'm_paddr[0][18]' is connected directly to output port 'm_paddr[3][18]'. (LINT-31)
Warning: In design 'apb_demux_top', output port 'm_paddr[0][18]' is connected directly to output port 'm_paddr[2][18]'. (LINT-31)
Warning: In design 'apb_demux_top', output port 'm_paddr[0][18]' is connected directly to output port 'm_paddr[1][18]'. (LINT-31)
Warning: In design 'apb_demux_top', output port 'm_paddr[0][17]' is connected directly to output port 'm_paddr[3][17]'. (LINT-31)
Warning: In design 'apb_demux_top', output port 'm_paddr[0][17]' is connected directly to output port 'm_paddr[2][17]'. (LINT-31)
Warning: In design 'apb_demux_top', output port 'm_paddr[0][17]' is connected directly to output port 'm_paddr[1][17]'. (LINT-31)
Warning: In design 'apb_demux_top', output port 'm_paddr[0][16]' is connected directly to output port 'm_paddr[3][16]'. (LINT-31)
Warning: In design 'apb_demux_top', output port 'm_paddr[0][16]' is connected directly to output port 'm_paddr[2][16]'. (LINT-31)
Warning: In design 'apb_demux_top', output port 'm_paddr[0][16]' is connected directly to output port 'm_paddr[1][16]'. (LINT-31)
Warning: In design 'apb_demux_top', output port 'm_paddr[0][15]' is connected directly to output port 'm_paddr[3][15]'. (LINT-31)
Warning: In design 'apb_demux_top', output port 'm_paddr[0][15]' is connected directly to output port 'm_paddr[2][15]'. (LINT-31)
Warning: In design 'apb_demux_top', output port 'm_paddr[0][15]' is connected directly to output port 'm_paddr[1][15]'. (LINT-31)
Warning: In design 'apb_demux_top', output port 'm_paddr[0][14]' is connected directly to output port 'm_paddr[3][14]'. (LINT-31)
Warning: In design 'apb_demux_top', output port 'm_paddr[0][14]' is connected directly to output port 'm_paddr[2][14]'. (LINT-31)
Warning: In design 'apb_demux_top', output port 'm_paddr[0][14]' is connected directly to output port 'm_paddr[1][14]'. (LINT-31)
Warning: In design 'apb_demux_top', output port 'm_paddr[0][13]' is connected directly to output port 'm_paddr[3][13]'. (LINT-31)
Warning: In design 'apb_demux_top', output port 'm_paddr[0][13]' is connected directly to output port 'm_paddr[2][13]'. (LINT-31)
Warning: In design 'apb_demux_top', output port 'm_paddr[0][13]' is connected directly to output port 'm_paddr[1][13]'. (LINT-31)
Warning: In design 'apb_demux_top', output port 'm_paddr[0][12]' is connected directly to output port 'm_paddr[3][12]'. (LINT-31)
Warning: In design 'apb_demux_top', output port 'm_paddr[0][12]' is connected directly to output port 'm_paddr[2][12]'. (LINT-31)
Warning: In design 'apb_demux_top', output port 'm_paddr[0][12]' is connected directly to output port 'm_paddr[1][12]'. (LINT-31)
Warning: In design 'apb_demux_top', output port 'm_paddr[0][11]' is connected directly to output port 'm_paddr[3][11]'. (LINT-31)
Warning: In design 'apb_demux_top', output port 'm_paddr[0][11]' is connected directly to output port 'm_paddr[2][11]'. (LINT-31)
Warning: In design 'apb_demux_top', output port 'm_paddr[0][11]' is connected directly to output port 'm_paddr[1][11]'. (LINT-31)
Warning: In design 'apb_demux_top', output port 'm_paddr[0][10]' is connected directly to output port 'm_paddr[3][10]'. (LINT-31)
Warning: In design 'apb_demux_top', output port 'm_paddr[0][10]' is connected directly to output port 'm_paddr[2][10]'. (LINT-31)
Warning: In design 'apb_demux_top', output port 'm_paddr[0][10]' is connected directly to output port 'm_paddr[1][10]'. (LINT-31)
Warning: In design 'apb_demux_top', output port 'm_paddr[0][9]' is connected directly to output port 'm_paddr[3][9]'. (LINT-31)
Warning: In design 'apb_demux_top', output port 'm_paddr[0][9]' is connected directly to output port 'm_paddr[2][9]'. (LINT-31)
Warning: In design 'apb_demux_top', output port 'm_paddr[0][9]' is connected directly to output port 'm_paddr[1][9]'. (LINT-31)
Warning: In design 'apb_demux_top', output port 'm_paddr[0][8]' is connected directly to output port 'm_paddr[3][8]'. (LINT-31)
Warning: In design 'apb_demux_top', output port 'm_paddr[0][8]' is connected directly to output port 'm_paddr[2][8]'. (LINT-31)
Warning: In design 'apb_demux_top', output port 'm_paddr[0][8]' is connected directly to output port 'm_paddr[1][8]'. (LINT-31)
Warning: In design 'apb_demux_top', output port 'm_paddr[0][7]' is connected directly to output port 'm_paddr[3][7]'. (LINT-31)
Warning: In design 'apb_demux_top', output port 'm_paddr[0][7]' is connected directly to output port 'm_paddr[2][7]'. (LINT-31)
Warning: In design 'apb_demux_top', output port 'm_paddr[0][7]' is connected directly to output port 'm_paddr[1][7]'. (LINT-31)
Warning: In design 'apb_demux_top', output port 'm_paddr[0][6]' is connected directly to output port 'm_paddr[3][6]'. (LINT-31)
Warning: In design 'apb_demux_top', output port 'm_paddr[0][6]' is connected directly to output port 'm_paddr[2][6]'. (LINT-31)
Warning: In design 'apb_demux_top', output port 'm_paddr[0][6]' is connected directly to output port 'm_paddr[1][6]'. (LINT-31)
Warning: In design 'apb_demux_top', output port 'm_paddr[0][5]' is connected directly to output port 'm_paddr[3][5]'. (LINT-31)
Warning: In design 'apb_demux_top', output port 'm_paddr[0][5]' is connected directly to output port 'm_paddr[2][5]'. (LINT-31)
Warning: In design 'apb_demux_top', output port 'm_paddr[0][5]' is connected directly to output port 'm_paddr[1][5]'. (LINT-31)
Warning: In design 'apb_demux_top', output port 'm_paddr[0][4]' is connected directly to output port 'm_paddr[3][4]'. (LINT-31)
Warning: In design 'apb_demux_top', output port 'm_paddr[0][4]' is connected directly to output port 'm_paddr[2][4]'. (LINT-31)
Warning: In design 'apb_demux_top', output port 'm_paddr[0][4]' is connected directly to output port 'm_paddr[1][4]'. (LINT-31)
Warning: In design 'apb_demux_top', output port 'm_paddr[0][3]' is connected directly to output port 'm_paddr[3][3]'. (LINT-31)
Warning: In design 'apb_demux_top', output port 'm_paddr[0][3]' is connected directly to output port 'm_paddr[2][3]'. (LINT-31)
Warning: In design 'apb_demux_top', output port 'm_paddr[0][3]' is connected directly to output port 'm_paddr[1][3]'. (LINT-31)
Warning: In design 'apb_demux_top', output port 'm_paddr[0][2]' is connected directly to output port 'm_paddr[3][2]'. (LINT-31)
Warning: In design 'apb_demux_top', output port 'm_paddr[0][2]' is connected directly to output port 'm_paddr[2][2]'. (LINT-31)
Warning: In design 'apb_demux_top', output port 'm_paddr[0][2]' is connected directly to output port 'm_paddr[1][2]'. (LINT-31)
Warning: In design 'apb_demux_top', output port 'm_paddr[0][1]' is connected directly to output port 'm_paddr[3][1]'. (LINT-31)
Warning: In design 'apb_demux_top', output port 'm_paddr[0][1]' is connected directly to output port 'm_paddr[2][1]'. (LINT-31)
Warning: In design 'apb_demux_top', output port 'm_paddr[0][1]' is connected directly to output port 'm_paddr[1][1]'. (LINT-31)
Warning: In design 'apb_demux_top', output port 'm_paddr[0][0]' is connected directly to output port 'm_paddr[3][0]'. (LINT-31)
Warning: In design 'apb_demux_top', output port 'm_paddr[0][0]' is connected directly to output port 'm_paddr[2][0]'. (LINT-31)
Warning: In design 'apb_demux_top', output port 'm_paddr[0][0]' is connected directly to output port 'm_paddr[1][0]'. (LINT-31)
Warning: In design 'apb_demux_top', output port 'm_penable[0]' is connected directly to output port 'm_penable[3]'. (LINT-31)
Warning: In design 'apb_demux_top', output port 'm_penable[0]' is connected directly to output port 'm_penable[2]'. (LINT-31)
Warning: In design 'apb_demux_top', output port 'm_penable[0]' is connected directly to output port 'm_penable[1]'. (LINT-31)
Warning: In design 'apb_demux_top', output port 'm_pwrite[0]' is connected directly to output port 'm_pwrite[3]'. (LINT-31)
Warning: In design 'apb_demux_top', output port 'm_pwrite[0]' is connected directly to output port 'm_pwrite[2]'. (LINT-31)
Warning: In design 'apb_demux_top', output port 'm_pwrite[0]' is connected directly to output port 'm_pwrite[1]'. (LINT-31)
Warning: In design 'apb_demux_top', output port 'm_pwdata[0][31]' is connected directly to output port 'm_pwdata[3][31]'. (LINT-31)
Warning: In design 'apb_demux_top', output port 'm_pwdata[0][31]' is connected directly to output port 'm_pwdata[2][31]'. (LINT-31)
Warning: In design 'apb_demux_top', output port 'm_pwdata[0][31]' is connected directly to output port 'm_pwdata[1][31]'. (LINT-31)
Warning: In design 'apb_demux_top', output port 'm_pwdata[0][30]' is connected directly to output port 'm_pwdata[3][30]'. (LINT-31)
Warning: In design 'apb_demux_top', output port 'm_pwdata[0][30]' is connected directly to output port 'm_pwdata[2][30]'. (LINT-31)
Warning: In design 'apb_demux_top', output port 'm_pwdata[0][30]' is connected directly to output port 'm_pwdata[1][30]'. (LINT-31)
Warning: In design 'apb_demux_top', output port 'm_pwdata[0][29]' is connected directly to output port 'm_pwdata[3][29]'. (LINT-31)
Warning: In design 'apb_demux_top', output port 'm_pwdata[0][29]' is connected directly to output port 'm_pwdata[2][29]'. (LINT-31)
Warning: In design 'apb_demux_top', output port 'm_pwdata[0][29]' is connected directly to output port 'm_pwdata[1][29]'. (LINT-31)
Warning: In design 'apb_demux_top', output port 'm_pwdata[0][28]' is connected directly to output port 'm_pwdata[3][28]'. (LINT-31)
Warning: In design 'apb_demux_top', output port 'm_pwdata[0][28]' is connected directly to output port 'm_pwdata[2][28]'. (LINT-31)
Warning: In design 'apb_demux_top', output port 'm_pwdata[0][28]' is connected directly to output port 'm_pwdata[1][28]'. (LINT-31)
Warning: In design 'apb_demux_top', output port 'm_pwdata[0][27]' is connected directly to output port 'm_pwdata[3][27]'. (LINT-31)
Warning: In design 'apb_demux_top', output port 'm_pwdata[0][27]' is connected directly to output port 'm_pwdata[2][27]'. (LINT-31)
Warning: In design 'apb_demux_top', output port 'm_pwdata[0][27]' is connected directly to output port 'm_pwdata[1][27]'. (LINT-31)
Warning: In design 'apb_demux_top', output port 'm_pwdata[0][26]' is connected directly to output port 'm_pwdata[3][26]'. (LINT-31)
Warning: In design 'apb_demux_top', output port 'm_pwdata[0][26]' is connected directly to output port 'm_pwdata[2][26]'. (LINT-31)
Warning: In design 'apb_demux_top', output port 'm_pwdata[0][26]' is connected directly to output port 'm_pwdata[1][26]'. (LINT-31)
Warning: In design 'apb_demux_top', output port 'm_pwdata[0][25]' is connected directly to output port 'm_pwdata[3][25]'. (LINT-31)
Warning: In design 'apb_demux_top', output port 'm_pwdata[0][25]' is connected directly to output port 'm_pwdata[2][25]'. (LINT-31)
Warning: In design 'apb_demux_top', output port 'm_pwdata[0][25]' is connected directly to output port 'm_pwdata[1][25]'. (LINT-31)
Warning: In design 'apb_demux_top', output port 'm_pwdata[0][24]' is connected directly to output port 'm_pwdata[3][24]'. (LINT-31)
Warning: In design 'apb_demux_top', output port 'm_pwdata[0][24]' is connected directly to output port 'm_pwdata[2][24]'. (LINT-31)
Warning: In design 'apb_demux_top', output port 'm_pwdata[0][24]' is connected directly to output port 'm_pwdata[1][24]'. (LINT-31)
Warning: In design 'apb_demux_top', output port 'm_pwdata[0][23]' is connected directly to output port 'm_pwdata[3][23]'. (LINT-31)
Warning: In design 'apb_demux_top', output port 'm_pwdata[0][23]' is connected directly to output port 'm_pwdata[2][23]'. (LINT-31)
Warning: In design 'apb_demux_top', output port 'm_pwdata[0][23]' is connected directly to output port 'm_pwdata[1][23]'. (LINT-31)
Warning: In design 'apb_demux_top', output port 'm_pwdata[0][22]' is connected directly to output port 'm_pwdata[3][22]'. (LINT-31)
Warning: In design 'apb_demux_top', output port 'm_pwdata[0][22]' is connected directly to output port 'm_pwdata[2][22]'. (LINT-31)
Warning: In design 'apb_demux_top', output port 'm_pwdata[0][22]' is connected directly to output port 'm_pwdata[1][22]'. (LINT-31)
Warning: In design 'apb_demux_top', output port 'm_pwdata[0][21]' is connected directly to output port 'm_pwdata[3][21]'. (LINT-31)
Warning: In design 'apb_demux_top', output port 'm_pwdata[0][21]' is connected directly to output port 'm_pwdata[2][21]'. (LINT-31)
Warning: In design 'apb_demux_top', output port 'm_pwdata[0][21]' is connected directly to output port 'm_pwdata[1][21]'. (LINT-31)
Warning: In design 'apb_demux_top', output port 'm_pwdata[0][20]' is connected directly to output port 'm_pwdata[3][20]'. (LINT-31)
Warning: In design 'apb_demux_top', output port 'm_pwdata[0][20]' is connected directly to output port 'm_pwdata[2][20]'. (LINT-31)
Warning: In design 'apb_demux_top', output port 'm_pwdata[0][20]' is connected directly to output port 'm_pwdata[1][20]'. (LINT-31)
Warning: In design 'apb_demux_top', output port 'm_pwdata[0][19]' is connected directly to output port 'm_pwdata[3][19]'. (LINT-31)
Warning: In design 'apb_demux_top', output port 'm_pwdata[0][19]' is connected directly to output port 'm_pwdata[2][19]'. (LINT-31)
Warning: In design 'apb_demux_top', output port 'm_pwdata[0][19]' is connected directly to output port 'm_pwdata[1][19]'. (LINT-31)
Warning: In design 'apb_demux_top', output port 'm_pwdata[0][18]' is connected directly to output port 'm_pwdata[3][18]'. (LINT-31)
Warning: In design 'apb_demux_top', output port 'm_pwdata[0][18]' is connected directly to output port 'm_pwdata[2][18]'. (LINT-31)
Warning: In design 'apb_demux_top', output port 'm_pwdata[0][18]' is connected directly to output port 'm_pwdata[1][18]'. (LINT-31)
Warning: In design 'apb_demux_top', output port 'm_pwdata[0][17]' is connected directly to output port 'm_pwdata[3][17]'. (LINT-31)
Warning: In design 'apb_demux_top', output port 'm_pwdata[0][17]' is connected directly to output port 'm_pwdata[2][17]'. (LINT-31)
Warning: In design 'apb_demux_top', output port 'm_pwdata[0][17]' is connected directly to output port 'm_pwdata[1][17]'. (LINT-31)
Warning: In design 'apb_demux_top', output port 'm_pwdata[0][16]' is connected directly to output port 'm_pwdata[3][16]'. (LINT-31)
Warning: In design 'apb_demux_top', output port 'm_pwdata[0][16]' is connected directly to output port 'm_pwdata[2][16]'. (LINT-31)
Warning: In design 'apb_demux_top', output port 'm_pwdata[0][16]' is connected directly to output port 'm_pwdata[1][16]'. (LINT-31)
Warning: In design 'apb_demux_top', output port 'm_pwdata[0][15]' is connected directly to output port 'm_pwdata[3][15]'. (LINT-31)
Warning: In design 'apb_demux_top', output port 'm_pwdata[0][15]' is connected directly to output port 'm_pwdata[2][15]'. (LINT-31)
Warning: In design 'apb_demux_top', output port 'm_pwdata[0][15]' is connected directly to output port 'm_pwdata[1][15]'. (LINT-31)
Warning: In design 'apb_demux_top', output port 'm_pwdata[0][14]' is connected directly to output port 'm_pwdata[3][14]'. (LINT-31)
Warning: In design 'apb_demux_top', output port 'm_pwdata[0][14]' is connected directly to output port 'm_pwdata[2][14]'. (LINT-31)
Warning: In design 'apb_demux_top', output port 'm_pwdata[0][14]' is connected directly to output port 'm_pwdata[1][14]'. (LINT-31)
Warning: In design 'apb_demux_top', output port 'm_pwdata[0][13]' is connected directly to output port 'm_pwdata[3][13]'. (LINT-31)
Warning: In design 'apb_demux_top', output port 'm_pwdata[0][13]' is connected directly to output port 'm_pwdata[2][13]'. (LINT-31)
Warning: In design 'apb_demux_top', output port 'm_pwdata[0][13]' is connected directly to output port 'm_pwdata[1][13]'. (LINT-31)
Warning: In design 'apb_demux_top', output port 'm_pwdata[0][12]' is connected directly to output port 'm_pwdata[3][12]'. (LINT-31)
Warning: In design 'apb_demux_top', output port 'm_pwdata[0][12]' is connected directly to output port 'm_pwdata[2][12]'. (LINT-31)
Warning: In design 'apb_demux_top', output port 'm_pwdata[0][12]' is connected directly to output port 'm_pwdata[1][12]'. (LINT-31)
Warning: In design 'apb_demux_top', output port 'm_pwdata[0][11]' is connected directly to output port 'm_pwdata[3][11]'. (LINT-31)
Warning: In design 'apb_demux_top', output port 'm_pwdata[0][11]' is connected directly to output port 'm_pwdata[2][11]'. (LINT-31)
Warning: In design 'apb_demux_top', output port 'm_pwdata[0][11]' is connected directly to output port 'm_pwdata[1][11]'. (LINT-31)
Warning: In design 'apb_demux_top', output port 'm_pwdata[0][10]' is connected directly to output port 'm_pwdata[3][10]'. (LINT-31)
Warning: In design 'apb_demux_top', output port 'm_pwdata[0][10]' is connected directly to output port 'm_pwdata[2][10]'. (LINT-31)
Warning: In design 'apb_demux_top', output port 'm_pwdata[0][10]' is connected directly to output port 'm_pwdata[1][10]'. (LINT-31)
Warning: In design 'apb_demux_top', output port 'm_pwdata[0][9]' is connected directly to output port 'm_pwdata[3][9]'. (LINT-31)
Warning: In design 'apb_demux_top', output port 'm_pwdata[0][9]' is connected directly to output port 'm_pwdata[2][9]'. (LINT-31)
Warning: In design 'apb_demux_top', output port 'm_pwdata[0][9]' is connected directly to output port 'm_pwdata[1][9]'. (LINT-31)
Warning: In design 'apb_demux_top', output port 'm_pwdata[0][8]' is connected directly to output port 'm_pwdata[3][8]'. (LINT-31)
Warning: In design 'apb_demux_top', output port 'm_pwdata[0][8]' is connected directly to output port 'm_pwdata[2][8]'. (LINT-31)
Warning: In design 'apb_demux_top', output port 'm_pwdata[0][8]' is connected directly to output port 'm_pwdata[1][8]'. (LINT-31)
Warning: In design 'apb_demux_top', output port 'm_pwdata[0][7]' is connected directly to output port 'm_pwdata[3][7]'. (LINT-31)
Warning: In design 'apb_demux_top', output port 'm_pwdata[0][7]' is connected directly to output port 'm_pwdata[2][7]'. (LINT-31)
Warning: In design 'apb_demux_top', output port 'm_pwdata[0][7]' is connected directly to output port 'm_pwdata[1][7]'. (LINT-31)
Warning: In design 'apb_demux_top', output port 'm_pwdata[0][6]' is connected directly to output port 'm_pwdata[3][6]'. (LINT-31)
Warning: In design 'apb_demux_top', output port 'm_pwdata[0][6]' is connected directly to output port 'm_pwdata[2][6]'. (LINT-31)
Warning: In design 'apb_demux_top', output port 'm_pwdata[0][6]' is connected directly to output port 'm_pwdata[1][6]'. (LINT-31)
Warning: In design 'apb_demux_top', output port 'm_pwdata[0][5]' is connected directly to output port 'm_pwdata[3][5]'. (LINT-31)
Warning: In design 'apb_demux_top', output port 'm_pwdata[0][5]' is connected directly to output port 'm_pwdata[2][5]'. (LINT-31)
Warning: In design 'apb_demux_top', output port 'm_pwdata[0][5]' is connected directly to output port 'm_pwdata[1][5]'. (LINT-31)
Warning: In design 'apb_demux_top', output port 'm_pwdata[0][4]' is connected directly to output port 'm_pwdata[3][4]'. (LINT-31)
Warning: In design 'apb_demux_top', output port 'm_pwdata[0][4]' is connected directly to output port 'm_pwdata[2][4]'. (LINT-31)
Warning: In design 'apb_demux_top', output port 'm_pwdata[0][4]' is connected directly to output port 'm_pwdata[1][4]'. (LINT-31)
Warning: In design 'apb_demux_top', output port 'm_pwdata[0][3]' is connected directly to output port 'm_pwdata[3][3]'. (LINT-31)
Warning: In design 'apb_demux_top', output port 'm_pwdata[0][3]' is connected directly to output port 'm_pwdata[2][3]'. (LINT-31)
Warning: In design 'apb_demux_top', output port 'm_pwdata[0][3]' is connected directly to output port 'm_pwdata[1][3]'. (LINT-31)
Warning: In design 'apb_demux_top', output port 'm_pwdata[0][2]' is connected directly to output port 'm_pwdata[3][2]'. (LINT-31)
Warning: In design 'apb_demux_top', output port 'm_pwdata[0][2]' is connected directly to output port 'm_pwdata[2][2]'. (LINT-31)
Warning: In design 'apb_demux_top', output port 'm_pwdata[0][2]' is connected directly to output port 'm_pwdata[1][2]'. (LINT-31)
Warning: In design 'apb_demux_top', output port 'm_pwdata[0][1]' is connected directly to output port 'm_pwdata[3][1]'. (LINT-31)
Warning: In design 'apb_demux_top', output port 'm_pwdata[0][1]' is connected directly to output port 'm_pwdata[2][1]'. (LINT-31)
Warning: In design 'apb_demux_top', output port 'm_pwdata[0][1]' is connected directly to output port 'm_pwdata[1][1]'. (LINT-31)
Warning: In design 'apb_demux_top', output port 'm_pwdata[0][0]' is connected directly to output port 'm_pwdata[3][0]'. (LINT-31)
Warning: In design 'apb_demux_top', output port 'm_pwdata[0][0]' is connected directly to output port 'm_pwdata[2][0]'. (LINT-31)
Warning: In design 'apb_demux_top', output port 'm_pwdata[0][0]' is connected directly to output port 'm_pwdata[1][0]'. (LINT-31)
Warning: In design 'apb_demux_top', output port 'm_pstrb[0][3]' is connected directly to output port 'm_pstrb[3][3]'. (LINT-31)
Warning: In design 'apb_demux_top', output port 'm_pstrb[0][3]' is connected directly to output port 'm_pstrb[2][3]'. (LINT-31)
Warning: In design 'apb_demux_top', output port 'm_pstrb[0][3]' is connected directly to output port 'm_pstrb[1][3]'. (LINT-31)
Warning: In design 'apb_demux_top', output port 'm_pstrb[0][2]' is connected directly to output port 'm_pstrb[3][2]'. (LINT-31)
Warning: In design 'apb_demux_top', output port 'm_pstrb[0][2]' is connected directly to output port 'm_pstrb[2][2]'. (LINT-31)
Warning: In design 'apb_demux_top', output port 'm_pstrb[0][2]' is connected directly to output port 'm_pstrb[1][2]'. (LINT-31)
Warning: In design 'apb_demux_top', output port 'm_pstrb[0][1]' is connected directly to output port 'm_pstrb[3][1]'. (LINT-31)
Warning: In design 'apb_demux_top', output port 'm_pstrb[0][1]' is connected directly to output port 'm_pstrb[2][1]'. (LINT-31)
Warning: In design 'apb_demux_top', output port 'm_pstrb[0][1]' is connected directly to output port 'm_pstrb[1][1]'. (LINT-31)
Warning: In design 'apb_demux_top', output port 'm_pstrb[0][0]' is connected directly to output port 'm_pstrb[3][0]'. (LINT-31)
Warning: In design 'apb_demux_top', output port 'm_pstrb[0][0]' is connected directly to output port 'm_pstrb[2][0]'. (LINT-31)
Warning: In design 'apb_demux_top', output port 'm_pstrb[0][0]' is connected directly to output port 'm_pstrb[1][0]'. (LINT-31)
Warning: In design 'apb_demux_top', output port 'm_pprot[0][2]' is connected directly to output port 'm_pprot[3][2]'. (LINT-31)
Warning: In design 'apb_demux_top', output port 'm_pprot[0][2]' is connected directly to output port 'm_pprot[2][2]'. (LINT-31)
Warning: In design 'apb_demux_top', output port 'm_pprot[0][2]' is connected directly to output port 'm_pprot[1][2]'. (LINT-31)
Warning: In design 'apb_demux_top', output port 'm_pprot[0][1]' is connected directly to output port 'm_pprot[3][1]'. (LINT-31)
Warning: In design 'apb_demux_top', output port 'm_pprot[0][1]' is connected directly to output port 'm_pprot[2][1]'. (LINT-31)
Warning: In design 'apb_demux_top', output port 'm_pprot[0][1]' is connected directly to output port 'm_pprot[1][1]'. (LINT-31)
Warning: In design 'apb_demux_top', output port 'm_pprot[0][0]' is connected directly to output port 'm_pprot[3][0]'. (LINT-31)
Warning: In design 'apb_demux_top', output port 'm_pprot[0][0]' is connected directly to output port 'm_pprot[2][0]'. (LINT-31)
Warning: In design 'apb_demux_top', output port 'm_pprot[0][0]' is connected directly to output port 'm_pprot[1][0]'. (LINT-31)
1
