Information: Updating design information... (UID-85)
 
****************************************
Report : timing
        -path full
        -delay max
        -nworst 5
        -max_paths 5
Design : apb_demux_top
Version: V-2023.12-SP3
Date   : Wed Sep  9 01:46:35 2026
****************************************

Operating Conditions: tt_nominal_max_1p00v_25c   Library: sc9_cmos28lp_base_hvt_tt_nominal_max_1p00v_25c
Wire Load Model Mode: top

  Startpoint: psel (input port)
  Endpoint: prdata[31] (output port)
  Path Group: (none)
  Path Type: max

  Des/Clust/Port     Wire Load Model       Library
  ------------------------------------------------
  apb_demux_top      Small                 sc9_cmos28lp_base_hvt_tt_nominal_max_1p00v_25c

  Point                                    Incr       Path
  -----------------------------------------------------------
  input external delay                     0.00       0.00 r
  psel (in)                                0.08       0.08 r
  U54/Y (AND2_X0P7B_A9TH)                  0.11       0.18 r
  prdata[31] (out)                         0.00       0.18 r
  data arrival time                                   0.18
  -----------------------------------------------------------
  (Path is unconstrained)


  Startpoint: psel (input port)
  Endpoint: prdata[30] (output port)
  Path Group: (none)
  Path Type: max

  Des/Clust/Port     Wire Load Model       Library
  ------------------------------------------------
  apb_demux_top      Small                 sc9_cmos28lp_base_hvt_tt_nominal_max_1p00v_25c

  Point                                    Incr       Path
  -----------------------------------------------------------
  input external delay                     0.00       0.00 r
  psel (in)                                0.08       0.08 r
  U38/Y (AND2_X0P7B_A9TH)                  0.11       0.18 r
  prdata[30] (out)                         0.00       0.18 r
  data arrival time                                   0.18
  -----------------------------------------------------------
  (Path is unconstrained)


  Startpoint: psel (input port)
  Endpoint: prdata[29] (output port)
  Path Group: (none)
  Path Type: max

  Des/Clust/Port     Wire Load Model       Library
  ------------------------------------------------
  apb_demux_top      Small                 sc9_cmos28lp_base_hvt_tt_nominal_max_1p00v_25c

  Point                                    Incr       Path
  -----------------------------------------------------------
  input external delay                     0.00       0.00 r
  psel (in)                                0.08       0.08 r
  U39/Y (AND2_X0P7B_A9TH)                  0.11       0.18 r
  prdata[29] (out)                         0.00       0.18 r
  data arrival time                                   0.18
  -----------------------------------------------------------
  (Path is unconstrained)


  Startpoint: psel (input port)
  Endpoint: prdata[28] (output port)
  Path Group: (none)
  Path Type: max

  Des/Clust/Port     Wire Load Model       Library
  ------------------------------------------------
  apb_demux_top      Small                 sc9_cmos28lp_base_hvt_tt_nominal_max_1p00v_25c

  Point                                    Incr       Path
  -----------------------------------------------------------
  input external delay                     0.00       0.00 r
  psel (in)                                0.08       0.08 r
  U40/Y (AND2_X0P7B_A9TH)                  0.11       0.18 r
  prdata[28] (out)                         0.00       0.18 r
  data arrival time                                   0.18
  -----------------------------------------------------------
  (Path is unconstrained)


  Startpoint: psel (input port)
  Endpoint: prdata[27] (output port)
  Path Group: (none)
  Path Type: max

  Des/Clust/Port     Wire Load Model       Library
  ------------------------------------------------
  apb_demux_top      Small                 sc9_cmos28lp_base_hvt_tt_nominal_max_1p00v_25c

  Point                                    Incr       Path
  -----------------------------------------------------------
  input external delay                     0.00       0.00 r
  psel (in)                                0.08       0.08 r
  U41/Y (AND2_X0P7B_A9TH)                  0.11       0.18 r
  prdata[27] (out)                         0.00       0.18 r
  data arrival time                                   0.18
  -----------------------------------------------------------
  (Path is unconstrained)


1
