################################################################################
#
# This file has been generated by SpyGlass:
#     Report Created by: eda
#     Report Created on: Tue Aug 11 04:54:27 2026
#     Working Directory: /home/eda/workspace/aixsilicon_ip_repo/ip_uart
#     Report Location  : spyglass/uart/uart/lint/lint_rtl/spyglass_reports/SpyGlass/checksum.rpt
#     SpyGlass Version : SpyGlass_vX-2025.06
#     Policy Name      : SpyGlass(SpyGlass_vX-2025.06)
#     Comment          : This report contains md5sum of design file(s)
#
################################################################################

=====================================================================================
                         MD5SUM CHECKSUM OF DESIGN FILES 
=====================================================================================
MD5SUM CHECKSUM                   SOURCE              PATH OF DESIGN FILE       
-------------------------------------------------------------------------------------
6b433b75260afa8aae0e1503004e6017  1      /home/eda/workspace/aixsilicon_ip_repo/ips/lowrisc/prim/0.1.0/rtl/prim_alert_sender.sv  
f70ad25fbe1081a6da74374d4cac2559  1      /home/eda/workspace/aixsilicon_ip_repo/ips/lowrisc/prim/0.1.0/rtl/prim_buf.sv  
23d77ae75045d5292a1545b2ccd9418d  1      /home/eda/workspace/aixsilicon_ip_repo/ips/lowrisc/prim/0.1.0/rtl/prim_diff_decode.sv  
693271692e5aea71cb1abb24b142a1ae  1      /home/eda/workspace/aixsilicon_ip_repo/ips/lowrisc/prim/0.1.0/rtl/prim_fifo_sync.sv  
c60060e0882256762f026168e8fda55b  1      /home/eda/workspace/aixsilicon_ip_repo/ips/lowrisc/prim/0.1.0/rtl/prim_fifo_sync_cnt.sv  
2c1a77ad41bf1283daffaa597237b1ee  1      /home/eda/workspace/aixsilicon_ip_repo/ips/lowrisc/prim/0.1.0/rtl/prim_flop.sv  
0b4d17a2fa03e89515c42011908d4739  1      /home/eda/workspace/aixsilicon_ip_repo/ips/lowrisc/prim/0.1.0/rtl/prim_flop_2sync.sv  
bb7992b2cdf151915cec93d742cd19d4  1      /home/eda/workspace/aixsilicon_ip_repo/ips/lowrisc/prim/0.1.0/rtl/prim_intr_hw.sv  
8ba4ea78610d4aea74c33313ab707768  1      /home/eda/workspace/aixsilicon_ip_repo/ips/lowrisc/prim/0.1.0/rtl/prim_onehot_check.sv  
292c70b2926b89c3a5fbab81ee46263d  1      /home/eda/workspace/aixsilicon_ip_repo/ips/lowrisc/prim/0.1.0/rtl/prim_reg_we_check.sv  
48731ef9b7c8a866ffa7ca146dcdf178  1      /home/eda/workspace/aixsilicon_ip_repo/ips/lowrisc/prim/0.1.0/rtl/prim_sec_anchor_buf.sv  
b9577d761acf1c32b076613a68701bc5  1      /home/eda/workspace/aixsilicon_ip_repo/ips/lowrisc/prim/0.1.0/rtl/prim_sec_anchor_flop.sv  
264a0ab83522e625afb8efcee16b8d37  1      /home/eda/workspace/aixsilicon_ip_repo/ips/lowrisc/prim/0.1.0/rtl/prim_secded_inv_39_32_dec.sv  
61447a2e7894ab8b158f90573ed095b0  1      /home/eda/workspace/aixsilicon_ip_repo/ips/lowrisc/prim/0.1.0/rtl/prim_secded_inv_39_32_enc.sv  
6ae3e01b2f02c24f96b5f25ef5001e16  1      /home/eda/workspace/aixsilicon_ip_repo/ips/lowrisc/prim/0.1.0/rtl/prim_secded_inv_64_57_dec.sv  
bec49d983bfbdddb3aa39a1b05a241ea  1      /home/eda/workspace/aixsilicon_ip_repo/ips/lowrisc/prim/0.1.0/rtl/prim_secded_inv_64_57_enc.sv  
cc425f50bcc2faadc6b37729572d97f1  1      /home/eda/workspace/aixsilicon_ip_repo/ips/lowrisc/prim/0.1.0/rtl/prim_subreg.sv  
b1a423a9a45dba1f9407f2105f41e6b4  1      /home/eda/workspace/aixsilicon_ip_repo/ips/lowrisc/prim/0.1.0/rtl/prim_subreg_arb.sv  
30ed2b2f228678d1491a0af95d61914f  1      /home/eda/workspace/aixsilicon_ip_repo/ips/lowrisc/prim/0.1.0/rtl/prim_subreg_ext.sv  
88dc8a2dfcc9a5e522cf35c08553d5da  1      /home/eda/workspace/aixsilicon_ip_repo/ips/lowrisc/tlul/0.1.0/rtl/tlul_adapter_reg.sv  
ed73b947ab0e0723b1cf2b19988e7dfd  1      /home/eda/workspace/aixsilicon_ip_repo/ips/lowrisc/tlul/0.1.0/rtl/tlul_cmd_intg_chk.sv  
bcc64af96cbc15592613a1388ceaa263  1      /home/eda/workspace/aixsilicon_ip_repo/ips/lowrisc/tlul/0.1.0/rtl/tlul_data_integ_dec.sv  
b4d0dd3ab113c6c480aed9486cfff68e  1      /home/eda/workspace/aixsilicon_ip_repo/ips/lowrisc/tlul/0.1.0/rtl/tlul_data_integ_enc.sv  
c64ef0407463bdb2f305e87db3fd3534  1      /home/eda/workspace/aixsilicon_ip_repo/ips/lowrisc/tlul/0.1.0/rtl/tlul_err.sv  
64e442940948855a4814696cd716868a  1      /home/eda/workspace/aixsilicon_ip_repo/ips/lowrisc/tlul/0.1.0/rtl/tlul_rsp_intg_gen.sv  
b1ad8f12df091f25660c92e7ccb013c3  1      /home/eda/workspace/aixsilicon_ip_repo/ip_uart/rtl/uart_reg_top.sv  
8997b027e86c73d22c74378d2e51a1f1  1      /home/eda/workspace/aixsilicon_ip_repo/ip_uart/rtl/uart_rx.sv  
0f48d51ed083ca8288df505fb01867a0  1      /home/eda/workspace/aixsilicon_ip_repo/ip_uart/rtl/uart_tx.sv  
65182c52098d0a80c06e4cdc00377319  1      /home/eda/workspace/aixsilicon_ip_repo/ip_uart/rtl/uart_core.sv  
87f44e193abd8d6e5c191efb0d817bfa  1      /home/eda/workspace/aixsilicon_ip_repo/ip_uart/rtl/uart.sv  
