
################################################################################
#
# This file has been generated by SpyGlass:
#     Report Name      : moresimple
#     Report Created by: eda
#     Report Created on:  Tue Aug 11 04:54:26 2026
#     Working Directory: /home/eda/workspace/aixsilicon_ip_repo/ip_uart
#     SpyGlass Version : SpyGlass_vX-2025.06
#     Policy Name      : SpyGlass(SpyGlass_vX-2025.06)
#                        clock-reset(SpyGlass_vX-2025.06)
#                        erc(SpyGlass_vX-2025.06)
#                        latch(SpyGlass_vX-2025.06)
#                        lint(SpyGlass_vX-2025.06)
#                        morelint(SpyGlass_vX-2025.06)
#                        openmore(SpyGlass_vX-2025.06)
#                        power_est(SpyGlass_vX-2025.06)
#                        simulation(SpyGlass_vX-2025.06)
#                        starc(SpyGlass_vX-2025.06)
#                        starc2005(SpyGlass_vX-2025.06)
#
#     Total Number of Generated Messages :        230
#     Number of Waived Messages          :          0
#     Number of Reported Messages        :        230
#     Number of Overlimit Messages       :          0
#
#
################################################################################

+++++++++++++++++++++++++++++++++++++++++++++++++++++++++++++++++++++++
MORESIMPLE REPORT:


############### BuiltIn -> RuleGroup=Command-line read ###############
+++++++++++++++++++++++++++++++++++++++++++++++++++++++++++++++++++++++++++++++++++++++
ID       Rule                 Alias              Severity    File    Line    Wt    Message
======================================================================================
[0]      checkCMD_ignore01    OptionWOCmdOnly    Info        N.A.    0       10    Option 'enableSV' ignored as another option(s) 'enableSV09' have been specified
+++++++++++++++++++++++++++++++++++++++++++++++++++++++++++++++++++++++++++++++++++++++


############### BuiltIn -> RuleGroup=Design Read ###############
+++++++++++++++++++++++++++++++++++++++++++++++++++++++++++++++++++++++++++++++++++++++
ID       Rule                    Alias                   Severity    File                                                                           Line    Wt    Message
======================================================================================
[2]      DetectTopDesignUnits    DetectTopDesignUnits    Info        rtl/uart.sv                                                                    9       2     Module uart is a top level design unit
[1]      ElabSummary             ElabSummary             Info        spyglass/uart/uart/lint/lint_rtl/spyglass_reports/SpyGlass/elab_summary.rpt    0       2     Please refer file 'spyglass/uart/uart/lint/lint_rtl/spyglass_reports/SpyGlass/elab_summary.rpt' for elab summary report
+++++++++++++++++++++++++++++++++++++++++++++++++++++++++++++++++++++++++++++++++++++++


############### Non-BuiltIn -> Goal=lint/lint_rtl ###############
+++++++++++++++++++++++++++++++++++++++++++++++++++++++++++++++++++++++++++++++++++++++
ID       Rule                Alias                Severity    File                                                                            Line    Wt    Message
======================================================================================
[105]    FlopEConst                               Warning     ../ips/lowrisc/prim/0.1.0/rtl/prim_subreg.sv                                    59      10    Enable pin EN on Flop uart.reg2hw[intr_state][rx_watermark][q] (master RTL_FDCE) is  always enabled (tied high)(connected to uart.u_reg.u_intr_state_rx_watermark.wr_en)
[106]    FlopEConst                               Warning     ../ips/lowrisc/prim/0.1.0/rtl/prim_subreg.sv                                    59      10    Enable pin EN on Flop uart.reg2hw[intr_state][tx_empty][q] (master RTL_FDPE) is  always enabled (tied high)(connected to uart.u_reg.u_intr_state_tx_empty.wr_en)
[107]    FlopEConst                               Warning     ../ips/lowrisc/prim/0.1.0/rtl/prim_subreg.sv                                    59      10    Enable pin EN on Flop uart.reg2hw[intr_state][tx_watermark][q] (master RTL_FDPE) is  always enabled (tied high)(connected to uart.u_reg.u_intr_state_tx_watermark.wr_en)
[C2]     STARC05-2.11.3.1    SepStateNextLogic    Warning     rtl/uart_core.sv                                                                128     10    Combinational and sequential parts of an FSM 'uart_core.break_st_q' described in same always block
[92]     W240                                     Warning     ../ips/lowrisc/prim/0.1.0/rtl/prim_onehot_check.sv                              37      10    Input 'clk_i' declared but not read.[Hierarchy: ':uart:u_reg@uart_reg_top:u_prim_reg_we_check@prim_reg_we_check:u_prim_onehot_check@prim_onehot_check']
[93]     W240                                     Warning     ../ips/lowrisc/prim/0.1.0/rtl/prim_onehot_check.sv                              38      10    Input 'rst_ni' declared but not read.[Hierarchy: ':uart:u_reg@uart_reg_top:u_prim_reg_we_check@prim_reg_we_check:u_prim_onehot_check@prim_onehot_check']
[AE]     W240                                     Warning     ../ips/lowrisc/tlul/0.1.0/rtl/tlul_err.sv                                       9       10    Input 'clk_i' declared but not read.[Hierarchy: ':uart:u_reg@uart_reg_top:u_reg_if@tlul_adapter_reg:u_err@tlul_err']
[AF]     W240                                     Warning     ../ips/lowrisc/tlul/0.1.0/rtl/tlul_err.sv                                       10      10    Input 'rst_ni' declared but not read.[Hierarchy: ':uart:u_reg@uart_reg_top:u_reg_if@tlul_adapter_reg:u_err@tlul_err']
[B0]     W240                                     Warning     ../ips/lowrisc/tlul/0.1.0/rtl/tlul_err.sv                                       12      10    Input 'tl_i.d_ready' declared but not read.[Hierarchy: ':uart:u_reg@uart_reg_top:u_reg_if@tlul_adapter_reg:u_err@tlul_err']
[B2]     W240                                     Warning     ../ips/lowrisc/tlul/0.1.0/rtl/tlul_err.sv                                       12      10    Input 'tl_i.a_user.data_intg[6:0]' declared but not read.[Hierarchy: ':uart:u_reg@uart_reg_top:u_reg_if@tlul_adapter_reg:u_err@tlul_err']
[B3]     W240                                     Warning     ../ips/lowrisc/tlul/0.1.0/rtl/tlul_err.sv                                       12      10    Input 'tl_i.a_user.cmd_intg[6:0]' declared but not read.[Hierarchy: ':uart:u_reg@uart_reg_top:u_reg_if@tlul_adapter_reg:u_err@tlul_err']
[B4]     W240                                     Warning     ../ips/lowrisc/tlul/0.1.0/rtl/tlul_err.sv                                       12      10    Input 'tl_i.a_user.rsvd[4:0]' declared but not read.[Hierarchy: ':uart:u_reg@uart_reg_top:u_reg_if@tlul_adapter_reg:u_err@tlul_err']
[B5]     W240                                     Warning     ../ips/lowrisc/tlul/0.1.0/rtl/tlul_err.sv                                       12      10    Input 'tl_i.a_data[31:0]' declared but not read.[Hierarchy: ':uart:u_reg@uart_reg_top:u_reg_if@tlul_adapter_reg:u_err@tlul_err']
[B6]     W240                                     Warning     ../ips/lowrisc/tlul/0.1.0/rtl/tlul_err.sv                                       12      10    Input 'tl_i.a_source[7:0]' declared but not read.[Hierarchy: ':uart:u_reg@uart_reg_top:u_reg_if@tlul_adapter_reg:u_err@tlul_err']
[B7]     W240                                     Warning     ../ips/lowrisc/tlul/0.1.0/rtl/tlul_err.sv                                       12      10    Input 'tl_i.a_param[2:0]' declared but not read.[Hierarchy: ':uart:u_reg@uart_reg_top:u_reg_if@tlul_adapter_reg:u_err@tlul_err']
[C3]     W240                                     Warning     rtl/uart_core.sv                                                                14      10    Input 'reg2hw.status.rxempty.q' declared but not read.[Hierarchy: ':uart:uart_core@uart_core']
[C4]     W240                                     Warning     rtl/uart_core.sv                                                                14      10    Input 'reg2hw.status.rxempty.re' declared but not read.[Hierarchy: ':uart:uart_core@uart_core']
[C5]     W240                                     Warning     rtl/uart_core.sv                                                                14      10    Input 'reg2hw.status.rxidle.q' declared but not read.[Hierarchy: ':uart:uart_core@uart_core']
[C6]     W240                                     Warning     rtl/uart_core.sv                                                                14      10    Input 'reg2hw.status.rxidle.re' declared but not read.[Hierarchy: ':uart:uart_core@uart_core']
[C7]     W240                                     Warning     rtl/uart_core.sv                                                                14      10    Input 'reg2hw.status.txidle.q' declared but not read.[Hierarchy: ':uart:uart_core@uart_core']
[C8]     W240                                     Warning     rtl/uart_core.sv                                                                14      10    Input 'reg2hw.status.txidle.re' declared but not read.[Hierarchy: ':uart:uart_core@uart_core']
[C9]     W240                                     Warning     rtl/uart_core.sv                                                                14      10    Input 'reg2hw.status.txempty.q' declared but not read.[Hierarchy: ':uart:uart_core@uart_core']
[CA]     W240                                     Warning     rtl/uart_core.sv                                                                14      10    Input 'reg2hw.status.txempty.re' declared but not read.[Hierarchy: ':uart:uart_core@uart_core']
[CB]     W240                                     Warning     rtl/uart_core.sv                                                                14      10    Input 'reg2hw.status.rxfull.q' declared but not read.[Hierarchy: ':uart:uart_core@uart_core']
[CC]     W240                                     Warning     rtl/uart_core.sv                                                                14      10    Input 'reg2hw.status.rxfull.re' declared but not read.[Hierarchy: ':uart:uart_core@uart_core']
[CD]     W240                                     Warning     rtl/uart_core.sv                                                                14      10    Input 'reg2hw.status.txfull.q' declared but not read.[Hierarchy: ':uart:uart_core@uart_core']
[CE]     W240                                     Warning     rtl/uart_core.sv                                                                14      10    Input 'reg2hw.status.txfull.re' declared but not read.[Hierarchy: ':uart:uart_core@uart_core']
[CF]     W240                                     Warning     rtl/uart_core.sv                                                                14      10    Input 'reg2hw.fifo_ctrl.txilvl.qe' declared but not read.[Hierarchy: ':uart:uart_core@uart_core']
[D0]     W240                                     Warning     rtl/uart_core.sv                                                                14      10    Input 'reg2hw.fifo_ctrl.rxilvl.qe' declared but not read.[Hierarchy: ':uart:uart_core@uart_core']
[D1]     W240                                     Warning     rtl/uart_core.sv                                                                14      10    Input 'reg2hw.rdata.q[7:0]' declared but not read.[Hierarchy: ':uart:uart_core@uart_core']
[DD]     W287b                                    Warning     ../ips/lowrisc/prim/0.1.0/rtl/prim_alert_sender.sv                              94      5     Instance output port 'level_o' is not connected
[DE]     W287b                                    Warning     ../ips/lowrisc/prim/0.1.0/rtl/prim_alert_sender.sv                              95      5     Instance output port 'rise_o' is not connected
[DF]     W287b                                    Warning     ../ips/lowrisc/prim/0.1.0/rtl/prim_alert_sender.sv                              96      5     Instance output port 'fall_o' is not connected
[E0]     W287b                                    Warning     ../ips/lowrisc/prim/0.1.0/rtl/prim_alert_sender.sv                              122     5     Instance output port 'rise_o' is not connected
[E1]     W287b                                    Warning     ../ips/lowrisc/prim/0.1.0/rtl/prim_alert_sender.sv                              123     5     Instance output port 'fall_o' is not connected
[E2]     W287b                                    Warning     ../ips/lowrisc/prim/0.1.0/rtl/prim_alert_sender.sv                              124     5     Instance output port 'event_o' is not connected
[8C]     W287b                                    Warning     ../ips/lowrisc/tlul/0.1.0/rtl/tlul_cmd_intg_chk.sv                              26      5     Instance output port 'data_o' is not connected
[8D]     W287b                                    Warning     ../ips/lowrisc/tlul/0.1.0/rtl/tlul_cmd_intg_chk.sv                              27      5     Instance output port 'syndrome_o' is not connected
[90]     W287b                                    Warning     ../ips/lowrisc/tlul/0.1.0/rtl/tlul_data_integ_dec.sv                            20      5     Instance output port 'data_o' is not connected
[91]     W287b                                    Warning     ../ips/lowrisc/tlul/0.1.0/rtl/tlul_data_integ_dec.sv                            21      5     Instance output port 'syndrome_o' is not connected
[3]      W287b                                    Warning     rtl/uart.sv                                                                     112     5     Instance output port 'alert_ack_o' is not connected
[4]      W287b                                    Warning     rtl/uart.sv                                                                     113     5     Instance output port 'alert_state_o' is not connected
[D2]     W287b                                    Warning     rtl/uart_core.sv                                                                197     5     Instance output port 'full_o' is not connected
[D3]     W287b                                    Warning     rtl/uart_core.sv                                                                201     5     Instance output port 'err_o' is not connected
[D4]     W287b                                    Warning     rtl/uart_core.sv                                                                298     5     Instance output port 'full_o' is not connected
[D5]     W287b                                    Warning     rtl/uart_core.sv                                                                302     5     Instance output port 'err_o' is not connected
[8]      W287b                                    Warning     rtl/uart_reg_top.sv                                                             114     5     Instance output port 'intg_error_o' is not connected
[9]      W287b                                    Warning     rtl/uart_reg_top.sv                                                             256     5     Instance output port 'qe' is not connected
[A]      W287b                                    Warning     rtl/uart_reg_top.sv                                                             258     5     Instance output port 'ds' is not connected
[B]      W287b                                    Warning     rtl/uart_reg_top.sv                                                             283     5     Instance output port 'qe' is not connected
[C]      W287b                                    Warning     rtl/uart_reg_top.sv                                                             285     5     Instance output port 'ds' is not connected
[D]      W287b                                    Warning     rtl/uart_reg_top.sv                                                             310     5     Instance output port 'qe' is not connected
[E]      W287b                                    Warning     rtl/uart_reg_top.sv                                                             312     5     Instance output port 'ds' is not connected
[F]      W287b                                    Warning     rtl/uart_reg_top.sv                                                             337     5     Instance output port 'qe' is not connected
[10]     W287b                                    Warning     rtl/uart_reg_top.sv                                                             339     5     Instance output port 'ds' is not connected
[11]     W287b                                    Warning     rtl/uart_reg_top.sv                                                             364     5     Instance output port 'qe' is not connected
[12]     W287b                                    Warning     rtl/uart_reg_top.sv                                                             366     5     Instance output port 'ds' is not connected
[13]     W287b                                    Warning     rtl/uart_reg_top.sv                                                             391     5     Instance output port 'qe' is not connected
[14]     W287b                                    Warning     rtl/uart_reg_top.sv                                                             393     5     Instance output port 'ds' is not connected
[15]     W287b                                    Warning     rtl/uart_reg_top.sv                                                             418     5     Instance output port 'qe' is not connected
[16]     W287b                                    Warning     rtl/uart_reg_top.sv                                                             420     5     Instance output port 'ds' is not connected
[17]     W287b                                    Warning     rtl/uart_reg_top.sv                                                             445     5     Instance output port 'qe' is not connected
[18]     W287b                                    Warning     rtl/uart_reg_top.sv                                                             447     5     Instance output port 'ds' is not connected
[19]     W287b                                    Warning     rtl/uart_reg_top.sv                                                             472     5     Instance output port 'qe' is not connected
[1A]     W287b                                    Warning     rtl/uart_reg_top.sv                                                             474     5     Instance output port 'ds' is not connected
[1B]     W287b                                    Warning     rtl/uart_reg_top.sv                                                             501     5     Instance output port 'qe' is not connected
[1C]     W287b                                    Warning     rtl/uart_reg_top.sv                                                             503     5     Instance output port 'ds' is not connected
[1D]     W287b                                    Warning     rtl/uart_reg_top.sv                                                             528     5     Instance output port 'qe' is not connected
[1E]     W287b                                    Warning     rtl/uart_reg_top.sv                                                             530     5     Instance output port 'ds' is not connected
[1F]     W287b                                    Warning     rtl/uart_reg_top.sv                                                             555     5     Instance output port 'qe' is not connected
[20]     W287b                                    Warning     rtl/uart_reg_top.sv                                                             557     5     Instance output port 'ds' is not connected
[21]     W287b                                    Warning     rtl/uart_reg_top.sv                                                             582     5     Instance output port 'qe' is not connected
[22]     W287b                                    Warning     rtl/uart_reg_top.sv                                                             584     5     Instance output port 'ds' is not connected
[23]     W287b                                    Warning     rtl/uart_reg_top.sv                                                             609     5     Instance output port 'qe' is not connected
[24]     W287b                                    Warning     rtl/uart_reg_top.sv                                                             611     5     Instance output port 'ds' is not connected
[25]     W287b                                    Warning     rtl/uart_reg_top.sv                                                             636     5     Instance output port 'qe' is not connected
[26]     W287b                                    Warning     rtl/uart_reg_top.sv                                                             638     5     Instance output port 'ds' is not connected
[27]     W287b                                    Warning     rtl/uart_reg_top.sv                                                             663     5     Instance output port 'qe' is not connected
[28]     W287b                                    Warning     rtl/uart_reg_top.sv                                                             665     5     Instance output port 'ds' is not connected
[29]     W287b                                    Warning     rtl/uart_reg_top.sv                                                             690     5     Instance output port 'qe' is not connected
[2A]     W287b                                    Warning     rtl/uart_reg_top.sv                                                             692     5     Instance output port 'ds' is not connected
[2B]     W287b                                    Warning     rtl/uart_reg_top.sv                                                             717     5     Instance output port 'qe' is not connected
[2C]     W287b                                    Warning     rtl/uart_reg_top.sv                                                             719     5     Instance output port 'ds' is not connected
[2D]     W287b                                    Warning     rtl/uart_reg_top.sv                                                             738     5     Instance output port 'qre' is not connected
[2E]     W287b                                    Warning     rtl/uart_reg_top.sv                                                             741     5     Instance output port 'ds' is not connected
[2F]     W287b                                    Warning     rtl/uart_reg_top.sv                                                             742     5     Instance output port 'qs' is not connected
[30]     W287b                                    Warning     rtl/uart_reg_top.sv                                                             754     5     Instance output port 'qre' is not connected
[31]     W287b                                    Warning     rtl/uart_reg_top.sv                                                             757     5     Instance output port 'ds' is not connected
[32]     W287b                                    Warning     rtl/uart_reg_top.sv                                                             758     5     Instance output port 'qs' is not connected
[33]     W287b                                    Warning     rtl/uart_reg_top.sv                                                             770     5     Instance output port 'qre' is not connected
[34]     W287b                                    Warning     rtl/uart_reg_top.sv                                                             773     5     Instance output port 'ds' is not connected
[35]     W287b                                    Warning     rtl/uart_reg_top.sv                                                             774     5     Instance output port 'qs' is not connected
[36]     W287b                                    Warning     rtl/uart_reg_top.sv                                                             786     5     Instance output port 'qre' is not connected
[37]     W287b                                    Warning     rtl/uart_reg_top.sv                                                             789     5     Instance output port 'ds' is not connected
[38]     W287b                                    Warning     rtl/uart_reg_top.sv                                                             790     5     Instance output port 'qs' is not connected
[39]     W287b                                    Warning     rtl/uart_reg_top.sv                                                             802     5     Instance output port 'qre' is not connected
[3A]     W287b                                    Warning     rtl/uart_reg_top.sv                                                             805     5     Instance output port 'ds' is not connected
[3B]     W287b                                    Warning     rtl/uart_reg_top.sv                                                             806     5     Instance output port 'qs' is not connected
[3C]     W287b                                    Warning     rtl/uart_reg_top.sv                                                             818     5     Instance output port 'qre' is not connected
[3D]     W287b                                    Warning     rtl/uart_reg_top.sv                                                             821     5     Instance output port 'ds' is not connected
[3E]     W287b                                    Warning     rtl/uart_reg_top.sv                                                             822     5     Instance output port 'qs' is not connected
[3F]     W287b                                    Warning     rtl/uart_reg_top.sv                                                             834     5     Instance output port 'qre' is not connected
[40]     W287b                                    Warning     rtl/uart_reg_top.sv                                                             837     5     Instance output port 'ds' is not connected
[41]     W287b                                    Warning     rtl/uart_reg_top.sv                                                             838     5     Instance output port 'qs' is not connected
[42]     W287b                                    Warning     rtl/uart_reg_top.sv                                                             850     5     Instance output port 'qre' is not connected
[43]     W287b                                    Warning     rtl/uart_reg_top.sv                                                             853     5     Instance output port 'ds' is not connected
[44]     W287b                                    Warning     rtl/uart_reg_top.sv                                                             854     5     Instance output port 'qs' is not connected
[45]     W287b                                    Warning     rtl/uart_reg_top.sv                                                             866     5     Instance output port 'qre' is not connected
[46]     W287b                                    Warning     rtl/uart_reg_top.sv                                                             869     5     Instance output port 'ds' is not connected
[47]     W287b                                    Warning     rtl/uart_reg_top.sv                                                             870     5     Instance output port 'qs' is not connected
[48]     W287b                                    Warning     rtl/uart_reg_top.sv                                                             886     5     Instance output port 'qre' is not connected
[49]     W287b                                    Warning     rtl/uart_reg_top.sv                                                             889     5     Instance output port 'ds' is not connected
[4A]     W287b                                    Warning     rtl/uart_reg_top.sv                                                             890     5     Instance output port 'qs' is not connected
[4B]     W287b                                    Warning     rtl/uart_reg_top.sv                                                             915     5     Instance output port 'qe' is not connected
[4C]     W287b                                    Warning     rtl/uart_reg_top.sv                                                             917     5     Instance output port 'ds' is not connected
[4D]     W287b                                    Warning     rtl/uart_reg_top.sv                                                             942     5     Instance output port 'qe' is not connected
[4E]     W287b                                    Warning     rtl/uart_reg_top.sv                                                             944     5     Instance output port 'ds' is not connected
[4F]     W287b                                    Warning     rtl/uart_reg_top.sv                                                             969     5     Instance output port 'qe' is not connected
[50]     W287b                                    Warning     rtl/uart_reg_top.sv                                                             971     5     Instance output port 'ds' is not connected
[51]     W287b                                    Warning     rtl/uart_reg_top.sv                                                             996     5     Instance output port 'qe' is not connected
[52]     W287b                                    Warning     rtl/uart_reg_top.sv                                                             998     5     Instance output port 'ds' is not connected
[53]     W287b                                    Warning     rtl/uart_reg_top.sv                                                             1023    5     Instance output port 'qe' is not connected
[54]     W287b                                    Warning     rtl/uart_reg_top.sv                                                             1025    5     Instance output port 'ds' is not connected
[55]     W287b                                    Warning     rtl/uart_reg_top.sv                                                             1050    5     Instance output port 'qe' is not connected
[56]     W287b                                    Warning     rtl/uart_reg_top.sv                                                             1052    5     Instance output port 'ds' is not connected
[57]     W287b                                    Warning     rtl/uart_reg_top.sv                                                             1077    5     Instance output port 'qe' is not connected
[58]     W287b                                    Warning     rtl/uart_reg_top.sv                                                             1079    5     Instance output port 'ds' is not connected
[59]     W287b                                    Warning     rtl/uart_reg_top.sv                                                             1104    5     Instance output port 'qe' is not connected
[5A]     W287b                                    Warning     rtl/uart_reg_top.sv                                                             1106    5     Instance output port 'ds' is not connected
[5B]     W287b                                    Warning     rtl/uart_reg_top.sv                                                             1131    5     Instance output port 'qe' is not connected
[5C]     W287b                                    Warning     rtl/uart_reg_top.sv                                                             1133    5     Instance output port 'ds' is not connected
[5D]     W287b                                    Warning     rtl/uart_reg_top.sv                                                             1150    5     Instance output port 'qe' is not connected
[5E]     W287b                                    Warning     rtl/uart_reg_top.sv                                                             1152    5     Instance output port 'ds' is not connected
[5F]     W287b                                    Warning     rtl/uart_reg_top.sv                                                             1165    5     Instance output port 'qe' is not connected
[60]     W287b                                    Warning     rtl/uart_reg_top.sv                                                             1167    5     Instance output port 'ds' is not connected
[61]     W287b                                    Warning     rtl/uart_reg_top.sv                                                             1180    5     Instance output port 'qe' is not connected
[62]     W287b                                    Warning     rtl/uart_reg_top.sv                                                             1182    5     Instance output port 'ds' is not connected
[63]     W287b                                    Warning     rtl/uart_reg_top.sv                                                             1195    5     Instance output port 'qe' is not connected
[64]     W287b                                    Warning     rtl/uart_reg_top.sv                                                             1197    5     Instance output port 'ds' is not connected
[65]     W287b                                    Warning     rtl/uart_reg_top.sv                                                             1210    5     Instance output port 'qe' is not connected
[66]     W287b                                    Warning     rtl/uart_reg_top.sv                                                             1212    5     Instance output port 'ds' is not connected
[67]     W287b                                    Warning     rtl/uart_reg_top.sv                                                             1225    5     Instance output port 'qe' is not connected
[68]     W287b                                    Warning     rtl/uart_reg_top.sv                                                             1227    5     Instance output port 'ds' is not connected
[69]     W287b                                    Warning     rtl/uart_reg_top.sv                                                             1241    5     Instance output port 'qe' is not connected
[6A]     W287b                                    Warning     rtl/uart_reg_top.sv                                                             1243    5     Instance output port 'ds' is not connected
[6B]     W287b                                    Warning     rtl/uart_reg_top.sv                                                             1280    5     Instance output port 'ds' is not connected
[6C]     W287b                                    Warning     rtl/uart_reg_top.sv                                                             1283    5     Instance output port 'qs' is not connected
[6D]     W287b                                    Warning     rtl/uart_reg_top.sv                                                             1321    5     Instance output port 'ds' is not connected
[6E]     W287b                                    Warning     rtl/uart_reg_top.sv                                                             1324    5     Instance output port 'qs' is not connected
[6F]     W287b                                    Warning     rtl/uart_reg_top.sv                                                             1349    5     Instance output port 'ds' is not connected
[70]     W287b                                    Warning     rtl/uart_reg_top.sv                                                             1352    5     Instance output port 'qs' is not connected
[71]     W287b                                    Warning     rtl/uart_reg_top.sv                                                             1377    5     Instance output port 'ds' is not connected
[72]     W287b                                    Warning     rtl/uart_reg_top.sv                                                             1405    5     Instance output port 'ds' is not connected
[74]     W287b                                    Warning     rtl/uart_reg_top.sv                                                             1422    5     Instance output port 'qre' is not connected
[73]     W287b                                    Warning     rtl/uart_reg_top.sv                                                             1423    5     Instance output port 'qe' is not connected
[75]     W287b                                    Warning     rtl/uart_reg_top.sv                                                             1424    5     Instance output port 'q' is not connected
[76]     W287b                                    Warning     rtl/uart_reg_top.sv                                                             1425    5     Instance output port 'ds' is not connected
[78]     W287b                                    Warning     rtl/uart_reg_top.sv                                                             1437    5     Instance output port 'qre' is not connected
[77]     W287b                                    Warning     rtl/uart_reg_top.sv                                                             1438    5     Instance output port 'qe' is not connected
[79]     W287b                                    Warning     rtl/uart_reg_top.sv                                                             1439    5     Instance output port 'q' is not connected
[7A]     W287b                                    Warning     rtl/uart_reg_top.sv                                                             1440    5     Instance output port 'ds' is not connected
[7B]     W287b                                    Warning     rtl/uart_reg_top.sv                                                             1465    5     Instance output port 'qe' is not connected
[7C]     W287b                                    Warning     rtl/uart_reg_top.sv                                                             1467    5     Instance output port 'ds' is not connected
[7D]     W287b                                    Warning     rtl/uart_reg_top.sv                                                             1492    5     Instance output port 'qe' is not connected
[7E]     W287b                                    Warning     rtl/uart_reg_top.sv                                                             1494    5     Instance output port 'ds' is not connected
[80]     W287b                                    Warning     rtl/uart_reg_top.sv                                                             1509    5     Instance output port 'qre' is not connected
[7F]     W287b                                    Warning     rtl/uart_reg_top.sv                                                             1510    5     Instance output port 'qe' is not connected
[81]     W287b                                    Warning     rtl/uart_reg_top.sv                                                             1511    5     Instance output port 'q' is not connected
[82]     W287b                                    Warning     rtl/uart_reg_top.sv                                                             1512    5     Instance output port 'ds' is not connected
[83]     W287b                                    Warning     rtl/uart_reg_top.sv                                                             1537    5     Instance output port 'qe' is not connected
[84]     W287b                                    Warning     rtl/uart_reg_top.sv                                                             1539    5     Instance output port 'ds' is not connected
[85]     W287b                                    Warning     rtl/uart_reg_top.sv                                                             1564    5     Instance output port 'qe' is not connected
[86]     W287b                                    Warning     rtl/uart_reg_top.sv                                                             1566    5     Instance output port 'ds' is not connected
[DB]     W415a                                    Warning     ../ips/lowrisc/prim/0.1.0/rtl/prim_alert_sender.sv                              260     5     Signal state_d is being assigned multiple times ( previous assignment at line 207 ) in same always block [Hierarchy: ':uart:\gen_alert_tx[0].u_prim_alert_sender @prim_alert_sender:p_fsm']
[DC]     W415a                                    Warning     ../ips/lowrisc/prim/0.1.0/rtl/prim_alert_sender.sv                              261     5     Signal alert_pd is being assigned multiple times ( previous assignment at line 208 ) in same always block [Hierarchy: ':uart:\gen_alert_tx[0].u_prim_alert_sender @prim_alert_sender:p_fsm']
[A3]     W415a                                    Warning     ../ips/lowrisc/prim/0.1.0/rtl/prim_secded_inv_39_32_enc.sv                      14      5     Signal data_o[32] is being assigned multiple times ( previous assignment at line 13 ) in same always block [Hierarchy: ':uart:u_reg@uart_reg_top:u_rsp_intg_gen@tlul_rsp_intg_gen:\gen_data_intg.u_tlul_data_integ_enc @tlul_data_integ_enc:u_data_gen@prim_secded_inv_39_32_enc:p_encode']
[A4]     W415a                                    Warning     ../ips/lowrisc/prim/0.1.0/rtl/prim_secded_inv_39_32_enc.sv                      15      5     Signal data_o[33] is being assigned multiple times ( previous assignment at line 13 ) in same always block [Hierarchy: ':uart:u_reg@uart_reg_top:u_rsp_intg_gen@tlul_rsp_intg_gen:\gen_data_intg.u_tlul_data_integ_enc @tlul_data_integ_enc:u_data_gen@prim_secded_inv_39_32_enc:p_encode']
[A5]     W415a                                    Warning     ../ips/lowrisc/prim/0.1.0/rtl/prim_secded_inv_39_32_enc.sv                      16      5     Signal data_o[34] is being assigned multiple times ( previous assignment at line 13 ) in same always block [Hierarchy: ':uart:u_reg@uart_reg_top:u_rsp_intg_gen@tlul_rsp_intg_gen:\gen_data_intg.u_tlul_data_integ_enc @tlul_data_integ_enc:u_data_gen@prim_secded_inv_39_32_enc:p_encode']
[A6]     W415a                                    Warning     ../ips/lowrisc/prim/0.1.0/rtl/prim_secded_inv_39_32_enc.sv                      17      5     Signal data_o[35] is being assigned multiple times ( previous assignment at line 13 ) in same always block [Hierarchy: ':uart:u_reg@uart_reg_top:u_rsp_intg_gen@tlul_rsp_intg_gen:\gen_data_intg.u_tlul_data_integ_enc @tlul_data_integ_enc:u_data_gen@prim_secded_inv_39_32_enc:p_encode']
[A7]     W415a                                    Warning     ../ips/lowrisc/prim/0.1.0/rtl/prim_secded_inv_39_32_enc.sv                      18      5     Signal data_o[36] is being assigned multiple times ( previous assignment at line 13 ) in same always block [Hierarchy: ':uart:u_reg@uart_reg_top:u_rsp_intg_gen@tlul_rsp_intg_gen:\gen_data_intg.u_tlul_data_integ_enc @tlul_data_integ_enc:u_data_gen@prim_secded_inv_39_32_enc:p_encode']
[A8]     W415a                                    Warning     ../ips/lowrisc/prim/0.1.0/rtl/prim_secded_inv_39_32_enc.sv                      19      5     Signal data_o[37] is being assigned multiple times ( previous assignment at line 13 ) in same always block [Hierarchy: ':uart:u_reg@uart_reg_top:u_rsp_intg_gen@tlul_rsp_intg_gen:\gen_data_intg.u_tlul_data_integ_enc @tlul_data_integ_enc:u_data_gen@prim_secded_inv_39_32_enc:p_encode']
[A9]     W415a                                    Warning     ../ips/lowrisc/prim/0.1.0/rtl/prim_secded_inv_39_32_enc.sv                      20      5     Signal data_o[38] is being assigned multiple times ( previous assignment at line 13 ) in same always block [Hierarchy: ':uart:u_reg@uart_reg_top:u_rsp_intg_gen@tlul_rsp_intg_gen:\gen_data_intg.u_tlul_data_integ_enc @tlul_data_integ_enc:u_data_gen@prim_secded_inv_39_32_enc:p_encode']
[AA]     W415a                                    Warning     ../ips/lowrisc/prim/0.1.0/rtl/prim_secded_inv_39_32_enc.sv                      21      5     Signal data_o is being assigned multiple times ( previous assignment at line 13 ) in same always block [Hierarchy: ':uart:u_reg@uart_reg_top:u_rsp_intg_gen@tlul_rsp_intg_gen:\gen_data_intg.u_tlul_data_integ_enc @tlul_data_integ_enc:u_data_gen@prim_secded_inv_39_32_enc:p_encode']
[9B]     W415a                                    Warning     ../ips/lowrisc/prim/0.1.0/rtl/prim_secded_inv_64_57_enc.sv                      14      5     Signal data_o[57] is being assigned multiple times ( previous assignment at line 13 ) in same always block [Hierarchy: ':uart:u_reg@uart_reg_top:u_rsp_intg_gen@tlul_rsp_intg_gen:\gen_rsp_intg.u_rsp_gen @prim_secded_inv_64_57_enc:p_encode']
[9C]     W415a                                    Warning     ../ips/lowrisc/prim/0.1.0/rtl/prim_secded_inv_64_57_enc.sv                      15      5     Signal data_o[58] is being assigned multiple times ( previous assignment at line 13 ) in same always block [Hierarchy: ':uart:u_reg@uart_reg_top:u_rsp_intg_gen@tlul_rsp_intg_gen:\gen_rsp_intg.u_rsp_gen @prim_secded_inv_64_57_enc:p_encode']
[9D]     W415a                                    Warning     ../ips/lowrisc/prim/0.1.0/rtl/prim_secded_inv_64_57_enc.sv                      16      5     Signal data_o[59] is being assigned multiple times ( previous assignment at line 13 ) in same always block [Hierarchy: ':uart:u_reg@uart_reg_top:u_rsp_intg_gen@tlul_rsp_intg_gen:\gen_rsp_intg.u_rsp_gen @prim_secded_inv_64_57_enc:p_encode']
[9E]     W415a                                    Warning     ../ips/lowrisc/prim/0.1.0/rtl/prim_secded_inv_64_57_enc.sv                      17      5     Signal data_o[60] is being assigned multiple times ( previous assignment at line 13 ) in same always block [Hierarchy: ':uart:u_reg@uart_reg_top:u_rsp_intg_gen@tlul_rsp_intg_gen:\gen_rsp_intg.u_rsp_gen @prim_secded_inv_64_57_enc:p_encode']
[9F]     W415a                                    Warning     ../ips/lowrisc/prim/0.1.0/rtl/prim_secded_inv_64_57_enc.sv                      18      5     Signal data_o[61] is being assigned multiple times ( previous assignment at line 13 ) in same always block [Hierarchy: ':uart:u_reg@uart_reg_top:u_rsp_intg_gen@tlul_rsp_intg_gen:\gen_rsp_intg.u_rsp_gen @prim_secded_inv_64_57_enc:p_encode']
[A0]     W415a                                    Warning     ../ips/lowrisc/prim/0.1.0/rtl/prim_secded_inv_64_57_enc.sv                      19      5     Signal data_o[62] is being assigned multiple times ( previous assignment at line 13 ) in same always block [Hierarchy: ':uart:u_reg@uart_reg_top:u_rsp_intg_gen@tlul_rsp_intg_gen:\gen_rsp_intg.u_rsp_gen @prim_secded_inv_64_57_enc:p_encode']
[A1]     W415a                                    Warning     ../ips/lowrisc/prim/0.1.0/rtl/prim_secded_inv_64_57_enc.sv                      20      5     Signal data_o[63] is being assigned multiple times ( previous assignment at line 13 ) in same always block [Hierarchy: ':uart:u_reg@uart_reg_top:u_rsp_intg_gen@tlul_rsp_intg_gen:\gen_rsp_intg.u_rsp_gen @prim_secded_inv_64_57_enc:p_encode']
[A2]     W415a                                    Warning     ../ips/lowrisc/prim/0.1.0/rtl/prim_secded_inv_64_57_enc.sv                      21      5     Signal data_o is being assigned multiple times ( previous assignment at line 13 ) in same always block [Hierarchy: ':uart:u_reg@uart_reg_top:u_rsp_intg_gen@tlul_rsp_intg_gen:\gen_rsp_intg.u_rsp_gen @prim_secded_inv_64_57_enc:p_encode']
[95]     W415a                                    Warning     ../ips/lowrisc/tlul/0.1.0/rtl/tlul_rsp_intg_gen.sv                              67      5     Signal tl_o.d_user.rsp_intg is being assigned multiple times ( previous assignment at line 66 ) in same always block [Hierarchy: ':uart:u_reg@uart_reg_top:u_rsp_intg_gen@tlul_rsp_intg_gen']
[AB]     W415a                                    Warning     ../ips/lowrisc/tlul/0.1.0/rtl/tlul_rsp_intg_gen.sv                              67      5     Signal tl_o.d_user.rsp_intg is being assigned multiple times ( previous assignment at line 66 ) in same always block [Hierarchy: ':uart:u_reg@uart_reg_top:u_reg_if@tlul_adapter_reg:u_rsp_intg_gen@tlul_rsp_intg_gen']
[96]     W415a                                    Warning     ../ips/lowrisc/tlul/0.1.0/rtl/tlul_rsp_intg_gen.sv                              68      5     Signal tl_o.d_user.data_intg is being assigned multiple times ( previous assignment at line 66 ) in same always block [Hierarchy: ':uart:u_reg@uart_reg_top:u_rsp_intg_gen@tlul_rsp_intg_gen']
[AC]     W415a                                    Warning     ../ips/lowrisc/tlul/0.1.0/rtl/tlul_rsp_intg_gen.sv                              68      5     Signal tl_o.d_user.data_intg is being assigned multiple times ( previous assignment at line 66 ) in same always block [Hierarchy: ':uart:u_reg@uart_reg_top:u_reg_if@tlul_adapter_reg:u_rsp_intg_gen@tlul_rsp_intg_gen']
[6]      W415a                                    Warning     rtl/uart_reg_top.sv                                                             1616    5     Signal racl_addr_hit_read[0:12] is being assigned multiple times ( previous assignment at line 1598 ) in same always block [Hierarchy: ':uart:u_reg@uart_reg_top:gen_racl_hit']
[7]      W415a                                    Warning     rtl/uart_reg_top.sv                                                             1619    5     Signal racl_addr_hit_write[0:12] is being assigned multiple times ( previous assignment at line 1599 ) in same always block [Hierarchy: ':uart:u_reg@uart_reg_top:gen_racl_hit']
[D8]     W415a                                    Warning     rtl/uart_rx.sv                                                                  72      5     Signal baud_div_d is being assigned multiple times ( previous assignment at line 67 ) in same always block [Hierarchy: ':uart:uart_core@uart_core:uart_rx@uart_rx']
[D9]     W415a                                    Warning     rtl/uart_rx.sv                                                                  73      5     Signal tick_baud_d is being assigned multiple times ( previous assignment at line 67 ) in same always block [Hierarchy: ':uart:uart_core@uart_core:uart_rx@uart_rx']
[D7]     W528                                     Warning     ../ips/lowrisc/prim/0.1.0/rtl/prim_flop_2sync.sv                                35      10    Variable 'unused_sig' set but not read.[Hierarchy: ':uart:uart_core@uart_core:sync_rx@prim_flop_2sync']
[E3]     W528                                     Warning     ../ips/lowrisc/prim/0.1.0/rtl/prim_flop_2sync.sv                                35      10    Variable 'unused_sig' set but not read.[Hierarchy: ':uart:\gen_alert_tx[0].u_prim_alert_sender @prim_alert_sender:u_decode_ping@prim_diff_decode:\gen_async.i_sync_p @prim_flop_2sync']
[DA]     W528                                     Warning     ../ips/lowrisc/prim/0.1.0/rtl/prim_intr_hw.sv                                   90      10    Variable 'unused_reg2hw' set but not read.[Hierarchy: ':uart:uart_core@uart_core:intr_hw_tx_watermark@prim_intr_hw']
[94]     W528                                     Warning     ../ips/lowrisc/prim/0.1.0/rtl/prim_onehot_check.sv                              136     10    Variable 'unused_and_tree' set but not read.[Hierarchy: ':uart:u_reg@uart_reg_top:u_prim_reg_we_check@prim_reg_we_check:u_prim_onehot_check@prim_onehot_check']
[BB]     W528                                     Warning     ../ips/lowrisc/prim/0.1.0/rtl/prim_subreg_arb.sv                                39      10    Variable 'unused_q' set but not read.[Hierarchy: ':uart:u_reg@uart_reg_top:u_intr_enable_tx_watermark@prim_subreg:wr_en_data_arb@prim_subreg_arb']
[BC]     W528                                     Warning     ../ips/lowrisc/prim/0.1.0/rtl/prim_subreg_arb.sv                                39      10    Variable 'unused_q[1:0]' set but not read.[Hierarchy: ':uart:u_reg@uart_reg_top:u_ctrl_rxblvl@prim_subreg:wr_en_data_arb@prim_subreg_arb']
[BD]     W528                                     Warning     ../ips/lowrisc/prim/0.1.0/rtl/prim_subreg_arb.sv                                39      10    Variable 'unused_q[15:0]' set but not read.[Hierarchy: ':uart:u_reg@uart_reg_top:u_ctrl_nco@prim_subreg:wr_en_data_arb@prim_subreg_arb']
[BE]     W528                                     Warning     ../ips/lowrisc/prim/0.1.0/rtl/prim_subreg_arb.sv                                39      10    Variable 'unused_q[7:0]' set but not read.[Hierarchy: ':uart:u_reg@uart_reg_top:u_wdata@prim_subreg:wr_en_data_arb@prim_subreg_arb']
[BF]     W528                                     Warning     ../ips/lowrisc/prim/0.1.0/rtl/prim_subreg_arb.sv                                39      10    Variable 'unused_q' set but not read.[Hierarchy: ':uart:u_reg@uart_reg_top:u_fifo_ctrl_rxrst@prim_subreg:wr_en_data_arb@prim_subreg_arb']
[C0]     W528                                     Warning     ../ips/lowrisc/prim/0.1.0/rtl/prim_subreg_arb.sv                                39      10    Variable 'unused_q[2:0]' set but not read.[Hierarchy: ':uart:u_reg@uart_reg_top:u_fifo_ctrl_rxilvl@prim_subreg:wr_en_data_arb@prim_subreg_arb']
[C1]     W528                                     Warning     ../ips/lowrisc/prim/0.1.0/rtl/prim_subreg_arb.sv                                39      10    Variable 'unused_q[23:0]' set but not read.[Hierarchy: ':uart:u_reg@uart_reg_top:u_timeout_ctrl_val@prim_subreg:wr_en_data_arb@prim_subreg_arb']
[BA]     W528                                     Warning     ../ips/lowrisc/prim/0.1.0/rtl/prim_subreg_arb.sv                                51      10    Variable 'unused_we' set but not read.[Hierarchy: ':uart:u_reg@uart_reg_top:u_intr_state_tx_watermark@prim_subreg:wr_en_data_arb@prim_subreg_arb']
[B9]     W528                                     Warning     ../ips/lowrisc/prim/0.1.0/rtl/prim_subreg_arb.sv                                52      10    Variable 'unused_wd' set but not read.[Hierarchy: ':uart:u_reg@uart_reg_top:u_intr_state_tx_watermark@prim_subreg:wr_en_data_arb@prim_subreg_arb']
[B8]     W528                                     Warning     ../ips/lowrisc/prim/0.1.0/rtl/prim_subreg_arb.sv                                53      10    Variable 'unused_q' set but not read.[Hierarchy: ':uart:u_reg@uart_reg_top:u_intr_state_tx_watermark@prim_subreg:wr_en_data_arb@prim_subreg_arb']
[8F]     W528                                     Warning     ../ips/lowrisc/tlul/0.1.0/rtl/tlul_cmd_intg_chk.sv                              49      10    Variable 'unused_tl' set but not read.[Hierarchy: ':uart:u_reg@uart_reg_top:u_chk@tlul_cmd_intg_chk']
[8E]     W528                                     Warning     ../ips/lowrisc/tlul/0.1.0/rtl/tlul_pkg.sv                                       153     10    Variable 'unused_tlul' set but not read.[Hierarchy: ':uart:u_reg@uart_reg_top:u_chk@tlul_cmd_intg_chk']
[97]     W528                                     Warning     ../ips/lowrisc/tlul/0.1.0/rtl/tlul_pkg.sv                                       165     10    Variable 'unused_tlul' set but not read.[Hierarchy: ':uart:u_reg@uart_reg_top:u_rsp_intg_gen@tlul_rsp_intg_gen']
[99]     W528                                     Warning     ../ips/lowrisc/tlul/0.1.0/rtl/tlul_rsp_intg_gen.sv                              44      10    Variable 'unused_payload[56:0]' set but not read.[Hierarchy: ':uart:u_reg@uart_reg_top:u_rsp_intg_gen@tlul_rsp_intg_gen']
[9A]     W528                                     Warning     ../ips/lowrisc/tlul/0.1.0/rtl/tlul_rsp_intg_gen.sv                              57      10    Variable 'unused_data[31:0]' set but not read.[Hierarchy: ':uart:u_reg@uart_reg_top:u_rsp_intg_gen@tlul_rsp_intg_gen']
[98]     W528                                     Warning     ../ips/lowrisc/tlul/0.1.0/rtl/tlul_rsp_intg_gen.sv                              72      10    Variable 'unused_tl' set but not read.[Hierarchy: ':uart:u_reg@uart_reg_top:u_rsp_intg_gen@tlul_rsp_intg_gen']
[AD]     W528                                     Warning     ../ips/lowrisc/tlul/0.1.0/rtl/tlul_rsp_intg_gen.sv                              72      10    Variable 'unused_tl' set but not read.[Hierarchy: ':uart:u_reg@uart_reg_top:u_reg_if@tlul_adapter_reg:u_rsp_intg_gen@tlul_rsp_intg_gen']
[D6]     W528                                     Warning     rtl/uart_core.sv                                                                523     10    Variable 'unused_reg' set but not read.[Hierarchy: ':uart:uart_core@uart_core']
[8B]     W528                                     Warning     rtl/uart_reg_top.sv                                                             1594    10    Variable 'racl_role_vec[1:0]' set but not read.[Hierarchy: ':uart:u_reg@uart_reg_top']
[89]     W528                                     Warning     rtl/uart_reg_top.sv                                                             1899    10    Variable 'unused_wdata' set but not read.[Hierarchy: ':uart:u_reg@uart_reg_top']
[87]     W528                                     Warning     rtl/uart_reg_top.sv                                                             1900    10    Variable 'unused_be' set but not read.[Hierarchy: ':uart:u_reg@uart_reg_top']
[88]     W528                                     Warning     rtl/uart_reg_top.sv                                                             1902    10    Variable 'unused_policy_sel' set but not read.[Hierarchy: ':uart:u_reg@uart_reg_top']
[B1]     W240                                     Info        spyglass/uart/uart/lint/lint_rtl/spyglass_reports/lint/SignalUsageReport.rpt    0       10    Please refer to 'SignalUsageReport.rpt' for details of violating bits
[8A]     W528                                     Info        spyglass/uart/uart/lint/lint_rtl/spyglass_reports/lint/SignalUsageReport.rpt    0       10    Please refer to 'SignalUsageReport.rpt' for details of violating bits
+++++++++++++++++++++++++++++++++++++++++++++++++++++++++++++++++++++++++++++++++++++++
