
################################################################################
#
# This file has been generated by SpyGlass:
#     Report Name      : no_msg_reporting_rules
#     Report Created by: eda
#     Report Created on:  Tue Aug 11 04:54:26 2026
#     Working Directory: /home/eda/workspace/aixsilicon_ip_repo/ip_uart
#     SpyGlass Version : SpyGlass_vX-2025.06
#     Policy Name      : SpyGlass(SpyGlass_vX-2025.06)
#                        clock-reset(SpyGlass_vX-2025.06)
#                        erc(SpyGlass_vX-2025.06)
#                        latch(SpyGlass_vX-2025.06)
#                        lint(SpyGlass_vX-2025.06)
#                        morelint(SpyGlass_vX-2025.06)
#                        openmore(SpyGlass_vX-2025.06)
#                        power_est(SpyGlass_vX-2025.06)
#                        simulation(SpyGlass_vX-2025.06)
#                        starc(SpyGlass_vX-2025.06)
#                        starc2005(SpyGlass_vX-2025.06)
#
#     Total Number of Generated Messages :        230
#     Number of Waived Messages          :          0
#     Number of Reported Messages        :        230
#     Number of Overlimit Messages       :          0
#
#
################################################################################

NO VIOLATION RULE REPORT :
++++++++++++++++++++++++++++++++++++++++++++++++++++++++++++++++++++++++++++++++

Following rules did not produce any violation or waived off during spyglass run

++++++++++++++++++++++++++++++++++++++++++++++++++++++++++++++++++++++++++++++++


================================================================================
	INDEX                                   RULE-NAME
================================================================================
	1                                  BlockHeader
	2                                  BufClock
	3                                  CheckDelayTimescale-ML
	4                                  CombLoop
	5                                  FlopClockConstant
	6                                  LatchFeedback
	7                                  NoAssignX-ML
	8                                  NoXInCase-ML
	9                                  ParamWidthMismatch-ML
	10                                 STARC05-1.2.1.2
	11                                 STARC05-1.3.1.3
	12                                 STARC05-2.1.3.1
	13                                 STARC05-2.1.4.5
	14                                 STARC05-2.1.5.3
	15                                 STARC05-2.1.6.5
	16                                 STARC05-2.10.1.4a
	17                                 STARC05-2.10.1.4b
	18                                 STARC05-2.10.2.3
	19                                 STARC05-2.10.3.2a
	20                                 STARC05-2.2.3.3
	21                                 STARC05-2.3.1.2c
	22                                 STARC05-2.3.1.5b
	23                                 STARC05-2.3.1.6
	24                                 STARC05-2.3.3.1
	25                                 STARC05-2.3.4.1v
	26                                 STARC05-2.4.1.5
	27                                 STARC05-2.5.1.2
	28                                 STARC05-2.5.1.7
	29                                 STARC05-2.5.1.9
	30                                 UndrivenInTerm-ML
	31                                 W110
	32                                 W110a
	33                                 W116
	34                                 W122
	35                                 W123
	36                                 W156
	37                                 W19
	38                                 W215
	39                                 W216
	40                                 W218
	41                                 W224
	42                                 W263
	43                                 W287a
	44                                 W289
	45                                 W292
	46                                 W293
	47                                 W317
	48                                 W336
	49                                 W337
	50                                 W339a
	51                                 W352
	52                                 W362
	53                                 W392
	54                                 W398
	55                                 W414
	56                                 W415
	57                                 W416
	58                                 W421
	59                                 W422
	60                                 W424
	61                                 W426
	62                                 W442a
	63                                 W442b
	64                                 W442c
	65                                 W442f
	66                                 W450L
	67                                 W467
	68                                 W480
	69                                 W481a
	70                                 W481b
	71                                 W486
	72                                 W496a
	73                                 W496b
	74                                 W499
	75                                 W502
	76                                 W505
	77                                 W66
	78                                 W71
	79                                 badimplicitSM1
	80                                 badimplicitSM2
	81                                 badimplicitSM4
	82                                 bothedges
	83                                 mixedsenselist
	84                                 sim_race02
================================================================================
