################################################################################
#
# This file has been generated by SpyGlass:
#     Report Created by: eda
#     Report Created on: Tue Aug 11 04:54:26 2026
#     Working Directory: /home/eda/workspace/aixsilicon_ip_repo/ip_uart
#     Report Location  : spyglass/uart/uart/lint/lint_rtl/spyglass_reports/lint/SignalUsageReport.rpt
#     SpyGlass Version : SpyGlass_vX-2025.06
#     Policy Name      : lint(SpyGlass_vX-2025.06)
#     Comment          : SignalUsageReport : It dumps details of violating bits of a signal

#
################################################################################



Module : uart_reg_top(Hierarchy :uart:u_reg@uart_reg_top)

W528 : Following Bits of signal 'racl_role_vec' (File Name: rtl/uart_reg_top.sv Line No.: 1594) are set but not used
	[1:0]	


Module : tlul_rsp_intg_gen(Hierarchy :uart:u_reg@uart_reg_top:u_rsp_intg_gen@tlul_rsp_intg_gen)

W528 : Following Bits of signal 'unused_data' (File Name: ../ips/lowrisc/tlul/0.1.0/rtl/tlul_rsp_intg_gen.sv Line No.: 57) are set but not used
	[31:0]	

W528 : Following Bits of signal 'unused_payload' (File Name: ../ips/lowrisc/tlul/0.1.0/rtl/tlul_rsp_intg_gen.sv Line No.: 44) are set but not used
	[56:0]	


Module : tlul_err(Hierarchy :uart:u_reg@uart_reg_top:u_reg_if@tlul_adapter_reg:u_err@tlul_err)

W240 : Following Bits of signal 'tl_i.a_user.data_intg' (File Name: ../ips/lowrisc/tlul/0.1.0/rtl/tlul_err.sv Line No.: 12) are not read
	[6:0]	

W240 : Following Bits of signal 'tl_i.a_user.cmd_intg' (File Name: ../ips/lowrisc/tlul/0.1.0/rtl/tlul_err.sv Line No.: 12) are not read
	[6:0]	

W240 : Following Bits of signal 'tl_i.a_user.rsvd' (File Name: ../ips/lowrisc/tlul/0.1.0/rtl/tlul_err.sv Line No.: 12) are not read
	[4:0]	

W240 : Following Bits of signal 'tl_i.a_data' (File Name: ../ips/lowrisc/tlul/0.1.0/rtl/tlul_err.sv Line No.: 12) are not read
	[31:0]	

W240 : Following Bits of signal 'tl_i.a_source' (File Name: ../ips/lowrisc/tlul/0.1.0/rtl/tlul_err.sv Line No.: 12) are not read
	[7:0]	

W240 : Following Bits of signal 'tl_i.a_param' (File Name: ../ips/lowrisc/tlul/0.1.0/rtl/tlul_err.sv Line No.: 12) are not read
	[2:0]	


Module : prim_subreg_arb(Hierarchy :uart:u_reg@uart_reg_top:u_ctrl_rxblvl@prim_subreg:wr_en_data_arb@prim_subreg_arb)

W528 : Following Bits of signal 'unused_q' (File Name: ../ips/lowrisc/prim/0.1.0/rtl/prim_subreg_arb.sv Line No.: 39) are set but not used
	[1:0]	


Module : prim_subreg_arb(Hierarchy :uart:u_reg@uart_reg_top:u_ctrl_nco@prim_subreg:wr_en_data_arb@prim_subreg_arb)

W528 : Following Bits of signal 'unused_q' (File Name: ../ips/lowrisc/prim/0.1.0/rtl/prim_subreg_arb.sv Line No.: 39) are set but not used
	[15:0]	


Module : prim_subreg_arb(Hierarchy :uart:u_reg@uart_reg_top:u_wdata@prim_subreg:wr_en_data_arb@prim_subreg_arb)

W528 : Following Bits of signal 'unused_q' (File Name: ../ips/lowrisc/prim/0.1.0/rtl/prim_subreg_arb.sv Line No.: 39) are set but not used
	[7:0]	


Module : prim_subreg_arb(Hierarchy :uart:u_reg@uart_reg_top:u_fifo_ctrl_rxilvl@prim_subreg:wr_en_data_arb@prim_subreg_arb)

W528 : Following Bits of signal 'unused_q' (File Name: ../ips/lowrisc/prim/0.1.0/rtl/prim_subreg_arb.sv Line No.: 39) are set but not used
	[2:0]	


Module : prim_subreg_arb(Hierarchy :uart:u_reg@uart_reg_top:u_timeout_ctrl_val@prim_subreg:wr_en_data_arb@prim_subreg_arb)

W528 : Following Bits of signal 'unused_q' (File Name: ../ips/lowrisc/prim/0.1.0/rtl/prim_subreg_arb.sv Line No.: 39) are set but not used
	[23:0]	


Module : uart_core(Hierarchy :uart:uart_core@uart_core)

W240 : Following Bits of signal 'reg2hw.rdata.q' (File Name: rtl/uart_core.sv Line No.: 14) are not read
	[7:0]	

W123 (Verilog) : There are no violations of the rule for multibit variables
