 
****************************************
Report : area
Design : uart
Version: V-2023.12-SP3
Date   : Tue Aug 11 07:03:04 2026
****************************************

Information: Updating design information... (UID-85)
Warning: Design 'uart' contains 3 high-fanout nets. A fanout number of 1000 will be used for delay calculations involving these nets. (TIM-134)
Library(s) Used:

    gtech (File: /home/eda/app/synopsys/syn/V-2023.12-SP3/libraries/syn/gtech.db)

Number of ports:                         5103
Number of nets:                          9836
Number of cells:                         5326
Number of combinational cells:           3679
Number of sequential cells:              1291
Number of macros/black boxes:               0
Number of buf/inv:                        902
Number of references:                       4

Combinational area:                  0.000000
Buf/Inv area:                        0.000000
Noncombinational area:               0.000000
Macro/Black Box area:                0.000000
Net Interconnect area:      undefined  (No wire load specified)

Total cell area:                     0.000000
Total area:                 undefined

Information: This design contains unmapped logic. (RPT-7)
1
